Archive member included to satisfy reference by file (symbol)

c:/program files (x86)/atmel/studio/7.0/toolchain/avr8/avr8-gnu-toolchain/bin/../lib/gcc/avr/5.4.0/../../../../avr/lib/avr5\libm.a(addsf3.o)
                              HAL/Atmega32a lcd/Lcd-Driver.o (__subsf3)
c:/program files (x86)/atmel/studio/7.0/toolchain/avr8/avr8-gnu-toolchain/bin/../lib/gcc/avr/5.4.0/../../../../avr/lib/avr5\libm.a(addsf3x.o)
                              c:/program files (x86)/atmel/studio/7.0/toolchain/avr8/avr8-gnu-toolchain/bin/../lib/gcc/avr/5.4.0/../../../../avr/lib/avr5\libm.a(addsf3.o) (__addsf3x)
c:/program files (x86)/atmel/studio/7.0/toolchain/avr8/avr8-gnu-toolchain/bin/../lib/gcc/avr/5.4.0/../../../../avr/lib/avr5\libm.a(divsf3.o)
                              MCAL/HAL_ADC/HAL_ADC.o (__divsf3)
c:/program files (x86)/atmel/studio/7.0/toolchain/avr8/avr8-gnu-toolchain/bin/../lib/gcc/avr/5.4.0/../../../../avr/lib/avr5\libm.a(divsf3x.o)
                              c:/program files (x86)/atmel/studio/7.0/toolchain/avr8/avr8-gnu-toolchain/bin/../lib/gcc/avr/5.4.0/../../../../avr/lib/avr5\libm.a(divsf3.o) (__divsf3x)
c:/program files (x86)/atmel/studio/7.0/toolchain/avr8/avr8-gnu-toolchain/bin/../lib/gcc/avr/5.4.0/../../../../avr/lib/avr5\libm.a(fixunssfsi.o)
                              HAL/Atmega32a lcd/Lcd-Driver.o (__fixunssfsi)
c:/program files (x86)/atmel/studio/7.0/toolchain/avr8/avr8-gnu-toolchain/bin/../lib/gcc/avr/5.4.0/../../../../avr/lib/avr5\libm.a(floatsisf.o)
                              HAL/Atmega32a lcd/Lcd-Driver.o (__floatunsisf)
c:/program files (x86)/atmel/studio/7.0/toolchain/avr8/avr8-gnu-toolchain/bin/../lib/gcc/avr/5.4.0/../../../../avr/lib/avr5\libm.a(fp_inf.o)
                              c:/program files (x86)/atmel/studio/7.0/toolchain/avr8/avr8-gnu-toolchain/bin/../lib/gcc/avr/5.4.0/../../../../avr/lib/avr5\libm.a(addsf3x.o) (__fp_inf)
c:/program files (x86)/atmel/studio/7.0/toolchain/avr8/avr8-gnu-toolchain/bin/../lib/gcc/avr/5.4.0/../../../../avr/lib/avr5\libm.a(fp_nan.o)
                              c:/program files (x86)/atmel/studio/7.0/toolchain/avr8/avr8-gnu-toolchain/bin/../lib/gcc/avr/5.4.0/../../../../avr/lib/avr5\libm.a(addsf3x.o) (__fp_nan)
c:/program files (x86)/atmel/studio/7.0/toolchain/avr8/avr8-gnu-toolchain/bin/../lib/gcc/avr/5.4.0/../../../../avr/lib/avr5\libm.a(fp_pscA.o)
                              c:/program files (x86)/atmel/studio/7.0/toolchain/avr8/avr8-gnu-toolchain/bin/../lib/gcc/avr/5.4.0/../../../../avr/lib/avr5\libm.a(addsf3x.o) (__fp_pscA)
c:/program files (x86)/atmel/studio/7.0/toolchain/avr8/avr8-gnu-toolchain/bin/../lib/gcc/avr/5.4.0/../../../../avr/lib/avr5\libm.a(fp_pscB.o)
                              c:/program files (x86)/atmel/studio/7.0/toolchain/avr8/avr8-gnu-toolchain/bin/../lib/gcc/avr/5.4.0/../../../../avr/lib/avr5\libm.a(addsf3x.o) (__fp_pscB)
c:/program files (x86)/atmel/studio/7.0/toolchain/avr8/avr8-gnu-toolchain/bin/../lib/gcc/avr/5.4.0/../../../../avr/lib/avr5\libm.a(fp_round.o)
                              c:/program files (x86)/atmel/studio/7.0/toolchain/avr8/avr8-gnu-toolchain/bin/../lib/gcc/avr/5.4.0/../../../../avr/lib/avr5\libm.a(addsf3.o) (__fp_round)
c:/program files (x86)/atmel/studio/7.0/toolchain/avr8/avr8-gnu-toolchain/bin/../lib/gcc/avr/5.4.0/../../../../avr/lib/avr5\libm.a(fp_split3.o)
                              c:/program files (x86)/atmel/studio/7.0/toolchain/avr8/avr8-gnu-toolchain/bin/../lib/gcc/avr/5.4.0/../../../../avr/lib/avr5\libm.a(addsf3x.o) (__fp_split3)
c:/program files (x86)/atmel/studio/7.0/toolchain/avr8/avr8-gnu-toolchain/bin/../lib/gcc/avr/5.4.0/../../../../avr/lib/avr5\libm.a(fp_zero.o)
                              c:/program files (x86)/atmel/studio/7.0/toolchain/avr8/avr8-gnu-toolchain/bin/../lib/gcc/avr/5.4.0/../../../../avr/lib/avr5\libm.a(addsf3x.o) (__fp_zero)
c:/program files (x86)/atmel/studio/7.0/toolchain/avr8/avr8-gnu-toolchain/bin/../lib/gcc/avr/5.4.0/../../../../avr/lib/avr5\libm.a(mulsf3.o)
                              HAL/Atmega32a lcd/Lcd-Driver.o (__mulsf3)
c:/program files (x86)/atmel/studio/7.0/toolchain/avr8/avr8-gnu-toolchain/bin/../lib/gcc/avr/5.4.0/../../../../avr/lib/avr5\libm.a(mulsf3x.o)
                              c:/program files (x86)/atmel/studio/7.0/toolchain/avr8/avr8-gnu-toolchain/bin/../lib/gcc/avr/5.4.0/../../../../avr/lib/avr5\libm.a(mulsf3.o) (__mulsf3x)
c:/program files (x86)/atmel/studio/7.0/toolchain/avr8/avr8-gnu-toolchain/bin/../lib/gcc/avr/5.4.0/avr5\libgcc.a(_divmodhi4.o)
                              MCAL/Timer/TIMER_Interface.o (__divmodhi4)
c:/program files (x86)/atmel/studio/7.0/toolchain/avr8/avr8-gnu-toolchain/bin/../lib/gcc/avr/5.4.0/avr5\libgcc.a(_udivmodsi4.o)
                              MCAL/HAL_I2C/HAL_I2C.o (__udivmodsi4)
c:/program files (x86)/atmel/studio/7.0/toolchain/avr8/avr8-gnu-toolchain/bin/../lib/gcc/avr/5.4.0/avr5\libgcc.a(_exit.o)
[...]
Memory Configuration

Name             Origin             Length             Attributes
text             0x00000000         0x00008000         xr
data             0x00800060         0x00000800         rw !x
eeprom           0x00810000         0x00000400         rw !x
fuse             0x00820000         0x00000002         rw !x
lock             0x00830000         0x00000400         rw !x
signature        0x00840000         0x00000400         rw !x
user_signatures  0x00850000         0x00000400         rw !x
*default*        0x00000000         0xffffffff

Linker script and memory map

LOAD C:/Program Files (x86)/Atmel/Studio/7.0/Packs/atmel/ATmega_DFP/1.6.364/gcc/dev/atmega32a/avr5/crtatmega32a.o
LOAD APP/APP.o
LOAD APP/ATM/ATM.o
LOAD APP/SERVER/Server.o
LOAD HAL/Atmega32a KeyPad/KedPad.o
LOAD HAL/Atmega32a KeyPad/KeyPad_Pins.o
LOAD HAL/Atmega32a lcd/Lcd-Driver.o
LOAD HAL/Atmega32a lcd/LCD_Pins.o
LOAD HAL/DCMotor_Driver/Motor.o
LOAD HAL/EEPROM/EEPROM.o
LOAD HAL/LED_BUTTONS/But_LED.o
LOAD HAL/StringFlash/String_F.o
LOAD main.o
LOAD MCAL/EXTI/HAL_EXIT.o
LOAD MCAL/HAL_ADC/HAL_ADC.o
LOAD MCAL/HAL_GPIO/HAL_GPIO.o
LOAD MCAL/HAL_I2C/HAL_I2C.o
LOAD MCAL/HAL_SPI/HAL_SPI.o
LOAD MCAL/Timer/TIMER_Interface.o
LOAD MCAL/UART/HAL_Uart.o
LOAD MCAL/Utilities/Utilites.o
START GROUP
LOAD c:/program files (x86)/atmel/studio/7.0/toolchain/avr8/avr8-gnu-toolchain/bin/../lib/gcc/avr/5.4.0/../../../../avr/lib/avr5\libm.a
END GROUP
START GROUP
LOAD c:/program files (x86)/atmel/studio/7.0/toolchain/avr8/avr8-gnu-toolchain/bin/../lib/gcc/avr/5.4.0/avr5\libgcc.a
LOAD c:/program files (x86)/atmel/studio/7.0/toolchain/avr8/avr8-gnu-toolchain/bin/../lib/gcc/avr/5.4.0/../../../../avr/lib/avr5\libm.a
LOAD c:/program files (x86)/atmel/studio/7.0/toolchain/avr8/avr8-gnu-toolchain/bin/../lib/gcc/avr/5.4.0/../../../../avr/lib/avr5\libc.a
LOAD C:/Program Files (x86)/Atmel/Studio/7.0/Packs/atmel/ATmega_DFP/1.6.364/gcc/dev/atmega32a/avr5\libatmega32a.a
END GROUP
                [0x00000000]                __TEXT_REGION_ORIGIN__ = DEFINED (__TEXT_REGION_ORIGIN__)?__TEXT_REGION_ORIGIN__:0x0
                [0x00800060]                __DATA_REGION_ORIGIN__ = DEFINED (__DATA_REGION_ORIGIN__)?__DATA_REGION_ORIGIN__:0x800060
                [0x00008000]                __TEXT_REGION_LENGTH__ = DEFINED (__TEXT_REGION_LENGTH__)?__TEXT_REGION_LENGTH__:0x20000
                [0x00000800]                __DATA_REGION_LENGTH__ = DEFINED (__DATA_REGION_LENGTH__)?__DATA_REGION_LENGTH__:0xffa0
                [0x00000400]                __EEPROM_REGION_LENGTH__ = DEFINED (__EEPROM_REGION_LENGTH__)?__EEPROM_REGION_LENGTH__:0x10000
                [0x00000002]                __FUSE_REGION_LENGTH__ = DEFINED (__FUSE_REGION_LENGTH__)?__FUSE_REGION_LENGTH__:0x400
                0x00000400                __LOCK_REGION_LENGTH__ = DEFINED (__LOCK_REGION_LENGTH__)?__LOCK_REGION_LENGTH__:0x400
                0x00000400                __SIGNATURE_REGION_LENGTH__ = DEFINED (__SIGNATURE_REGION_LENGTH__)?__SIGNATURE_REGION_LENGTH__:0x400
                0x00000400                __USER_SIGNATURE_REGION_LENGTH__ = DEFINED (__USER_SIGNATURE_REGION_LENGTH__)?__USER_SIGNATURE_REGION_LENGTH__:0x400

.hash
 *(.hash)

.dynsym
 *(.dynsym)

.dynstr
 *(.dynstr)

.gnu.version
 *(.gnu.version)

.gnu.version_d
 *(.gnu.version_d)

.gnu.version_r
 *(.gnu.version_r)

.rel.init
 *(.rel.init)

.rela.init
 *(.rela.init)

.rel.text
 *(.rel.text)
 *(.rel.text.*)
 *(.rel.gnu.linkonce.t*)

.rela.text
 *(.rela.text)
 *(.rela.text.*)
 *(.rela.gnu.linkonce.t*)

.rel.fini
 *(.rel.fini)

.rela.fini
 *(.rela.fini)

.rel.rodata
 *(.rel.rodata)
 *(.rel.rodata.*)
 *(.rel.gnu.linkonce.r*)

.rela.rodata
 *(.rela.rodata)
 *(.rela.rodata.*)
 *(.rela.gnu.linkonce.r*)

.rel.data
 *(.rel.data)
 *(.rel.data.*)
 *(.rel.gnu.linkonce.d*)

.rela.data
 *(.rela.data)
 *(.rela.data.*)
 *(.rela.gnu.linkonce.d*)

.rel.ctors
 *(.rel.ctors)

.rela.ctors
 *(.rela.ctors)

.rel.dtors
 *(.rel.dtors)

.rela.dtors
 *(.rela.dtors)

.rel.got
 *(.rel.got)

.rela.got
 *(.rela.got)

.rel.bss
 *(.rel.bss)

.rela.bss
 *(.rela.bss)

.rel.plt
 *(.rel.plt)

.rela.plt
 *(.rela.plt)

.text           0x00000000     0x45b0
 *(.vectors)
 .vectors       0x00000000       0x54 C:/Program Files (x86)/Atmel/Studio/7.0/Packs/atmel/ATmega_DFP/1.6.364/gcc/dev/atmega32a/avr5/crtatmega32a.o
                0x00000000                __vector_default
                0x00000000                __vectors
 *(.vectors)
 *(.progmem.gcc*)
 .progmem.gcc_sw_table.ATM_Programming_mode
                0x00000054       0x10 APP/ATM/ATM.o
                0x00000064                . = ALIGN (0x2)
                0x00000064                __trampolines_start = .
 *(.trampolines)
 .trampolines   0x00000064        0x0 linker stubs
 *(.trampolines*)
                0x00000064                __trampolines_end = .
 *libprintf_flt.a:*(.progmem.data)
 *libc.a:*(.progmem.data)
 *(.progmem*)
 .progmem.data.__c.3109
                0x00000064        0x8 APP/APP.o
 .progmem.data.__c.3103
                0x0000006c       0x1c APP/APP.o
 .progmem.data.__c.3101
                0x00000088       0x1e APP/APP.o
 .progmem.data.__c.3096
                0x000000a6       0x13 APP/APP.o
 .progmem.data.__c.3094
                0x000000b9       0x16 APP/APP.o
 .progmem.data.__c.3091
                0x000000cf       0x1f APP/APP.o
 .progmem.data.__c.3088
                0x000000ee       0x1c APP/APP.o
 .progmem.data.__c.3343
                0x0000010a        0x7 APP/ATM/ATM.o
 .progmem.data.__c.3345
                0x00000111       0x11 APP/ATM/ATM.o
 .progmem.data.__c.3333
                0x00000122        0x5 APP/ATM/ATM.o
 .progmem.data.__c.3335
                0x00000127        0xa APP/ATM/ATM.o
 .progmem.data.__c.3326
                0x00000131        0xd APP/ATM/ATM.o
 .progmem.data.__c.3318
                0x0000013e       0x11 APP/ATM/ATM.o
 .progmem.data.__c.3309
                0x0000014f       0x15 APP/ATM/ATM.o
 .progmem.data.__c.3305
                0x00000164       0x1e APP/ATM/ATM.o
 .progmem.data.__c.3307
                0x00000182        0xa APP/ATM/ATM.o
 .progmem.data.__c.3303
                0x0000018c       0x2d APP/ATM/ATM.o
 .progmem.data.__c.3296
                0x000001b9       0x14 APP/ATM/ATM.o
 .progmem.data.__c.3294
                0x000001cd       0x13 APP/ATM/ATM.o
 .progmem.data.__c.3162
                0x000001e0       0x14 APP/ATM/ATM.o
 .progmem.data.__c.3160
                0x000001f4       0x13 APP/ATM/ATM.o
 .progmem.data.__c.3158
                0x00000207       0x16 APP/ATM/ATM.o
 .progmem.data.__c.3152
                0x0000021d       0x16 APP/ATM/ATM.o
 .progmem.data.__c.3150
                0x00000233       0x23 APP/ATM/ATM.o
 .progmem.data.__c.3148
                0x00000256       0x18 APP/ATM/ATM.o
 .progmem.data.__c.3142
                0x0000026e       0x1c APP/ATM/ATM.o
 .progmem.data.__c.3140
                0x0000028a       0x1d APP/ATM/ATM.o
 .progmem.data.__c.3138
                0x000002a7       0x24 APP/ATM/ATM.o
 .progmem.data.__c.3136
                0x000002cb       0x21 APP/ATM/ATM.o
 .progmem.data.__c.3132
                0x000002ec       0x1d APP/ATM/ATM.o
 .progmem.data.__c.3127
                0x00000309       0x1b APP/ATM/ATM.o
 .progmem.data.__c.3123
                0x00000324       0x2a APP/ATM/ATM.o
 .progmem.data.__c.3118
                0x0000034e       0x1b APP/ATM/ATM.o
 .progmem.data.__c.3116
                0x00000369       0x20 APP/ATM/ATM.o
 .progmem.data.__c.3107
                0x00000389        0x2 APP/ATM/ATM.o
 .progmem.data.__c.3105
                0x0000038b        0x3 APP/ATM/ATM.o
 .progmem.data.__c.3103
                0x0000038e       0x40 APP/ATM/ATM.o
 .progmem.data.__c.3101
                0x000003ce       0x40 APP/ATM/ATM.o
 .progmem.data.__c.3099
                0x0000040e       0x40 APP/ATM/ATM.o
 .progmem.data.__c.3097
                0x0000044e       0x40 APP/ATM/ATM.o
 .progmem.data.__c.3095
                0x0000048e       0x40 APP/ATM/ATM.o
 .progmem.data.__c.3093
                0x000004ce       0x40 APP/ATM/ATM.o
 .progmem.data.__c.3091
                0x0000050e       0x40 APP/ATM/ATM.o
 .progmem.data.__c.3089
                0x0000054e       0x40 APP/ATM/ATM.o
 .progmem.data.__c.3087
                0x0000058e       0x40 APP/ATM/ATM.o
 .progmem.data.__c.3085
                0x000005ce       0x40 APP/ATM/ATM.o
 .progmem.data.__c.3083
                0x0000060e       0x3d APP/ATM/ATM.o
 .progmem.data.__c.3081
                0x0000064b       0x40 APP/ATM/ATM.o
 .progmem.data.__c.3079
                0x0000068b       0x40 APP/ATM/ATM.o
 .progmem.data.__c.3077
                0x000006cb       0x40 APP/ATM/ATM.o
 .progmem.data.__c.3270
                0x0000070b       0x1d APP/ATM/ATM.o
 .progmem.data.__c.3267
                0x00000728        0x9 APP/ATM/ATM.o
 .progmem.data.__c.3263
                0x00000731       0x2c APP/ATM/ATM.o
 .progmem.data.__c.3261
                0x0000075d       0x15 APP/ATM/ATM.o
 .progmem.data.__c.3258
                0x00000772        0x3 APP/ATM/ATM.o
 .progmem.data.__c.3256
                0x00000775       0x36 APP/ATM/ATM.o
 .progmem.data.__c.3254
                0x000007ab        0xe APP/ATM/ATM.o
 .progmem.data.__c.3252
                0x000007b9       0x29 APP/ATM/ATM.o
 .progmem.data.__c.3250
                0x000007e2       0x36 APP/ATM/ATM.o
 .progmem.data.__c.3233
                0x00000818       0x27 APP/ATM/ATM.o
 .progmem.data.__c.3230
                0x0000083f       0x34 APP/ATM/ATM.o
 .progmem.data.__c.3228
                0x00000873       0x22 APP/ATM/ATM.o
 .progmem.data.__c.3226
                0x00000895        0x3 APP/ATM/ATM.o
 .progmem.data.__c.3224
                0x00000898       0x22 APP/ATM/ATM.o
 .progmem.data.__c.3221
                0x000008ba       0x29 APP/ATM/ATM.o
 .progmem.data.__c.3219
                0x000008e3       0x1b APP/ATM/ATM.o
 .progmem.data.__c.3216
                0x000008fe       0x11 APP/ATM/ATM.o
 .progmem.data.__c.3214
                0x0000090f       0x1f APP/ATM/ATM.o
 .progmem.data.__c.3212
                0x0000092e        0xc APP/ATM/ATM.o
 .progmem.data.__c.3210
                0x0000093a       0x23 APP/ATM/ATM.o
 .progmem.data.__c.3206
                0x0000095d       0x12 APP/ATM/ATM.o
 .progmem.data.__c.3204
                0x0000096f       0x1f APP/ATM/ATM.o
 .progmem.data.__c.3202
                0x0000098e        0xc APP/ATM/ATM.o
 .progmem.data.__c.3200
                0x0000099a       0x20 APP/ATM/ATM.o
 .progmem.data.__c.3198
                0x000009ba       0x20 APP/ATM/ATM.o
 .progmem.data.__c.3195
                0x000009da        0x3 APP/ATM/ATM.o
 .progmem.data.__c.3193
                0x000009dd       0x15 APP/ATM/ATM.o
 .progmem.data.__c.3191
                0x000009f2       0x40 APP/ATM/ATM.o
 .progmem.data.__c.3189
                0x00000a32       0x40 APP/ATM/ATM.o
 .progmem.data.__c.3187
                0x00000a72       0x40 APP/ATM/ATM.o
 .progmem.data.__c.3185
                0x00000ab2       0x40 APP/ATM/ATM.o
 .progmem.data.__c.3183
                0x00000af2       0x40 APP/ATM/ATM.o
 .progmem.data.__c.3181
                0x00000b32       0x2d APP/ATM/ATM.o
 .progmem.data.__c.3172
                0x00000b5f       0x17 APP/ATM/ATM.o
 .progmem.data.__c.3170
                0x00000b76       0x14 APP/ATM/ATM.o
 .progmem.data.__c.3168
                0x00000b8a       0x18 APP/ATM/ATM.o
 .progmem.data.LCD_StrF
                0x00000ba2      0x190 APP/ATM/ATM.o
                0x00000ba2                LCD_StrF
 .progmem.data.__c.3069
                0x00000d32       0x1a APP/SERVER/Server.o
 .progmem.data.__c.2151
                0x00000d4c       0x40 HAL/StringFlash/String_F.o
 .progmem.data.__c.2149
                0x00000d8c        0x2 HAL/StringFlash/String_F.o
 .progmem.data.__c.2147
                0x00000d8e       0x12 HAL/StringFlash/String_F.o
 .progmem.data.__c.2145
                0x00000da0       0x50 HAL/StringFlash/String_F.o
 .progmem.data.__c.2139
                0x00000df0        0x2 HAL/StringFlash/String_F.o
 .progmem.data.__c.2137
                0x00000df2       0x40 HAL/StringFlash/String_F.o
 .progmem.data.__c.2135
                0x00000e32       0x12 HAL/StringFlash/String_F.o
 .progmem.data.__c.2133
                0x00000e44       0x4f HAL/StringFlash/String_F.o
 .progmem.data.__c.2131
                0x00000e93        0x2 HAL/StringFlash/String_F.o
                0x00000e96                . = ALIGN (0x2)
 *fill*         0x00000e95        0x1 
 *(.jumptables)
 *(.jumptables*)
 *(.lowtext)
 *(.lowtext*)
                0x00000e96                __ctors_start = .
 *(.ctors)
                0x00000e96                __ctors_end = .
                0x00000e96                __dtors_start = .
 *(.dtors)
                0x00000e96                __dtors_end = .
 SORT(*)(.ctors)
 SORT(*)(.dtors)
 *(.init0)
 .init0         0x00000e96        0x0 C:/Program Files (x86)/Atmel/Studio/7.0/Packs/atmel/ATmega_DFP/1.6.364/gcc/dev/atmega32a/avr5/crtatmega32a.o
                0x00000e96                __init
 *(.init0)
 *(.init1)
 *(.init1)
 *(.init2)
 .init2         0x00000e96        0xc C:/Program Files (x86)/Atmel/Studio/7.0/Packs/atmel/ATmega_DFP/1.6.364/gcc/dev/atmega32a/avr5/crtatmega32a.o
 *(.init2)
 *(.init3)
 *(.init3)
 *(.init4)
 .init4         0x00000ea2       0x16 c:/program files (x86)/atmel/studio/7.0/toolchain/avr8/avr8-gnu-toolchain/bin/../lib/gcc/avr/5.4.0/avr5\libgcc.a(_copy_data.o)
                0x00000ea2                __do_copy_data
 .init4         0x00000eb8       0x10 c:/program files (x86)/atmel/studio/7.0/toolchain/avr8/avr8-gnu-toolchain/bin/../lib/gcc/avr/5.4.0/avr5\libgcc.a(_clear_bss.o)
                0x00000eb8                __do_clear_bss
 *(.init4)
 *(.init5)
 *(.init5)
 *(.init6)
 *(.init6)
 *(.init7)
 *(.init7)
 *(.init8)
 *(.init8)
 *(.init9)
 .init9         0x00000ec8        0x8 C:/Program Files (x86)/Atmel/Studio/7.0/Packs/atmel/ATmega_DFP/1.6.364/gcc/dev/atmega32a/avr5/crtatmega32a.o
 *(.init9)
 *(.text)
 .text          0x00000ed0        0x4 C:/Program Files (x86)/Atmel/Studio/7.0/Packs/atmel/ATmega_DFP/1.6.364/gcc/dev/atmega32a/avr5/crtatmega32a.o
                0x00000ed0                __vector_12
                0x00000ed0                __bad_interrupt
                0x00000ed0                __vector_6
                0x00000ed0                __vector_11
                0x00000ed0                __vector_13
                0x00000ed0                __vector_17
                0x00000ed0                __vector_19
                0x00000ed0                __vector_7
                0x00000ed0                __vector_5
                0x00000ed0                __vector_4
                0x00000ed0                __vector_15
                0x00000ed0                __vector_8
                0x00000ed0                __vector_14
                0x00000ed0                __vector_18
                0x00000ed0                __vector_20
                0x00000ed4                . = ALIGN (0x2)
 *(.text.*)
 .text.usart_putchar_printf
                0x00000ed4       0x46 APP/APP.o
                0x00000ed4                usart_putchar_printf
 .text.App_Get_Command
                0x00000f1a      0x118 APP/APP.o
                0x00000f1a                App_Get_Command
 .text.APP_UPdate
                0x00001032       0x9e APP/APP.o
                0x00001032                APP_UPdate
 .text.ATM_Buttons_GPIO_Init
                0x000010d0       0x4a APP/APP.o
                0x000010d0                ATM_Buttons_GPIO_Init
 .text.APP_Init
                0x0000111a       0xa0 APP/APP.o
                0x0000111a                APP_Init
 .text.__vector_9
                0x000011ba       0x14 APP/APP.o
                0x000011ba                __vector_9
 .text.ATM_Get_UserCommand
                0x000011ce       0xf2 APP/ATM/ATM.o
 .text.ReadStr_F
                0x000012c0       0x1a APP/ATM/ATM.o
                0x000012c0                ReadStr_F
 .text.ATM_Collect_CardData
                0x000012da       0x9e APP/ATM/ATM.o
 .text.ATM_Terminal_GetString
                0x00001378       0x40 APP/ATM/ATM.o
                0x00001378                ATM_Terminal_GetString
 .text.ATM_Add_CardData
                0x000013b8      0x114 APP/ATM/ATM.o
 .text.ATM_Remove_Card
                0x000014cc       0x6c APP/ATM/ATM.o
 .text.ATM_Search_Card_WithPAN
                0x00001538       0x72 APP/ATM/ATM.o
 .text.ATM_Search_Card_ByName
                0x000015aa       0x6c APP/ATM/ATM.o
                0x000015aa                ATM_Search_Card_ByName
 .text.ATM_Admin_Modifying_Data
                0x00001616      0x1f4 APP/ATM/ATM.o
                0x00001616                ATM_Admin_Modifying_Data
 .text.ATM_Programming_mode
                0x0000180a      0x164 APP/ATM/ATM.o
                0x0000180a                ATM_Programming_mode
 .text.ATM_Operation_mode
                0x0000196e      0x488 APP/ATM/ATM.o
                0x0000196e                ATM_Operation_mode
 .text.ATM_Lock_Fun
                0x00001df6       0x32 APP/ATM/ATM.o
                0x00001df6                ATM_Lock_Fun
 .text.SERVER_OPER_DataBase_Reset
                0x00001e28       0x38 APP/SERVER/Server.o
                0x00001e28                SERVER_OPER_DataBase_Reset
 .text.SERVER_OPER_Search_CARD
                0x00001e60       0xe6 APP/SERVER/Server.o
                0x00001e60                SERVER_OPER_Search_CARD
 .text.SERVER_OPER_Add_CARD
                0x00001f46       0xa8 APP/SERVER/Server.o
                0x00001f46                SERVER_OPER_Add_CARD
 .text.SERVER_OPER_Remove_CARD
                0x00001fee       0x70 APP/SERVER/Server.o
                0x00001fee                SERVER_OPER_Remove_CARD
 .text.SERVER_OPER_GetTotal_CARDNum
                0x0000205e       0x2c APP/SERVER/Server.o
                0x0000205e                SERVER_OPER_GetTotal_CARDNum
 .text.SERVER_ADMIN_Set_Pass
                0x0000208a       0x54 APP/SERVER/Server.o
                0x0000208a                SERVER_ADMIN_Set_Pass
 .text.SERVER_ADMIN_Get_Pass
                0x000020de       0x58 APP/SERVER/Server.o
                0x000020de                SERVER_ADMIN_Get_Pass
 .text.SERVER_ADMIN_Set_Temp
                0x00002136       0x40 APP/SERVER/Server.o
                0x00002136                SERVER_ADMIN_Set_Temp
 .text.SERVER_ADMIN_Get_Temp
                0x00002176       0x10 APP/SERVER/Server.o
                0x00002176                SERVER_ADMIN_Get_Temp
 .text.SERVER_ADMIN_Error
                0x00002186       0x7c APP/SERVER/Server.o
                0x00002186                SERVER_ADMIN_Error
 .text.SERVER_ADMIN_Error_Get
                0x00002202       0x5e APP/SERVER/Server.o
                0x00002202                SERVER_ADMIN_Error_Get
 .text.SERVER_ADMIN_Set_MAximum_DailyAmount
                0x00002260       0x10 APP/SERVER/Server.o
                0x00002260                SERVER_ADMIN_Set_MAximum_DailyAmount
 .text.KeyPad_Initialization
                0x00002270       0x92 HAL/Atmega32a KeyPad/KedPad.o
                0x00002270                KeyPad_Initialization
 .text.KeyPad_GetPressedKey
                0x00002302       0xcc HAL/Atmega32a KeyPad/KedPad.o
                0x00002302                KeyPad_GetPressedKey
 .text.LCD_Triger_Enable
                0x000023ce       0x3a HAL/Atmega32a lcd/Lcd-Driver.o
 .text.LCD_Send_4BitData
                0x00002408       0xb8 HAL/Atmega32a lcd/Lcd-Driver.o
 .text.LCD_Send_Character_CurrLoc
                0x000024c0       0x34 HAL/Atmega32a lcd/Lcd-Driver.o
                0x000024c0                LCD_Send_Character_CurrLoc
 .text.LCD_Send_Command
                0x000024f4       0x34 HAL/Atmega32a lcd/Lcd-Driver.o
                0x000024f4                LCD_Send_Command
 .text.LCD_Send_String_CurrLoc
                0x00002528       0x1a HAL/Atmega32a lcd/Lcd-Driver.o
                0x00002528                LCD_Send_String_CurrLoc
 .text.LCD_Goto_Location
                0x00002542       0x3a HAL/Atmega32a lcd/Lcd-Driver.o
                0x00002542                LCD_Goto_Location
 .text.LCD_Send_Character_WithLoc
                0x0000257c       0x38 HAL/Atmega32a lcd/Lcd-Driver.o
                0x0000257c                LCD_Send_Character_WithLoc
 .text.LCD_Initializaion
                0x000025b4       0x88 HAL/Atmega32a lcd/Lcd-Driver.o
                0x000025b4                LCD_Initializaion
 .text.LCD_Send_String_WithLoc
                0x0000263c       0x1e HAL/Atmega32a lcd/Lcd-Driver.o
                0x0000263c                LCD_Send_String_WithLoc
 .text.LCD_Send_Integer_CurrLoc
                0x0000265a       0x56 HAL/Atmega32a lcd/Lcd-Driver.o
                0x0000265a                LCD_Send_Integer_CurrLoc
 .text.Motor_Stop
                0x000026b0       0x4e HAL/DCMotor_Driver/Motor.o
 .text.Motor_ACW
                0x000026fe       0x4e HAL/DCMotor_Driver/Motor.o
 .text.Motor_CW
                0x0000274c       0x4e HAL/DCMotor_Driver/Motor.o
 .text.Motor_Init
                0x0000279a       0x7e HAL/DCMotor_Driver/Motor.o
                0x0000279a                Motor_Init
 .text.Motor_Dir
                0x00002818       0xde HAL/DCMotor_Driver/Motor.o
                0x00002818                Motor_Dir
 .text.EEPROM_Init
                0x000028f6        0xc HAL/EEPROM/EEPROM.o
                0x000028f6                EEPROM_Init
 .text.EEPROM_ReadByteS
                0x00002902       0xc4 HAL/EEPROM/EEPROM.o
                0x00002902                EEPROM_ReadByteS
 .text.EEPROM_WriteByteS
                0x000029c6       0xc4 HAL/EEPROM/EEPROM.o
                0x000029c6                EEPROM_WriteByteS
 .text.Button_Init
                0x00002a8a       0x60 HAL/LED_BUTTONS/But_LED.o
                0x00002a8a                Button_Init
 .text.Button_Read
                0x00002aea       0x2e HAL/LED_BUTTONS/But_LED.o
                0x00002aea                Button_Read
 .text.String_F_PrintLine
                0x00002b18       0x6a HAL/StringFlash/String_F.o
                0x00002b18                String_F_PrintLine
 .text.String_F_PrintTwoLines
                0x00002b82       0x7a HAL/StringFlash/String_F.o
                0x00002b82                String_F_PrintTwoLines
 .text.main     0x00002bfc        0xc main.o
                0x00002bfc                main
 .text.__vector_1
                0x00002c08       0x4e MCAL/EXTI/HAL_EXIT.o
                0x00002c08                __vector_1
 .text.__vector_2
                0x00002c56       0x4e MCAL/EXTI/HAL_EXIT.o
                0x00002c56                __vector_2
 .text.__vector_3
                0x00002ca4       0x4e MCAL/EXTI/HAL_EXIT.o
                0x00002ca4                __vector_3
 .text.ADC_START
                0x00002cf2        0x8 MCAL/HAL_ADC/HAL_ADC.o
 .text.ADC_Init
                0x00002cfa       0x38 MCAL/HAL_ADC/HAL_ADC.o
                0x00002cfa                ADC_Init
 .text.ADC_Get_Value_IT
                0x00002d32       0x38 MCAL/HAL_ADC/HAL_ADC.o
                0x00002d32                ADC_Get_Value_IT
 .text.__vector_16
                0x00002d6a       0xee MCAL/HAL_ADC/HAL_ADC.o
                0x00002d6a                __vector_16
 .text.HAL_GPIO_Pin_Init
                0x00002e58       0x26 MCAL/HAL_GPIO/HAL_GPIO.o
                0x00002e58                HAL_GPIO_Pin_Init
 .text.HAL_GPIO_READPIN
                0x00002e7e       0x10 MCAL/HAL_GPIO/HAL_GPIO.o
                0x00002e7e                HAL_GPIO_READPIN
 .text.HAL_GPIO_WRITEPIN
                0x00002e8e       0x1a MCAL/HAL_GPIO/HAL_GPIO.o
                0x00002e8e                HAL_GPIO_WRITEPIN
 .text.I2C_Init
                0x00002ea8       0x82 MCAL/HAL_I2C/HAL_I2C.o
                0x00002ea8                I2C_Init
 .text.HAL_I2C_Mem_Write
                0x00002f2a       0x86 MCAL/HAL_I2C/HAL_I2C.o
                0x00002f2a                HAL_I2C_Mem_Write
 .text.HAL_I2C_Mem_Read
                0x00002fb0       0xc2 MCAL/HAL_I2C/HAL_I2C.o
                0x00002fb0                HAL_I2C_Mem_Read
 .text.HAL_SPI_Init
                0x00003072       0xc4 MCAL/HAL_SPI/HAL_SPI.o
                0x00003072                HAL_SPI_Init
 .text.HAL_SPI_Recieve
                0x00003136       0x3e MCAL/HAL_SPI/HAL_SPI.o
                0x00003136                HAL_SPI_Recieve
 .text.TIM_NormalModeInit
                0x00003174       0x2e MCAL/Timer/TIMER_Interface.o
                0x00003174                TIM_NormalModeInit
 .text.TIM_PWMMode_SetDuty
                0x000031a2      0x148 MCAL/Timer/TIMER_Interface.o
                0x000031a2                TIM_PWMMode_SetDuty
 .text.TIM_Start
                0x000032ea       0x56 MCAL/Timer/TIMER_Interface.o
                0x000032ea                TIM_Start
 .text.TIM_Stop
                0x00003340       0x3a MCAL/Timer/TIMER_Interface.o
                0x00003340                TIM_Stop
 .text.TIM_PWMModeInit
                0x0000337a      0x144 MCAL/Timer/TIMER_Interface.o
                0x0000337a                TIM_PWMModeInit
 .text.TIM_CallBack_FuctionSet
                0x000034be       0x46 MCAL/Timer/TIMER_Interface.o
                0x000034be                TIM_CallBack_FuctionSet
 .text.__vector_10
                0x00003504       0x4e MCAL/Timer/TIMER_Interface.o
                0x00003504                __vector_10
 .text.HAL_UART_Init
                0x00003552       0x72 MCAL/UART/HAL_Uart.o
                0x00003552                HAL_UART_Init
 .text.HAL_UART_TRANSMIT
                0x000035c4       0x3a MCAL/UART/HAL_Uart.o
                0x000035c4                HAL_UART_TRANSMIT
 .text.HAL_UART_RECEIVE
                0x000035fe      0x11a MCAL/UART/HAL_Uart.o
                0x000035fe                HAL_UART_RECEIVE
 .text.PWM_Toggle_Timer2
                0x00003718       0x64 MCAL/Utilities/Utilites.o
 .text.PWM_Toggle_Timer1
                0x0000377c       0x66 MCAL/Utilities/Utilites.o
 .text.PWM_Toggle_Timer0
                0x000037e2       0x64 MCAL/Utilities/Utilites.o
 .text.Software_PWM_Init
                0x00003846       0xe0 MCAL/Utilities/Utilites.o
                0x00003846                Software_PWM_Init
 .text.Software_PWM_Start
                0x00003926       0x10 MCAL/Utilities/Utilites.o
                0x00003926                Software_PWM_Start
 .text.Software_PWM_UpdateDuty
                0x00003936      0x12a MCAL/Utilities/Utilites.o
                0x00003936                Software_PWM_UpdateDuty
 .text.avr-libc.fplib
                0x00003a60        0x8 c:/program files (x86)/atmel/studio/7.0/toolchain/avr8/avr8-gnu-toolchain/bin/../lib/gcc/avr/5.4.0/../../../../avr/lib/avr5\libm.a(divsf3.o)
                0x00003a60                __divsf3
 .text.avr-libc.fplib
                0x00003a68       0xdc c:/program files (x86)/atmel/studio/7.0/toolchain/avr8/avr8-gnu-toolchain/bin/../lib/gcc/avr/5.4.0/../../../../avr/lib/avr5\libm.a(divsf3x.o)
                0x00003a88                __divsf3x
                0x00003a8e                __divsf3_pse
 .text.avr-libc.fplib
                0x00003b44       0x5e c:/program files (x86)/atmel/studio/7.0/toolchain/avr8/avr8-gnu-toolchain/bin/../lib/gcc/avr/5.4.0/../../../../avr/lib/avr5\libm.a(fixunssfsi.o)
                0x00003b44                __fixunssfsi
 .text.avr-libc.fplib
                0x00003ba2       0x7a c:/program files (x86)/atmel/studio/7.0/toolchain/avr8/avr8-gnu-toolchain/bin/../lib/gcc/avr/5.4.0/../../../../avr/lib/avr5\libm.a(floatsisf.o)
                0x00003ba2                __floatunsisf
                0x00003ba6                __floatsisf
 .text.avr-libc.fplib
                0x00003c1c        0xc c:/program files (x86)/atmel/studio/7.0/toolchain/avr8/avr8-gnu-toolchain/bin/../lib/gcc/avr/5.4.0/../../../../avr/lib/avr5\libm.a(fp_inf.o)
                0x00003c1c                __fp_inf
 .text.avr-libc.fplib
                0x00003c28        0x6 c:/program files (x86)/atmel/studio/7.0/toolchain/avr8/avr8-gnu-toolchain/bin/../lib/gcc/avr/5.4.0/../../../../avr/lib/avr5\libm.a(fp_nan.o)
                0x00003c28                __fp_nan
 .text.avr-libc.fplib
                0x00003c2e        0xe c:/program files (x86)/atmel/studio/7.0/toolchain/avr8/avr8-gnu-toolchain/bin/../lib/gcc/avr/5.4.0/../../../../avr/lib/avr5\libm.a(fp_pscA.o)
                0x00003c2e                __fp_pscA
 .text.avr-libc.fplib
                0x00003c3c        0xe c:/program files (x86)/atmel/studio/7.0/toolchain/avr8/avr8-gnu-toolchain/bin/../lib/gcc/avr/5.4.0/../../../../avr/lib/avr5\libm.a(fp_pscB.o)
                0x00003c3c                __fp_pscB
 .text.avr-libc.fplib
                0x00003c4a       0x22 c:/program files (x86)/atmel/studio/7.0/toolchain/avr8/avr8-gnu-toolchain/bin/../lib/gcc/avr/5.4.0/../../../../avr/lib/avr5\libm.a(fp_round.o)
                0x00003c4a                __fp_round
 .text.avr-libc.fplib
                0x00003c6c       0x44 c:/program files (x86)/atmel/studio/7.0/toolchain/avr8/avr8-gnu-toolchain/bin/../lib/gcc/avr/5.4.0/../../../../avr/lib/avr5\libm.a(fp_split3.o)
                0x00003c6c                __fp_split3
                0x00003c7c                __fp_splitA
 .text.avr-libc.fplib
                0x00003cb0        0xe c:/program files (x86)/atmel/studio/7.0/toolchain/avr8/avr8-gnu-toolchain/bin/../lib/gcc/avr/5.4.0/../../../../avr/lib/avr5\libm.a(fp_zero.o)
                0x00003cb0                __fp_zero
                0x00003cb2                __fp_szero
 .text.avr-libc.fplib
                0x00003cbe        0x8 c:/program files (x86)/atmel/studio/7.0/toolchain/avr8/avr8-gnu-toolchain/bin/../lib/gcc/avr/5.4.0/../../../../avr/lib/avr5\libm.a(mulsf3.o)
                0x00003cbe                __mulsf3
 .text.avr-libc.fplib
                0x00003cc6       0xd2 c:/program files (x86)/atmel/studio/7.0/toolchain/avr8/avr8-gnu-toolchain/bin/../lib/gcc/avr/5.4.0/../../../../avr/lib/avr5\libm.a(mulsf3x.o)
                0x00003ce4                __mulsf3x
                0x00003cea                __mulsf3_pse
 .text.libgcc.div
                0x00003d98       0x28 c:/program files (x86)/atmel/studio/7.0/toolchain/avr8/avr8-gnu-toolchain/bin/../lib/gcc/avr/5.4.0/avr5\libgcc.a(_divmodhi4.o)
                0x00003d98                _div
                0x00003d98                __divmodhi4
 .text.libgcc.div
                0x00003dc0       0x44 c:/program files (x86)/atmel/studio/7.0/toolchain/avr8/avr8-gnu-toolchain/bin/../lib/gcc/avr/5.4.0/avr5\libgcc.a(_udivmodsi4.o)
                0x00003dc0                __udivmodsi4
 .text.libgcc   0x00003e04        0xc c:/program files (x86)/atmel/studio/7.0/toolchain/avr8/avr8-gnu-toolchain/bin/../lib/gcc/avr/5.4.0/avr5\libgcc.a(_tablejump2.o)
                0x00003e04                __tablejump2__
 .text.libgcc.mul
                0x00003e10       0x16 c:/program files (x86)/atmel/studio/7.0/toolchain/avr8/avr8-gnu-toolchain/bin/../lib/gcc/avr/5.4.0/avr5\libgcc.a(_muluhisi3.o)
                0x00003e10                __muluhisi3
 .text.libgcc.builtins
                0x00003e26       0x3c c:/program files (x86)/atmel/studio/7.0/toolchain/avr8/avr8-gnu-toolchain/bin/../lib/gcc/avr/5.4.0/avr5\libgcc.a(_ashrdi3.o)
                0x00003e26                __ashrdi3
                0x00003e2a                __lshrdi3
 .text.libgcc   0x00003e62       0x18 c:/program files (x86)/atmel/studio/7.0/toolchain/avr8/avr8-gnu-toolchain/bin/../lib/gcc/avr/5.4.0/avr5\libgcc.a(_adddi3_s8.o)
                0x00003e62                __adddi3_s8
 .text.libgcc.div
                0x00003e7a       0x28 c:/program files (x86)/atmel/studio/7.0/toolchain/avr8/avr8-gnu-toolchain/bin/../lib/gcc/avr/5.4.0/avr5\libgcc.a(_udivmodhi4.o)
                0x00003e7a                __udivmodhi4
 .text.libgcc.mul
                0x00003ea2       0x1e c:/program files (x86)/atmel/studio/7.0/toolchain/avr8/avr8-gnu-toolchain/bin/../lib/gcc/avr/5.4.0/avr5\libgcc.a(_umulhisi3.o)
                0x00003ea2                __umulhisi3
 .text.avr-libc
                0x00003ec0       0x3c c:/program files (x86)/atmel/studio/7.0/toolchain/avr8/avr8-gnu-toolchain/bin/../lib/gcc/avr/5.4.0/../../../../avr/lib/avr5\libc.a(atoi.o)
                0x00003ec0                atoi
 .text.avr-libc
                0x00003efc        0xe c:/program files (x86)/atmel/studio/7.0/toolchain/avr8/avr8-gnu-toolchain/bin/../lib/gcc/avr/5.4.0/../../../../avr/lib/avr5\libc.a(strcpy_P.o)
                0x00003efc                strcpy_P
 .text.avr-libc
                0x00003f0a        0xe c:/program files (x86)/atmel/studio/7.0/toolchain/avr8/avr8-gnu-toolchain/bin/../lib/gcc/avr/5.4.0/../../../../avr/lib/avr5\libc.a(memset.o)
                0x00003f0a                memset
 .text.avr-libc
                0x00003f18       0x12 c:/program files (x86)/atmel/studio/7.0/toolchain/avr8/avr8-gnu-toolchain/bin/../lib/gcc/avr/5.4.0/../../../../avr/lib/avr5\libc.a(strcmp.o)
                0x00003f18                strcmp
 .text.avr-libc
                0x00003f2a       0x16 c:/program files (x86)/atmel/studio/7.0/toolchain/avr8/avr8-gnu-toolchain/bin/../lib/gcc/avr/5.4.0/../../../../avr/lib/avr5\libc.a(itoa_ncheck.o)
                0x00003f2a                __itoa_ncheck
 .text.avr-libc
                0x00003f40       0x10 c:/program files (x86)/atmel/studio/7.0/toolchain/avr8/avr8-gnu-toolchain/bin/../lib/gcc/avr/5.4.0/../../../../avr/lib/avr5\libc.a(mul10.o)
                0x00003f40                __mulhi_const_10
 .text.avr-libc
                0x00003f50       0x34 c:/program files (x86)/atmel/studio/7.0/toolchain/avr8/avr8-gnu-toolchain/bin/../lib/gcc/avr/5.4.0/../../../../avr/lib/avr5\libc.a(utoa_ncheck.o)
                0x00003f50                __utoa_ncheck
                0x00003f52                __utoa_common
 .text.avr-libc
                0x00003f84       0x2c c:/program files (x86)/atmel/studio/7.0/toolchain/avr8/avr8-gnu-toolchain/bin/../lib/gcc/avr/5.4.0/../../../../avr/lib/avr5\libc.a(printf.o)
                0x00003f84                printf
 .text.avr-libc
                0x00003fb0       0x4c c:/program files (x86)/atmel/studio/7.0/toolchain/avr8/avr8-gnu-toolchain/bin/../lib/gcc/avr/5.4.0/../../../../avr/lib/avr5\libc.a(printf_p.o)
                0x00003fb0                printf_P
 .text.avr-libc
                0x00003ffc      0x3c2 c:/program files (x86)/atmel/studio/7.0/toolchain/avr8/avr8-gnu-toolchain/bin/../lib/gcc/avr/5.4.0/../../../../avr/lib/avr5\libc.a(vfprintf_std.o)
                0x00003ffc                vfprintf
 .text.avr-libc
                0x000043be       0x16 c:/program files (x86)/atmel/studio/7.0/toolchain/avr8/avr8-gnu-toolchain/bin/../lib/gcc/avr/5.4.0/../../../../avr/lib/avr5\libc.a(strnlen_P.o)
                0x000043be                strnlen_P
 .text.avr-libc
                0x000043d4       0x16 c:/program files (x86)/atmel/studio/7.0/toolchain/avr8/avr8-gnu-toolchain/bin/../lib/gcc/avr/5.4.0/../../../../avr/lib/avr5\libc.a(strnlen.o)
                0x000043d4                strnlen
 .text.avr-libc
                0x000043ea       0x20 c:/program files (x86)/atmel/studio/7.0/toolchain/avr8/avr8-gnu-toolchain/bin/../lib/gcc/avr/5.4.0/../../../../avr/lib/avr5\libc.a(strrev.o)
                0x000043ea                strrev
 .text.avr-libc
                0x0000440a       0x78 c:/program files (x86)/atmel/studio/7.0/toolchain/avr8/avr8-gnu-toolchain/bin/../lib/gcc/avr/5.4.0/../../../../avr/lib/avr5\libc.a(fputc.o)
                0x0000440a                fputc
 .text.avr-libc
                0x00004482       0xbc c:/program files (x86)/atmel/studio/7.0/toolchain/avr8/avr8-gnu-toolchain/bin/../lib/gcc/avr/5.4.0/../../../../avr/lib/avr5\libc.a(ultoa_invert.o)
                0x00004482                __ultoa_invert
 .text.libgcc.prologue
                0x0000453e       0x38 c:/program files (x86)/atmel/studio/7.0/toolchain/avr8/avr8-gnu-toolchain/bin/../lib/gcc/avr/5.4.0/avr5\libgcc.a(_prologue.o)
                0x0000453e                __prologue_saves__
 .text.libgcc.prologue
                0x00004576       0x36 c:/program files (x86)/atmel/studio/7.0/toolchain/avr8/avr8-gnu-toolchain/bin/../lib/gcc/avr/5.4.0/avr5\libgcc.a(_epilogue.o)
                0x00004576                __epilogue_restores__
                0x000045ac                . = ALIGN (0x2)
 *(.fini9)
 .fini9         0x000045ac        0x0 c:/program files (x86)/atmel/studio/7.0/toolchain/avr8/avr8-gnu-toolchain/bin/../lib/gcc/avr/5.4.0/avr5\libgcc.a(_exit.o)
                0x000045ac                _exit
                0x000045ac                exit
 *(.fini9)
 *(.fini8)
 *(.fini8)
 *(.fini7)
 *(.fini7)
 *(.fini6)
 *(.fini6)
 *(.fini5)
 *(.fini5)
 *(.fini4)
 *(.fini4)
 *(.fini3)
 *(.fini3)
 *(.fini2)
 *(.fini2)
 *(.fini1)
 *(.fini1)
 *(.fini0)
 .fini0         0x000045ac        0x4 c:/program files (x86)/atmel/studio/7.0/toolchain/avr8/avr8-gnu-toolchain/bin/../lib/gcc/avr/5.4.0/avr5\libgcc.a(_exit.o)
 *(.fini0)
                0x000045b0                _etext = .

.data           0x00800060      0x148 load address 0x000045b0
                0x00800060                PROVIDE (__data_start, .)
 *(.data)
 *(.data*)
 .data.ADC_Handler
                0x00800060        0x7 APP/APP.o
                0x00800060                ADC_Handler
 .data.Tim_1_Handler
                0x00800067        0xa APP/APP.o
                0x00800067                Tim_1_Handler
 .data.ATM_Buttons
                0x00800071        0x6 APP/APP.o
                0x00800071                ATM_Buttons
 .data.UART_Handler
                0x00800077       0x11 APP/APP.o
                0x00800077                UART_Handler
 .data.SPI_Handler
                0x00800088        0xe APP/APP.o
                0x00800088                SPI_Handler
 .data.I2C_Handler
                0x00800096        0x9 APP/APP.o
                0x00800096                I2C_Handler
 .data.mystdout
                0x0080009f        0xe APP/APP.o
 .data.MaxDailyWithDraw
                0x008000ad        0x4 APP/ATM/ATM.o
                0x008000ad                MaxDailyWithDraw
 .data.CardBalance
                0x008000b1        0x4 APP/ATM/ATM.o
                0x008000b1                CardBalance
 .data.TempBlance
                0x008000b5        0x6 APP/ATM/ATM.o
                0x008000b5                TempBlance
 .data.KeyPad   0x008000bb       0x15 HAL/Atmega32a KeyPad/KeyPad_Pins.o
                0x008000bb                KeyPad
 .data.arr_KeyPad_char
                0x008000d0        0xc HAL/Atmega32a KeyPad/KeyPad_Pins.o
                0x008000d0                arr_KeyPad_char
 .data.LcdBitSelect
                0x008000dc       0x15 HAL/Atmega32a lcd/LCD_Pins.o
                0x008000dc                LcdBitSelect
 .data.Motor_Dir.1980
                0x008000f1        0x1 HAL/DCMotor_Driver/Motor.o
 .data.Tim_PWM_Handler
                0x008000f2        0xa HAL/DCMotor_Driver/Motor.o
 *(.gnu.linkonce.d*)
 *(.rodata)
 .rodata        0x008000fc        0xa APP/SERVER/Server.o
 *(.rodata*)
 .rodata.str1.1
                0x00800106       0x2c APP/APP.o
 .rodata.str1.1
                0x00800132       0x6a APP/ATM/ATM.o
 .rodata.MOTORS
                0x0080019c        0xc HAL/DCMotor_Driver/Motor.o
 *(.gnu.linkonce.r*)
                0x008001a8                . = ALIGN (0x2)
                0x008001a8                _edata = .
                0x008001a8                PROVIDE (__data_end, .)

.bss            0x008001a8       0x98
                0x008001a8                PROVIDE (__bss_start, .)
 *(.bss)
 *(.bss*)
 .bss.Max_Temp  0x008001a8        0x2 APP/APP.o
                0x008001a8                Max_Temp
 .bss.Buffer_Ram.3068
                0x008001aa       0x14 APP/ATM/ATM.o
 .bss.ExitFlag  0x008001be        0x1 APP/ATM/ATM.o
                0x008001be                ExitFlag
 .bss.CardAdd   0x008001bf        0x2 APP/ATM/ATM.o
                0x008001bf                CardAdd
 .bss.UserTransAmount
                0x008001c1        0x4 APP/ATM/ATM.o
                0x008001c1                UserTransAmount
 .bss.CardDataExist
                0x008001c5        0x1 APP/ATM/ATM.o
                0x008001c5                CardDataExist
 .bss.KeyPad_Key
                0x008001c6        0x1 APP/ATM/ATM.o
                0x008001c6                KeyPad_Key
 .bss.TempNumCards
                0x008001c7        0x2 APP/SERVER/Server.o
                0x008001c7                TempNumCards
 .bss.TempAdd   0x008001c9        0x2 APP/SERVER/Server.o
                0x008001c9                TempAdd
 .bss.TempCardData
                0x008001cb       0x23 APP/SERVER/Server.o
                0x008001cb                TempCardData
 .bss.KeyPad_gpio
                0x008001ee        0x3 HAL/Atmega32a KeyPad/KedPad.o
 .bss.Motor_Speed.1979
                0x008001f1        0x1 HAL/DCMotor_Driver/Motor.o
 .bss.ADC_GPIO  0x008001f2        0x3 MCAL/HAL_ADC/HAL_ADC.o
 .bss.value     0x008001f5        0x4 MCAL/HAL_ADC/HAL_ADC.o
                0x008001f5                value
 .bss.COMPMatch0_Fun
                0x008001f9        0x2 MCAL/Timer/TIMER_Interface.o
 .bss.ON.2002   0x008001fb        0x1 MCAL/Utilities/Utilites.o
 .bss.ON.2010   0x008001fc        0x1 MCAL/Utilities/Utilites.o
 .bss.ON.2006   0x008001fd        0x1 MCAL/Utilities/Utilites.o
 .bss.Duty_TIM1
                0x008001fe        0x2 MCAL/Utilities/Utilites.o
 .bss.Duty_TIM2
                0x00800200        0x1 MCAL/Utilities/Utilites.o
 .bss.Duty_TIM0
                0x00800201        0x1 MCAL/Utilities/Utilites.o
 .bss.PWMTim2_PORT
                0x00800202        0x2 MCAL/Utilities/Utilites.o
 .bss.PWMTim1_PORT
                0x00800204        0x2 MCAL/Utilities/Utilites.o
 .bss.PWMTim0_PORT
                0x00800206        0x2 MCAL/Utilities/Utilites.o
 .bss.PWMTim2_PIN
                0x00800208        0x3 MCAL/Utilities/Utilites.o
 .bss.PWMTim1_PIN
                0x0080020b        0x3 MCAL/Utilities/Utilites.o
 .bss.PWMTim0_PIN
                0x0080020e        0x3 MCAL/Utilities/Utilites.o
 *(COMMON)
 COMMON         0x00800211       0x23 APP/ATM/ATM.o
                0x00800211                CardData
 COMMON         0x00800234        0x6 MCAL/EXTI/HAL_EXIT.o
                0x00800234                ptr_INT0
                0x00800236                ptr_INT2
                0x00800238                ptr_INT1
 COMMON         0x0080023a        0x6 c:/program files (x86)/atmel/studio/7.0/toolchain/avr8/avr8-gnu-toolchain/bin/../lib/gcc/avr/5.4.0/../../../../avr/lib/avr5\libc.a(iob.o)
                0x0080023a                __iob
                0x00800240                PROVIDE (__bss_end, .)
                0x000045b0                __data_load_start = LOADADDR (.data)
                0x000046f8                __data_load_end = (__data_load_start + SIZEOF (.data))

.noinit         0x00800240        0x0
                [!provide]                PROVIDE (__noinit_start, .)
 *(.noinit*)
                [!provide]                PROVIDE (__noinit_end, .)
                0x00800240                _end = .
                [!provide]                PROVIDE (__heap_start, .)

.eeprom         0x00810000        0x0
 *(.eeprom*)
                0x00810000                __eeprom_end = .

.fuse
 *(.fuse)
 *(.lfuse)
 *(.hfuse)
 *(.efuse)

.lock
 *(.lock*)

.signature
 *(.signature*)

.user_signatures
 *(.user_signatures*)

.stab
 *(.stab)

.stabstr
 *(.stabstr)

.stab.excl
 *(.stab.excl)

.stab.exclstr
 *(.stab.exclstr)

.stab.index
 *(.stab.index)

.stab.indexstr
 *(.stab.indexstr)

.comment        0x00000000       0x5c
 *(.comment)
 .comment       0x00000000       0x30 APP/APP.o
                                 0x31 (size before relaxing)
 .comment       0x00000030       0x31 APP/ATM/ATM.o
 .comment       0x00000030       0x31 APP/SERVER/Server.o
 .comment       0x00000030       0x31 HAL/Atmega32a KeyPad/KedPad.o
 .comment       0x00000030       0x31 HAL/Atmega32a KeyPad/KeyPad_Pins.o
 .comment       0x00000030       0x31 HAL/Atmega32a lcd/Lcd-Driver.o
 .comment       0x00000030       0x31 HAL/Atmega32a lcd/LCD_Pins.o
 .comment       0x00000030       0x31 HAL/DCMotor_Driver/Motor.o
 .comment       0x00000030       0x31 HAL/EEPROM/EEPROM.o
 .comment       0x00000030       0x31 HAL/LED_BUTTONS/But_LED.o
 .comment       0x00000030       0x31 HAL/StringFlash/String_F.o
 .comment       0x00000030       0x31 main.o
 .comment       0x00000030       0x31 MCAL/EXTI/HAL_EXIT.o
 .comment       0x00000030       0x31 MCAL/HAL_ADC/HAL_ADC.o
 .comment       0x00000030       0x31 MCAL/HAL_GPIO/HAL_GPIO.o
 .comment       0x00000030       0x31 MCAL/HAL_I2C/HAL_I2C.o
 .comment       0x00000030       0x31 MCAL/HAL_SPI/HAL_SPI.o
 .comment       0x00000030       0x31 MCAL/Timer/TIMER_Interface.o
 .comment       0x00000030       0x31 MCAL/UART/HAL_Uart.o
 .comment       0x00000030       0x31 MCAL/Utilities/Utilites.o
 .comment       0x00000030       0x31 c:/program files (x86)/atmel/studio/7.0/toolchain/avr8/avr8-gnu-toolchain/bin/../lib/gcc/avr/5.4.0/../../../../avr/lib/avr5\libc.a(iob.o)
 .comment       0x00000030       0x31 c:/program files (x86)/atmel/studio/7.0/toolchain/avr8/avr8-gnu-toolchain/bin/../lib/gcc/avr/5.4.0/../../../../avr/lib/avr5\libc.a(printf.o)
 .comment       0x00000030       0x31 c:/program files (x86)/atmel/studio/7.0/toolchain/avr8/avr8-gnu-toolchain/bin/../lib/gcc/avr/5.4.0/../../../../avr/lib/avr5\libc.a(printf_p.o)
 .comment       0x00000030       0x2c c:/program files (x86)/atmel/studio/7.0/toolchain/avr8/avr8-gnu-toolchain/bin/../lib/gcc/avr/5.4.0/../../../../avr/lib/avr5\libc.a(vfprintf_std.o)
                                 0x2d (size before relaxing)
 .comment       0x0000005c       0x31 c:/program files (x86)/atmel/studio/7.0/toolchain/avr8/avr8-gnu-toolchain/bin/../lib/gcc/avr/5.4.0/../../../../avr/lib/avr5\libc.a(fputc.o)

.note.gnu.avr.deviceinfo
                0x00000000       0x3c
 .note.gnu.avr.deviceinfo
                0x00000000       0x3c C:/Program Files (x86)/Atmel/Studio/7.0/Packs/atmel/ATmega_DFP/1.6.364/gcc/dev/atmega32a/avr5/crtatmega32a.o

.note.gnu.build-id
 *(.note.gnu.build-id)

.debug
 *(.debug)

.line
 *(.line)

.debug_srcinfo
 *(.debug_srcinfo)

.debug_sfnames
 *(.debug_sfnames)

.debug_aranges  0x00000000      0x608
 *(.debug_aranges)
 .debug_aranges
                0x00000000       0x48 APP/APP.o
 .debug_aranges
                0x00000048       0x78 APP/ATM/ATM.o
 .debug_aranges
                0x000000c0       0x78 APP/SERVER/Server.o
 .debug_aranges
                0x00000138       0x28 HAL/Atmega32a KeyPad/KedPad.o
 .debug_aranges
                0x00000160       0x18 HAL/Atmega32a KeyPad/KeyPad_Pins.o
 .debug_aranges
                0x00000178       0x78 HAL/Atmega32a lcd/Lcd-Driver.o
 .debug_aranges
                0x000001f0       0x18 HAL/Atmega32a lcd/LCD_Pins.o
 .debug_aranges
                0x00000208       0x40 HAL/DCMotor_Driver/Motor.o
 .debug_aranges
                0x00000248       0x40 HAL/EEPROM/EEPROM.o
 .debug_aranges
                0x00000288       0x58 HAL/LED_BUTTONS/But_LED.o
 .debug_aranges
                0x000002e0       0x28 HAL/StringFlash/String_F.o
 .debug_aranges
                0x00000308       0x20 main.o
 .debug_aranges
                0x00000328       0x60 MCAL/EXTI/HAL_EXIT.o
 .debug_aranges
                0x00000388       0x58 MCAL/HAL_ADC/HAL_ADC.o
 .debug_aranges
                0x000003e0       0x60 MCAL/HAL_GPIO/HAL_GPIO.o
 .debug_aranges
                0x00000440       0x50 MCAL/HAL_I2C/HAL_I2C.o
 .debug_aranges
                0x00000490       0x58 MCAL/HAL_SPI/HAL_SPI.o
 .debug_aranges
                0x000004e8       0x78 MCAL/Timer/TIMER_Interface.o
 .debug_aranges
                0x00000560       0x40 MCAL/UART/HAL_Uart.o
 .debug_aranges
                0x000005a0       0x68 MCAL/Utilities/Utilites.o

.debug_pubnames
 *(.debug_pubnames)

.debug_info     0x00000000     0x895a
 *(.debug_info .gnu.linkonce.wi.*)
 .debug_info    0x00000000      0x4e6 C:/Program Files (x86)/Atmel/Studio/7.0/Packs/atmel/ATmega_DFP/1.6.364/gcc/dev/atmega32a/avr5/crtatmega32a.o
 .debug_info    0x000004e6     0x10fd APP/APP.o
 .debug_info    0x000015e3     0x1e4a APP/ATM/ATM.o
 .debug_info    0x0000342d      0x955 APP/SERVER/Server.o
 .debug_info    0x00003d82      0x354 HAL/Atmega32a KeyPad/KedPad.o
 .debug_info    0x000040d6      0x175 HAL/Atmega32a KeyPad/KeyPad_Pins.o
 .debug_info    0x0000424b      0xa83 HAL/Atmega32a lcd/Lcd-Driver.o
 .debug_info    0x00004cce      0x12f HAL/Atmega32a lcd/LCD_Pins.o
 .debug_info    0x00004dfd      0x85a HAL/DCMotor_Driver/Motor.o
 .debug_info    0x00005657      0x472 HAL/EEPROM/EEPROM.o
 .debug_info    0x00005ac9      0x502 HAL/LED_BUTTONS/But_LED.o
 .debug_info    0x00005fcb      0x10c HAL/StringFlash/String_F.o
 .debug_info    0x000060d7       0xc0 main.o
 .debug_info    0x00006197      0x291 MCAL/EXTI/HAL_EXIT.o
 .debug_info    0x00006428      0x564 MCAL/HAL_ADC/HAL_ADC.o
 .debug_info    0x0000698c      0x32e MCAL/HAL_GPIO/HAL_GPIO.o
 .debug_info    0x00006cba      0x42f MCAL/HAL_I2C/HAL_I2C.o
 .debug_info    0x000070e9      0x5b6 MCAL/HAL_SPI/HAL_SPI.o
 .debug_info    0x0000769f      0x52a MCAL/Timer/TIMER_Interface.o
 .debug_info    0x00007bc9      0x383 MCAL/UART/HAL_Uart.o
 .debug_info    0x00007f4c      0xa0e MCAL/Utilities/Utilites.o

.debug_abbrev   0x00000000     0x20ae
 *(.debug_abbrev)
 .debug_abbrev  0x00000000      0x4a3 C:/Program Files (x86)/Atmel/Studio/7.0/Packs/atmel/ATmega_DFP/1.6.364/gcc/dev/atmega32a/avr5/crtatmega32a.o
 .debug_abbrev  0x000004a3      0x2a8 APP/APP.o
 .debug_abbrev  0x0000074b      0x36c APP/ATM/ATM.o
 .debug_abbrev  0x00000ab7      0x15d APP/SERVER/Server.o
 .debug_abbrev  0x00000c14      0x172 HAL/Atmega32a KeyPad/KedPad.o
 .debug_abbrev  0x00000d86       0x8d HAL/Atmega32a KeyPad/KeyPad_Pins.o
 .debug_abbrev  0x00000e13      0x316 HAL/Atmega32a lcd/Lcd-Driver.o
 .debug_abbrev  0x00001129       0x8d HAL/Atmega32a lcd/LCD_Pins.o
 .debug_abbrev  0x000011b6      0x16a HAL/DCMotor_Driver/Motor.o
 .debug_abbrev  0x00001320      0x121 HAL/EEPROM/EEPROM.o
 .debug_abbrev  0x00001441      0x143 HAL/LED_BUTTONS/But_LED.o
 .debug_abbrev  0x00001584       0xa9 HAL/StringFlash/String_F.o
 .debug_abbrev  0x0000162d       0x6b main.o
 .debug_abbrev  0x00001698       0xe1 MCAL/EXTI/HAL_EXIT.o
 .debug_abbrev  0x00001779      0x1ae MCAL/HAL_ADC/HAL_ADC.o
 .debug_abbrev  0x00001927      0x103 MCAL/HAL_GPIO/HAL_GPIO.o
 .debug_abbrev  0x00001a2a      0x115 MCAL/HAL_I2C/HAL_I2C.o
 .debug_abbrev  0x00001b3f      0x11f MCAL/HAL_SPI/HAL_SPI.o
 .debug_abbrev  0x00001c5e      0x14f MCAL/Timer/TIMER_Interface.o
 .debug_abbrev  0x00001dad      0x10a MCAL/UART/HAL_Uart.o
 .debug_abbrev  0x00001eb7      0x1f7 MCAL/Utilities/Utilites.o

.debug_line     0x00000000     0x6fa0
 *(.debug_line .debug_line.* .debug_line_end)
 .debug_line    0x00000000      0x116 C:/Program Files (x86)/Atmel/Studio/7.0/Packs/atmel/ATmega_DFP/1.6.364/gcc/dev/atmega32a/avr5/crtatmega32a.o
 .debug_line    0x00000116      0x769 APP/APP.o
 .debug_line    0x0000087f      0xd5e APP/ATM/ATM.o
 .debug_line    0x000015dd      0x7fb APP/SERVER/Server.o
 .debug_line    0x00001dd8      0x396 HAL/Atmega32a KeyPad/KedPad.o
 .debug_line    0x0000216e      0x27a HAL/Atmega32a KeyPad/KeyPad_Pins.o
 .debug_line    0x000023e8      0x628 HAL/Atmega32a lcd/Lcd-Driver.o
 .debug_line    0x00002a10      0x326 HAL/Atmega32a lcd/LCD_Pins.o
 .debug_line    0x00002d36      0x4a1 HAL/DCMotor_Driver/Motor.o
 .debug_line    0x000031d7      0x3bc HAL/EEPROM/EEPROM.o
 .debug_line    0x00003593      0x4cb HAL/LED_BUTTONS/But_LED.o
 .debug_line    0x00003a5e      0x314 HAL/StringFlash/String_F.o
 .debug_line    0x00003d72      0x571 main.o
 .debug_line    0x000042e3      0x38d MCAL/EXTI/HAL_EXIT.o
 .debug_line    0x00004670      0x6ff MCAL/HAL_ADC/HAL_ADC.o
 .debug_line    0x00004d6f      0x387 MCAL/HAL_GPIO/HAL_GPIO.o
 .debug_line    0x000050f6      0x5c6 MCAL/HAL_I2C/HAL_I2C.o
 .debug_line    0x000056bc      0x553 MCAL/HAL_SPI/HAL_SPI.o
 .debug_line    0x00005c0f      0x781 MCAL/Timer/TIMER_Interface.o
 .debug_line    0x00006390      0x4fb MCAL/UART/HAL_Uart.o
 .debug_line    0x0000688b      0x715 MCAL/Utilities/Utilites.o

.debug_frame    0x00000000     0x123c
 *(.debug_frame)
 .debug_frame   0x00000000       0xcc APP/APP.o
 .debug_frame   0x000000cc      0x1dc APP/ATM/ATM.o
 .debug_frame   0x000002a8      0x1d4 APP/SERVER/Server.o
 .debug_frame   0x0000047c       0x78 HAL/Atmega32a KeyPad/KedPad.o
 .debug_frame   0x000004f4      0x1f0 HAL/Atmega32a lcd/Lcd-Driver.o
 .debug_frame   0x000006e4       0xe8 HAL/DCMotor_Driver/Motor.o
 .debug_frame   0x000007cc       0xec HAL/EEPROM/EEPROM.o
 .debug_frame   0x000008b8      0x120 HAL/LED_BUTTONS/But_LED.o
 .debug_frame   0x000009d8       0xa4 HAL/StringFlash/String_F.o
 .debug_frame   0x00000a7c       0x24 main.o
 .debug_frame   0x00000aa0      0x17c MCAL/EXTI/HAL_EXIT.o
 .debug_frame   0x00000c1c       0xf4 MCAL/HAL_ADC/HAL_ADC.o
 .debug_frame   0x00000d10       0xa4 MCAL/HAL_GPIO/HAL_GPIO.o
 .debug_frame   0x00000db4       0xdc MCAL/HAL_I2C/HAL_I2C.o
 .debug_frame   0x00000e90       0xc8 MCAL/HAL_SPI/HAL_SPI.o
 .debug_frame   0x00000f58      0x144 MCAL/Timer/TIMER_Interface.o
 .debug_frame   0x0000109c       0x70 MCAL/UART/HAL_Uart.o
 .debug_frame   0x0000110c      0x130 MCAL/Utilities/Utilites.o

.debug_str      0x00000000     0xbec4
 *(.debug_str)
 .debug_str     0x00000000      0x196 C:/Program Files (x86)/Atmel/Studio/7.0/Packs/atmel/ATmega_DFP/1.6.364/gcc/dev/atmega32a/avr5/crtatmega32a.o
 .debug_str     0x00000196     0xa465 APP/APP.o
                               0xa619 (size before relaxing)
 .debug_str     0x0000a5fb      0x5c9 APP/ATM/ATM.o
                               0xa4fa (size before relaxing)
 .debug_str     0x0000abc4       0xdf APP/SERVER/Server.o
                               0x9efc (size before relaxing)
 .debug_str     0x0000aca3       0x5e HAL/Atmega32a KeyPad/KedPad.o
                               0x6254 (size before relaxing)
 .debug_str     0x0000ad01       0x26 HAL/Atmega32a KeyPad/KeyPad_Pins.o
                               0x6111 (size before relaxing)
 .debug_str     0x0000ad27      0x1a0 HAL/Atmega32a lcd/Lcd-Driver.o
                               0x6f48 (size before relaxing)
 .debug_str     0x0000aec7       0x20 HAL/Atmega32a lcd/LCD_Pins.o
                               0x6c6f (size before relaxing)
 .debug_str     0x0000aee7      0x21a HAL/DCMotor_Driver/Motor.o
                               0x707c (size before relaxing)
 .debug_str     0x0000b101       0xd6 HAL/EEPROM/EEPROM.o
                               0x62c2 (size before relaxing)
 .debug_str     0x0000b1d7      0x138 HAL/LED_BUTTONS/But_LED.o
                               0x665a (size before relaxing)
 .debug_str     0x0000b30f       0x57 HAL/StringFlash/String_F.o
                               0x75d1 (size before relaxing)
 .debug_str     0x0000b366       0x11 main.o
                               0x9c10 (size before relaxing)
 .debug_str     0x0000b377       0xca MCAL/EXTI/HAL_EXIT.o
                               0x5fbf (size before relaxing)
 .debug_str     0x0000b441      0x1c5 MCAL/HAL_ADC/HAL_ADC.o
                               0xa05d (size before relaxing)
 .debug_str     0x0000b606       0xf4 MCAL/HAL_GPIO/HAL_GPIO.o
                               0x61de (size before relaxing)
 .debug_str     0x0000b6fa      0x14e MCAL/HAL_I2C/HAL_I2C.o
                               0x626d (size before relaxing)
 .debug_str     0x0000b848       0xe0 MCAL/HAL_SPI/HAL_SPI.o
                               0x6c48 (size before relaxing)
 .debug_str     0x0000b928      0x283 MCAL/Timer/TIMER_Interface.o
                               0x6a52 (size before relaxing)
 .debug_str     0x0000bbab       0x77 MCAL/UART/HAL_Uart.o
                               0x613e (size before relaxing)
 .debug_str     0x0000bc22      0x2a2 MCAL/Utilities/Utilites.o
                               0x7238 (size before relaxing)

.debug_loc      0x00000000     0x4da7
 *(.debug_loc)
 .debug_loc     0x00000000      0x26a APP/APP.o
 .debug_loc     0x0000026a      0xa02 APP/ATM/ATM.o
 .debug_loc     0x00000c6c      0x67b APP/SERVER/Server.o
 .debug_loc     0x000012e7      0x1d9 HAL/Atmega32a KeyPad/KedPad.o
 .debug_loc     0x000014c0      0xa6d HAL/Atmega32a lcd/Lcd-Driver.o
 .debug_loc     0x00001f2d      0x34d HAL/DCMotor_Driver/Motor.o
 .debug_loc     0x0000227a      0x5b8 HAL/EEPROM/EEPROM.o
 .debug_loc     0x00002832      0x61b HAL/LED_BUTTONS/But_LED.o
 .debug_loc     0x00002e4d      0x1ca HAL/StringFlash/String_F.o
 .debug_loc     0x00003017      0x2d9 MCAL/EXTI/HAL_EXIT.o
 .debug_loc     0x000032f0      0x247 MCAL/HAL_ADC/HAL_ADC.o
 .debug_loc     0x00003537      0x16b MCAL/HAL_GPIO/HAL_GPIO.o
 .debug_loc     0x000036a2      0x394 MCAL/HAL_I2C/HAL_I2C.o
 .debug_loc     0x00003a36      0x3b6 MCAL/HAL_SPI/HAL_SPI.o
 .debug_loc     0x00003dec      0x5e1 MCAL/Timer/TIMER_Interface.o
 .debug_loc     0x000043cd      0x3d6 MCAL/UART/HAL_Uart.o
 .debug_loc     0x000047a3      0x604 MCAL/Utilities/Utilites.o

.debug_macinfo
 *(.debug_macinfo)

.debug_weaknames
 *(.debug_weaknames)

.debug_funcnames
 *(.debug_funcnames)

.debug_typenames
 *(.debug_typenames)

.debug_varnames
 *(.debug_varnames)

.debug_pubtypes
 *(.debug_pubtypes)

.debug_ranges   0x00000000      0x538
 *(.debug_ranges)
 .debug_ranges  0x00000000       0x38 APP/APP.o
 .debug_ranges  0x00000038       0x68 APP/ATM/ATM.o
 .debug_ranges  0x000000a0       0x88 APP/SERVER/Server.o
 .debug_ranges  0x00000128       0x18 HAL/Atmega32a KeyPad/KedPad.o
 .debug_ranges  0x00000140       0x68 HAL/Atmega32a lcd/Lcd-Driver.o
 .debug_ranges  0x000001a8       0x48 HAL/DCMotor_Driver/Motor.o
 .debug_ranges  0x000001f0       0x30 HAL/EEPROM/EEPROM.o
 .debug_ranges  0x00000220       0x78 HAL/LED_BUTTONS/But_LED.o
 .debug_ranges  0x00000298       0x18 HAL/StringFlash/String_F.o
 .debug_ranges  0x000002b0       0x10 main.o
 .debug_ranges  0x000002c0       0x50 MCAL/EXTI/HAL_EXIT.o
 .debug_ranges  0x00000310       0x48 MCAL/HAL_ADC/HAL_ADC.o
 .debug_ranges  0x00000358       0x50 MCAL/HAL_GPIO/HAL_GPIO.o
 .debug_ranges  0x000003a8       0x40 MCAL/HAL_I2C/HAL_I2C.o
 .debug_ranges  0x000003e8       0x48 MCAL/HAL_SPI/HAL_SPI.o
 .debug_ranges  0x00000430       0x68 MCAL/Timer/TIMER_Interface.o
 .debug_ranges  0x00000498       0x30 MCAL/UART/HAL_Uart.o
 .debug_ranges  0x000004c8       0x70 MCAL/Utilities/Utilites.o

.debug_macro    0x00000000     0x504a
 *(.debug_macro)
 .debug_macro   0x00000000      0x251 APP/APP.o
 .debug_macro   0x00000251      0xa4e APP/APP.o
 .debug_macro   0x00000c9f       0x10 APP/APP.o
 .debug_macro   0x00000caf      0x1c9 APP/APP.o
 .debug_macro   0x00000e78      0x2fc APP/APP.o
 .debug_macro   0x00001174       0x9e APP/APP.o
 .debug_macro   0x00001212      0xc55 APP/APP.o
 .debug_macro   0x00001e67      0x171 APP/APP.o
 .debug_macro   0x00001fd8       0xbd APP/APP.o
 .debug_macro   0x00002095       0x34 APP/APP.o
 .debug_macro   0x000020c9       0x18 APP/APP.o
 .debug_macro   0x000020e1       0x6c APP/APP.o
 .debug_macro   0x0000214d       0x5e APP/APP.o
 .debug_macro   0x000021ab       0x3b APP/APP.o
 .debug_macro   0x000021e6       0x88 APP/APP.o
 .debug_macro   0x0000226e       0x69 APP/APP.o
 .debug_macro   0x000022d7       0x94 APP/APP.o
 .debug_macro   0x0000236b       0x22 APP/APP.o
 .debug_macro   0x0000238d       0x16 APP/APP.o
 .debug_macro   0x000023a3       0x97 APP/APP.o
 .debug_macro   0x0000243a       0x16 APP/APP.o
 .debug_macro   0x00002450       0xd0 APP/APP.o
 .debug_macro   0x00002520       0x10 APP/APP.o
 .debug_macro   0x00002530       0x1c APP/APP.o
 .debug_macro   0x0000254c       0x97 APP/APP.o
 .debug_macro   0x000025e3       0x5a APP/APP.o
 .debug_macro   0x0000263d       0x58 APP/APP.o
 .debug_macro   0x00002695       0x86 APP/APP.o
 .debug_macro   0x0000271b       0x10 APP/APP.o
 .debug_macro   0x0000272b       0x10 APP/APP.o
 .debug_macro   0x0000273b      0x160 APP/APP.o
 .debug_macro   0x0000289b       0x2e APP/APP.o
 .debug_macro   0x000028c9       0x3a APP/APP.o
 .debug_macro   0x00002903       0x58 APP/APP.o
 .debug_macro   0x0000295b       0x10 APP/APP.o
 .debug_macro   0x0000296b       0x35 APP/APP.o
 .debug_macro   0x000029a0       0xf2 APP/APP.o
 .debug_macro   0x00002a92       0x16 APP/APP.o
 .debug_macro   0x00002aa8      0x143 APP/APP.o
 .debug_macro   0x00002beb       0x22 APP/APP.o
 .debug_macro   0x00002c0d       0x10 APP/APP.o
 .debug_macro   0x00002c1d       0x10 APP/APP.o
 .debug_macro   0x00002c2d       0xe2 APP/APP.o
 .debug_macro   0x00002d0f       0x1c APP/APP.o
 .debug_macro   0x00002d2b       0x10 APP/APP.o
 .debug_macro   0x00002d3b       0x40 APP/APP.o
 .debug_macro   0x00002d7b       0xac APP/APP.o
 .debug_macro   0x00002e27       0x16 APP/APP.o
 .debug_macro   0x00002e3d       0x22 APP/APP.o
 .debug_macro   0x00002e5f      0x2b2 APP/ATM/ATM.o
 .debug_macro   0x00003111      0x10e APP/ATM/ATM.o
 .debug_macro   0x0000321f       0x66 APP/ATM/ATM.o
 .debug_macro   0x00003285       0x20 APP/ATM/ATM.o
 .debug_macro   0x000032a5      0x302 APP/ATM/ATM.o
 .debug_macro   0x000035a7       0x12 APP/ATM/ATM.o
 .debug_macro   0x000035b9      0x24c APP/SERVER/Server.o
 .debug_macro   0x00003805       0x63 APP/SERVER/Server.o
 .debug_macro   0x00003868       0x88 APP/SERVER/Server.o
 .debug_macro   0x000038f0       0x89 APP/SERVER/Server.o
 .debug_macro   0x00003979       0xee APP/SERVER/Server.o
 .debug_macro   0x00003a67       0xc3 HAL/Atmega32a KeyPad/KedPad.o
 .debug_macro   0x00003b2a       0xb1 HAL/Atmega32a KeyPad/KeyPad_Pins.o
 .debug_macro   0x00003bdb       0x16 HAL/Atmega32a KeyPad/KeyPad_Pins.o
 .debug_macro   0x00003bf1      0x109 HAL/Atmega32a lcd/Lcd-Driver.o
 .debug_macro   0x00003cfa       0x10 HAL/Atmega32a lcd/Lcd-Driver.o
 .debug_macro   0x00003d0a       0xaa HAL/Atmega32a lcd/Lcd-Driver.o
 .debug_macro   0x00003db4       0x3a HAL/Atmega32a lcd/Lcd-Driver.o
 .debug_macro   0x00003dee      0x109 HAL/Atmega32a lcd/LCD_Pins.o
 .debug_macro   0x00003ef7      0x110 HAL/DCMotor_Driver/Motor.o
 .debug_macro   0x00004007       0x10 HAL/DCMotor_Driver/Motor.o
 .debug_macro   0x00004017       0xa6 HAL/DCMotor_Driver/Motor.o
 .debug_macro   0x000040bd       0xbd HAL/EEPROM/EEPROM.o
 .debug_macro   0x0000417a       0xce HAL/LED_BUTTONS/But_LED.o
 .debug_macro   0x00004248       0x58 HAL/LED_BUTTONS/But_LED.o
 .debug_macro   0x000042a0       0x10 HAL/LED_BUTTONS/But_LED.o
 .debug_macro   0x000042b0       0xe0 HAL/StringFlash/String_F.o
 .debug_macro   0x00004390      0x23f main.o
 .debug_macro   0x000045cf       0xa0 MCAL/EXTI/HAL_EXIT.o
 .debug_macro   0x0000466f      0x233 MCAL/HAL_ADC/HAL_ADC.o
 .debug_macro   0x000048a2      0x16d MCAL/HAL_ADC/HAL_ADC.o
 .debug_macro   0x00004a0f       0x64 MCAL/HAL_ADC/HAL_ADC.o
 .debug_macro   0x00004a73       0xd6 MCAL/HAL_ADC/HAL_ADC.o
 .debug_macro   0x00004b49       0xa8 MCAL/HAL_GPIO/HAL_GPIO.o
 .debug_macro   0x00004bf1       0xab MCAL/HAL_I2C/HAL_I2C.o
 .debug_macro   0x00004c9c       0xe0 MCAL/HAL_SPI/HAL_SPI.o
 .debug_macro   0x00004d7c       0xcb MCAL/Timer/TIMER_Interface.o
 .debug_macro   0x00004e47       0xa6 MCAL/UART/HAL_Uart.o
 .debug_macro   0x00004eed       0x10 MCAL/UART/HAL_Uart.o
 .debug_macro   0x00004efd       0x58 MCAL/UART/HAL_Uart.o
 .debug_macro   0x00004f55       0xf5 MCAL/Utilities/Utilites.o
OUTPUT(PaymentSystem.elf elf32-avr)
LOAD linker stubs
