Archive member included to satisfy reference by file (symbol)

c:/program files (x86)/atmel/studio/7.0/toolchain/avr8/avr8-gnu-toolchain/bin/../lib/gcc/avr/5.4.0/../../../../avr/lib/avr5\libm.a(addsf3.o)
                              HAL/Atmega32a lcd/Lcd-Driver.o (__subsf3)
c:/program files (x86)/atmel/studio/7.0/toolchain/avr8/avr8-gnu-toolchain/bin/../lib/gcc/avr/5.4.0/../../../../avr/lib/avr5\libm.a(addsf3x.o)
                              c:/program files (x86)/atmel/studio/7.0/toolchain/avr8/avr8-gnu-toolchain/bin/../lib/gcc/avr/5.4.0/../../../../avr/lib/avr5\libm.a(addsf3.o) (__addsf3x)
c:/program files (x86)/atmel/studio/7.0/toolchain/avr8/avr8-gnu-toolchain/bin/../lib/gcc/avr/5.4.0/../../../../avr/lib/avr5\libm.a(divsf3.o)
                              MCAL/HAL_ADC/HAL_ADC.o (__divsf3)
c:/program files (x86)/atmel/studio/7.0/toolchain/avr8/avr8-gnu-toolchain/bin/../lib/gcc/avr/5.4.0/../../../../avr/lib/avr5\libm.a(divsf3x.o)
                              c:/program files (x86)/atmel/studio/7.0/toolchain/avr8/avr8-gnu-toolchain/bin/../lib/gcc/avr/5.4.0/../../../../avr/lib/avr5\libm.a(divsf3.o) (__divsf3x)
c:/program files (x86)/atmel/studio/7.0/toolchain/avr8/avr8-gnu-toolchain/bin/../lib/gcc/avr/5.4.0/../../../../avr/lib/avr5\libm.a(fixunssfsi.o)
                              HAL/Atmega32a lcd/Lcd-Driver.o (__fixunssfsi)
c:/program files (x86)/atmel/studio/7.0/toolchain/avr8/avr8-gnu-toolchain/bin/../lib/gcc/avr/5.4.0/../../../../avr/lib/avr5\libm.a(floatsisf.o)
                              HAL/Atmega32a lcd/Lcd-Driver.o (__floatunsisf)
c:/program files (x86)/atmel/studio/7.0/toolchain/avr8/avr8-gnu-toolchain/bin/../lib/gcc/avr/5.4.0/../../../../avr/lib/avr5\libm.a(fp_inf.o)
                              c:/program files (x86)/atmel/studio/7.0/toolchain/avr8/avr8-gnu-toolchain/bin/../lib/gcc/avr/5.4.0/../../../../avr/lib/avr5\libm.a(addsf3x.o) (__fp_inf)
c:/program files (x86)/atmel/studio/7.0/toolchain/avr8/avr8-gnu-toolchain/bin/../lib/gcc/avr/5.4.0/../../../../avr/lib/avr5\libm.a(fp_nan.o)
                              c:/program files (x86)/atmel/studio/7.0/toolchain/avr8/avr8-gnu-toolchain/bin/../lib/gcc/avr/5.4.0/../../../../avr/lib/avr5\libm.a(addsf3x.o) (__fp_nan)
c:/program files (x86)/atmel/studio/7.0/toolchain/avr8/avr8-gnu-toolchain/bin/../lib/gcc/avr/5.4.0/../../../../avr/lib/avr5\libm.a(fp_pscA.o)
                              c:/program files (x86)/atmel/studio/7.0/toolchain/avr8/avr8-gnu-toolchain/bin/../lib/gcc/avr/5.4.0/../../../../avr/lib/avr5\libm.a(addsf3x.o) (__fp_pscA)
c:/program files (x86)/atmel/studio/7.0/toolchain/avr8/avr8-gnu-toolchain/bin/../lib/gcc/avr/5.4.0/../../../../avr/lib/avr5\libm.a(fp_pscB.o)
                              c:/program files (x86)/atmel/studio/7.0/toolchain/avr8/avr8-gnu-toolchain/bin/../lib/gcc/avr/5.4.0/../../../../avr/lib/avr5\libm.a(addsf3x.o) (__fp_pscB)
c:/program files (x86)/atmel/studio/7.0/toolchain/avr8/avr8-gnu-toolchain/bin/../lib/gcc/avr/5.4.0/../../../../avr/lib/avr5\libm.a(fp_round.o)
                              c:/program files (x86)/atmel/studio/7.0/toolchain/avr8/avr8-gnu-toolchain/bin/../lib/gcc/avr/5.4.0/../../../../avr/lib/avr5\libm.a(addsf3.o) (__fp_round)
c:/program files (x86)/atmel/studio/7.0/toolchain/avr8/avr8-gnu-toolchain/bin/../lib/gcc/avr/5.4.0/../../../../avr/lib/avr5\libm.a(fp_split3.o)
                              c:/program files (x86)/atmel/studio/7.0/toolchain/avr8/avr8-gnu-toolchain/bin/../lib/gcc/avr/5.4.0/../../../../avr/lib/avr5\libm.a(addsf3x.o) (__fp_split3)
c:/program files (x86)/atmel/studio/7.0/toolchain/avr8/avr8-gnu-toolchain/bin/../lib/gcc/avr/5.4.0/../../../../avr/lib/avr5\libm.a(fp_zero.o)
                              c:/program files (x86)/atmel/studio/7.0/toolchain/avr8/avr8-gnu-toolchain/bin/../lib/gcc/avr/5.4.0/../../../../avr/lib/avr5\libm.a(addsf3x.o) (__fp_zero)
c:/program files (x86)/atmel/studio/7.0/toolchain/avr8/avr8-gnu-toolchain/bin/../lib/gcc/avr/5.4.0/../../../../avr/lib/avr5\libm.a(mulsf3.o)
                              HAL/Atmega32a lcd/Lcd-Driver.o (__mulsf3)
c:/program files (x86)/atmel/studio/7.0/toolchain/avr8/avr8-gnu-toolchain/bin/../lib/gcc/avr/5.4.0/../../../../avr/lib/avr5\libm.a(mulsf3x.o)
                              c:/program files (x86)/atmel/studio/7.0/toolchain/avr8/avr8-gnu-toolchain/bin/../lib/gcc/avr/5.4.0/../../../../avr/lib/avr5\libm.a(mulsf3.o) (__mulsf3x)
c:/program files (x86)/atmel/studio/7.0/toolchain/avr8/avr8-gnu-toolchain/bin/../lib/gcc/avr/5.4.0/avr5\libgcc.a(_divmodhi4.o)
                              MCAL/Timer/TIMER_Interface.o (__divmodhi4)
c:/program files (x86)/atmel/studio/7.0/toolchain/avr8/avr8-gnu-toolchain/bin/../lib/gcc/avr/5.4.0/avr5\libgcc.a(_udivmodsi4.o)
                              MCAL/HAL_I2C/HAL_I2C.o (__udivmodsi4)
c:/program files (x86)/atmel/studio/7.0/toolchain/avr8/avr8-gnu-toolchain/bin/../lib/gcc/avr/5.4.0/avr5\libgcc.a(_exit.o)
[...]
Memory Configuration

Name             Origin             Length             Attributes
text             0x00000000         0x00008000         xr
data             0x00800060         0x00000800         rw !x
eeprom           0x00810000         0x00000400         rw !x
fuse             0x00820000         0x00000002         rw !x
lock             0x00830000         0x00000400         rw !x
signature        0x00840000         0x00000400         rw !x
user_signatures  0x00850000         0x00000400         rw !x
*default*        0x00000000         0xffffffff

Linker script and memory map

LOAD C:/Program Files (x86)/Atmel/Studio/7.0/Packs/atmel/ATmega_DFP/1.6.364/gcc/dev/atmega32a/avr5/crtatmega32a.o
LOAD APP/APP.o
LOAD APP/ATM/ATM.o
LOAD APP/SERVER/Server.o
LOAD HAL/Atmega32a KeyPad/KedPad.o
LOAD HAL/Atmega32a KeyPad/KeyPad_Pins.o
LOAD HAL/Atmega32a lcd/Lcd-Driver.o
LOAD HAL/Atmega32a lcd/LCD_Pins.o
LOAD HAL/DCMotor_Driver/Motor.o
LOAD HAL/EEPROM/EEPROM.o
LOAD HAL/LED_BUTTONS/But_LED.o
LOAD HAL/StringFlash/String_F.o
LOAD main.o
LOAD MCAL/EXTI/HAL_EXIT.o
LOAD MCAL/HAL_ADC/HAL_ADC.o
LOAD MCAL/HAL_GPIO/HAL_GPIO.o
LOAD MCAL/HAL_I2C/HAL_I2C.o
LOAD MCAL/HAL_SPI/HAL_SPI.o
LOAD MCAL/Timer/TIMER_Interface.o
LOAD MCAL/UART/HAL_Uart.o
LOAD MCAL/Utilities/Utilites.o
START GROUP
LOAD c:/program files (x86)/atmel/studio/7.0/toolchain/avr8/avr8-gnu-toolchain/bin/../lib/gcc/avr/5.4.0/../../../../avr/lib/avr5\libm.a
END GROUP
START GROUP
LOAD c:/program files (x86)/atmel/studio/7.0/toolchain/avr8/avr8-gnu-toolchain/bin/../lib/gcc/avr/5.4.0/avr5\libgcc.a
LOAD c:/program files (x86)/atmel/studio/7.0/toolchain/avr8/avr8-gnu-toolchain/bin/../lib/gcc/avr/5.4.0/../../../../avr/lib/avr5\libm.a
LOAD c:/program files (x86)/atmel/studio/7.0/toolchain/avr8/avr8-gnu-toolchain/bin/../lib/gcc/avr/5.4.0/../../../../avr/lib/avr5\libc.a
LOAD C:/Program Files (x86)/Atmel/Studio/7.0/Packs/atmel/ATmega_DFP/1.6.364/gcc/dev/atmega32a/avr5\libatmega32a.a
END GROUP
                [0x00000000]                __TEXT_REGION_ORIGIN__ = DEFINED (__TEXT_REGION_ORIGIN__)?__TEXT_REGION_ORIGIN__:0x0
                [0x00800060]                __DATA_REGION_ORIGIN__ = DEFINED (__DATA_REGION_ORIGIN__)?__DATA_REGION_ORIGIN__:0x800060
                [0x00008000]                __TEXT_REGION_LENGTH__ = DEFINED (__TEXT_REGION_LENGTH__)?__TEXT_REGION_LENGTH__:0x20000
                [0x00000800]                __DATA_REGION_LENGTH__ = DEFINED (__DATA_REGION_LENGTH__)?__DATA_REGION_LENGTH__:0xffa0
                [0x00000400]                __EEPROM_REGION_LENGTH__ = DEFINED (__EEPROM_REGION_LENGTH__)?__EEPROM_REGION_LENGTH__:0x10000
                [0x00000002]                __FUSE_REGION_LENGTH__ = DEFINED (__FUSE_REGION_LENGTH__)?__FUSE_REGION_LENGTH__:0x400
                0x00000400                __LOCK_REGION_LENGTH__ = DEFINED (__LOCK_REGION_LENGTH__)?__LOCK_REGION_LENGTH__:0x400
                0x00000400                __SIGNATURE_REGION_LENGTH__ = DEFINED (__SIGNATURE_REGION_LENGTH__)?__SIGNATURE_REGION_LENGTH__:0x400
                0x00000400                __USER_SIGNATURE_REGION_LENGTH__ = DEFINED (__USER_SIGNATURE_REGION_LENGTH__)?__USER_SIGNATURE_REGION_LENGTH__:0x400

.hash
 *(.hash)

.dynsym
 *(.dynsym)

.dynstr
 *(.dynstr)

.gnu.version
 *(.gnu.version)

.gnu.version_d
 *(.gnu.version_d)

.gnu.version_r
 *(.gnu.version_r)

.rel.init
 *(.rel.init)

.rela.init
 *(.rela.init)

.rel.text
 *(.rel.text)
 *(.rel.text.*)
 *(.rel.gnu.linkonce.t*)

.rela.text
 *(.rela.text)
 *(.rela.text.*)
 *(.rela.gnu.linkonce.t*)

.rel.fini
 *(.rel.fini)

.rela.fini
 *(.rela.fini)

.rel.rodata
 *(.rel.rodata)
 *(.rel.rodata.*)
 *(.rel.gnu.linkonce.r*)

.rela.rodata
 *(.rela.rodata)
 *(.rela.rodata.*)
 *(.rela.gnu.linkonce.r*)

.rel.data
 *(.rel.data)
 *(.rel.data.*)
 *(.rel.gnu.linkonce.d*)

.rela.data
 *(.rela.data)
 *(.rela.data.*)
 *(.rela.gnu.linkonce.d*)

.rel.ctors
 *(.rel.ctors)

.rela.ctors
 *(.rela.ctors)

.rel.dtors
 *(.rel.dtors)

.rela.dtors
 *(.rela.dtors)

.rel.got
 *(.rel.got)

.rela.got
 *(.rela.got)

.rel.bss
 *(.rel.bss)

.rela.bss
 *(.rela.bss)

.rel.plt
 *(.rel.plt)

.rela.plt
 *(.rela.plt)

.text           0x00000000     0x47d4
 *(.vectors)
 .vectors       0x00000000       0x54 C:/Program Files (x86)/Atmel/Studio/7.0/Packs/atmel/ATmega_DFP/1.6.364/gcc/dev/atmega32a/avr5/crtatmega32a.o
                0x00000000                __vector_default
                0x00000000                __vectors
 *(.vectors)
 *(.progmem.gcc*)
 .progmem.gcc_sw_table.ATM_Programming_mode
                0x00000054       0x10 APP/ATM/ATM.o
                0x00000064                . = ALIGN (0x2)
                0x00000064                __trampolines_start = .
 *(.trampolines)
 .trampolines   0x00000064        0x0 linker stubs
 *(.trampolines*)
                0x00000064                __trampolines_end = .
 *libprintf_flt.a:*(.progmem.data)
 *libc.a:*(.progmem.data)
 *(.progmem*)
 .progmem.data.__c.3118
                0x00000064        0x8 APP/APP.o
 .progmem.data.__c.3112
                0x0000006c       0x1c APP/APP.o
 .progmem.data.__c.3110
                0x00000088       0x1e APP/APP.o
 .progmem.data.__c.3105
                0x000000a6       0x13 APP/APP.o
 .progmem.data.__c.3103
                0x000000b9       0x16 APP/APP.o
 .progmem.data.__c.3347
                0x000000cf        0x7 APP/ATM/ATM.o
 .progmem.data.__c.3349
                0x000000d6       0x11 APP/ATM/ATM.o
 .progmem.data.__c.3337
                0x000000e7        0x5 APP/ATM/ATM.o
 .progmem.data.__c.3339
                0x000000ec        0xa APP/ATM/ATM.o
 .progmem.data.__c.3330
                0x000000f6        0xd APP/ATM/ATM.o
 .progmem.data.__c.3322
                0x00000103       0x11 APP/ATM/ATM.o
 .progmem.data.__c.3313
                0x00000114        0x2 APP/ATM/ATM.o
 .progmem.data.__c.3311
                0x00000116       0x15 APP/ATM/ATM.o
 .progmem.data.__c.3309
                0x0000012b       0x5d APP/ATM/ATM.o
 .progmem.data.__c.3307
                0x00000188       0x5d APP/ATM/ATM.o
 .progmem.data.__c.3305
                0x000001e5       0x2d APP/ATM/ATM.o
 .progmem.data.__c.3298
                0x00000212       0x14 APP/ATM/ATM.o
 .progmem.data.__c.3296
                0x00000226       0x13 APP/ATM/ATM.o
 .progmem.data.__c.3164
                0x00000239       0x14 APP/ATM/ATM.o
 .progmem.data.__c.3162
                0x0000024d       0x13 APP/ATM/ATM.o
 .progmem.data.__c.3160
                0x00000260       0x16 APP/ATM/ATM.o
 .progmem.data.__c.3154
                0x00000276       0x16 APP/ATM/ATM.o
 .progmem.data.__c.3152
                0x0000028c       0x23 APP/ATM/ATM.o
 .progmem.data.__c.3150
                0x000002af       0x18 APP/ATM/ATM.o
 .progmem.data.__c.3144
                0x000002c7       0x1c APP/ATM/ATM.o
 .progmem.data.__c.3142
                0x000002e3       0x1d APP/ATM/ATM.o
 .progmem.data.__c.3140
                0x00000300       0x24 APP/ATM/ATM.o
 .progmem.data.__c.3138
                0x00000324       0x21 APP/ATM/ATM.o
 .progmem.data.__c.3136
                0x00000345       0x1a APP/ATM/ATM.o
 .progmem.data.__c.3134
                0x0000035f       0x1b APP/ATM/ATM.o
 .progmem.data.__c.3132
                0x0000037a       0x20 APP/ATM/ATM.o
 .progmem.data.__c.3125
                0x0000039a        0x2 APP/ATM/ATM.o
 .progmem.data.__c.3123
                0x0000039c        0x3 APP/ATM/ATM.o
 .progmem.data.__c.3121
                0x0000039f       0x5d APP/ATM/ATM.o
 .progmem.data.__c.3119
                0x000003fc       0x5d APP/ATM/ATM.o
 .progmem.data.__c.3117
                0x00000459       0x5d APP/ATM/ATM.o
 .progmem.data.__c.3115
                0x000004b6       0x5d APP/ATM/ATM.o
 .progmem.data.__c.3113
                0x00000513       0x5d APP/ATM/ATM.o
 .progmem.data.__c.3111
                0x00000570       0x5d APP/ATM/ATM.o
 .progmem.data.__c.3109
                0x000005cd       0x5d APP/ATM/ATM.o
 .progmem.data.__c.3107
                0x0000062a       0x5d APP/ATM/ATM.o
 .progmem.data.__c.3105
                0x00000687       0x5d APP/ATM/ATM.o
 .progmem.data.__c.3103
                0x000006e4       0x5d APP/ATM/ATM.o
 .progmem.data.__c.3101
                0x00000741       0x5d APP/ATM/ATM.o
 .progmem.data.__c.3099
                0x0000079e       0x5d APP/ATM/ATM.o
 .progmem.data.__c.3097
                0x000007fb       0x5d APP/ATM/ATM.o
 .progmem.data.__c.3095
                0x00000858       0x5d APP/ATM/ATM.o
 .progmem.data.__c.3272
                0x000008b5       0x1d APP/ATM/ATM.o
 .progmem.data.__c.3269
                0x000008d2        0x9 APP/ATM/ATM.o
 .progmem.data.__c.3265
                0x000008db       0x2c APP/ATM/ATM.o
 .progmem.data.__c.3263
                0x00000907       0x15 APP/ATM/ATM.o
 .progmem.data.__c.3260
                0x0000091c        0x3 APP/ATM/ATM.o
 .progmem.data.__c.3258
                0x0000091f       0x36 APP/ATM/ATM.o
 .progmem.data.__c.3256
                0x00000955        0xe APP/ATM/ATM.o
 .progmem.data.__c.3254
                0x00000963       0x29 APP/ATM/ATM.o
 .progmem.data.__c.3252
                0x0000098c       0x36 APP/ATM/ATM.o
 .progmem.data.__c.3235
                0x000009c2       0x27 APP/ATM/ATM.o
 .progmem.data.__c.3232
                0x000009e9       0x34 APP/ATM/ATM.o
 .progmem.data.__c.3230
                0x00000a1d       0x22 APP/ATM/ATM.o
 .progmem.data.__c.3228
                0x00000a3f        0x3 APP/ATM/ATM.o
 .progmem.data.__c.3226
                0x00000a42       0x22 APP/ATM/ATM.o
 .progmem.data.__c.3223
                0x00000a64       0x29 APP/ATM/ATM.o
 .progmem.data.__c.3221
                0x00000a8d       0x1b APP/ATM/ATM.o
 .progmem.data.__c.3218
                0x00000aa8       0x11 APP/ATM/ATM.o
 .progmem.data.__c.3216
                0x00000ab9       0x1f APP/ATM/ATM.o
 .progmem.data.__c.3214
                0x00000ad8        0xc APP/ATM/ATM.o
 .progmem.data.__c.3212
                0x00000ae4       0x23 APP/ATM/ATM.o
 .progmem.data.__c.3208
                0x00000b07       0x12 APP/ATM/ATM.o
 .progmem.data.__c.3206
                0x00000b19       0x1f APP/ATM/ATM.o
 .progmem.data.__c.3204
                0x00000b38        0xc APP/ATM/ATM.o
 .progmem.data.__c.3202
                0x00000b44       0x20 APP/ATM/ATM.o
 .progmem.data.__c.3200
                0x00000b64       0x20 APP/ATM/ATM.o
 .progmem.data.__c.3197
                0x00000b84        0x3 APP/ATM/ATM.o
 .progmem.data.__c.3195
                0x00000b87       0x15 APP/ATM/ATM.o
 .progmem.data.__c.3193
                0x00000b9c       0x5d APP/ATM/ATM.o
 .progmem.data.__c.3191
                0x00000bf9       0x5d APP/ATM/ATM.o
 .progmem.data.__c.3189
                0x00000c56       0x5d APP/ATM/ATM.o
 .progmem.data.__c.3187
                0x00000cb3       0x5d APP/ATM/ATM.o
 .progmem.data.__c.3185
                0x00000d10       0x5d APP/ATM/ATM.o
 .progmem.data.__c.3183
                0x00000d6d       0x2d APP/ATM/ATM.o
 .progmem.data.__c.3174
                0x00000d9a       0x17 APP/ATM/ATM.o
 .progmem.data.__c.3172
                0x00000db1       0x14 APP/ATM/ATM.o
 .progmem.data.__c.3170
                0x00000dc5       0x18 APP/ATM/ATM.o
 .progmem.data.LCD_StrF
                0x00000ddd      0x190 APP/ATM/ATM.o
                0x00000ddd                LCD_StrF
 .progmem.data.__c.3084
                0x00000f6d       0x1a APP/SERVER/Server.o
 .progmem.data.__c.2151
                0x00000f87       0x5d HAL/StringFlash/String_F.o
 .progmem.data.__c.2149
                0x00000fe4        0x2 HAL/StringFlash/String_F.o
 .progmem.data.__c.2147
                0x00000fe6       0x12 HAL/StringFlash/String_F.o
 .progmem.data.__c.2145
                0x00000ff8       0x6d HAL/StringFlash/String_F.o
 .progmem.data.__c.2139
                0x00001065        0x2 HAL/StringFlash/String_F.o
 .progmem.data.__c.2137
                0x00001067       0x5d HAL/StringFlash/String_F.o
 .progmem.data.__c.2135
                0x000010c4       0x12 HAL/StringFlash/String_F.o
 .progmem.data.__c.2133
                0x000010d6       0x6d HAL/StringFlash/String_F.o
 .progmem.data.__c.2131
                0x00001143        0x2 HAL/StringFlash/String_F.o
                0x00001146                . = ALIGN (0x2)
 *fill*         0x00001145        0x1 
 *(.jumptables)
 *(.jumptables*)
 *(.lowtext)
 *(.lowtext*)
                0x00001146                __ctors_start = .
 *(.ctors)
                0x00001146                __ctors_end = .
                0x00001146                __dtors_start = .
 *(.dtors)
                0x00001146                __dtors_end = .
 SORT(*)(.ctors)
 SORT(*)(.dtors)
 *(.init0)
 .init0         0x00001146        0x0 C:/Program Files (x86)/Atmel/Studio/7.0/Packs/atmel/ATmega_DFP/1.6.364/gcc/dev/atmega32a/avr5/crtatmega32a.o
                0x00001146                __init
 *(.init0)
 *(.init1)
 *(.init1)
 *(.init2)
 .init2         0x00001146        0xc C:/Program Files (x86)/Atmel/Studio/7.0/Packs/atmel/ATmega_DFP/1.6.364/gcc/dev/atmega32a/avr5/crtatmega32a.o
 *(.init2)
 *(.init3)
 *(.init3)
 *(.init4)
 .init4         0x00001152       0x16 c:/program files (x86)/atmel/studio/7.0/toolchain/avr8/avr8-gnu-toolchain/bin/../lib/gcc/avr/5.4.0/avr5\libgcc.a(_copy_data.o)
                0x00001152                __do_copy_data
 .init4         0x00001168       0x10 c:/program files (x86)/atmel/studio/7.0/toolchain/avr8/avr8-gnu-toolchain/bin/../lib/gcc/avr/5.4.0/avr5\libgcc.a(_clear_bss.o)
                0x00001168                __do_clear_bss
 *(.init4)
 *(.init5)
 *(.init5)
 *(.init6)
 *(.init6)
 *(.init7)
 *(.init7)
 *(.init8)
 *(.init8)
 *(.init9)
 .init9         0x00001178        0x8 C:/Program Files (x86)/Atmel/Studio/7.0/Packs/atmel/ATmega_DFP/1.6.364/gcc/dev/atmega32a/avr5/crtatmega32a.o
 *(.init9)
 *(.text)
 .text          0x00001180        0x4 C:/Program Files (x86)/Atmel/Studio/7.0/Packs/atmel/ATmega_DFP/1.6.364/gcc/dev/atmega32a/avr5/crtatmega32a.o
                0x00001180                __vector_12
                0x00001180                __bad_interrupt
                0x00001180                __vector_6
                0x00001180                __vector_11
                0x00001180                __vector_13
                0x00001180                __vector_17
                0x00001180                __vector_19
                0x00001180                __vector_7
                0x00001180                __vector_5
                0x00001180                __vector_4
                0x00001180                __vector_15
                0x00001180                __vector_8
                0x00001180                __vector_14
                0x00001180                __vector_18
                0x00001180                __vector_20
                0x00001184                . = ALIGN (0x2)
 *(.text.*)
 .text.Tim_1_CallBAck
                0x00001184        0x2 APP/APP.o
                0x00001184                Tim_1_CallBAck
 .text.usart_putchar_printf
                0x00001186       0x46 APP/APP.o
                0x00001186                usart_putchar_printf
 .text.App_Get_Command
                0x000011cc       0xe4 APP/APP.o
                0x000011cc                App_Get_Command
 .text.APP_UPdate
                0x000012b0       0x9e APP/APP.o
                0x000012b0                APP_UPdate
 .text.ATM_Buttons_GPIO_Init
                0x0000134e       0x4a APP/APP.o
                0x0000134e                ATM_Buttons_GPIO_Init
 .text.APP_Init
                0x00001398       0x96 APP/APP.o
                0x00001398                APP_Init
 .text.__vector_9
                0x0000142e       0x14 APP/APP.o
                0x0000142e                __vector_9
 .text.ATM_Get_UserCommand
                0x00001442       0xf2 APP/ATM/ATM.o
 .text.ATM_Collect_CardData
                0x00001534       0x84 APP/ATM/ATM.o
 .text.Print_F  0x000015b8       0x1a APP/ATM/ATM.o
                0x000015b8                Print_F
 .text.ATM_Terminal_GetString
                0x000015d2       0x40 APP/ATM/ATM.o
                0x000015d2                ATM_Terminal_GetString
 .text.ATM_Add_CardData
                0x00001612       0xae APP/ATM/ATM.o
 .text.ATM_Remove_Card
                0x000016c0       0x6c APP/ATM/ATM.o
 .text.ATM_Search_Card_WithPAN
                0x0000172c       0x72 APP/ATM/ATM.o
 .text.ATM_Search_Card_ByName
                0x0000179e       0x6c APP/ATM/ATM.o
                0x0000179e                ATM_Search_Card_ByName
 .text.ATM_Admin_Modifying_Data
                0x0000180a      0x1f4 APP/ATM/ATM.o
                0x0000180a                ATM_Admin_Modifying_Data
 .text.ATM_Programming_mode
                0x000019fe      0x164 APP/ATM/ATM.o
                0x000019fe                ATM_Programming_mode
 .text.ATM_Operation_mode
                0x00001b62      0x4aa APP/ATM/ATM.o
                0x00001b62                ATM_Operation_mode
 .text.ATM_Lock_Fun
                0x0000200c       0x32 APP/ATM/ATM.o
                0x0000200c                ATM_Lock_Fun
 .text.SERVER_OPER_DataBase_Reset
                0x0000203e       0x38 APP/SERVER/Server.o
                0x0000203e                SERVER_OPER_DataBase_Reset
 .text.SERVER_OPER_Search_CARD
                0x00002076       0xe6 APP/SERVER/Server.o
                0x00002076                SERVER_OPER_Search_CARD
 .text.SERVER_OPER_Add_CARD
                0x0000215c       0xa8 APP/SERVER/Server.o
                0x0000215c                SERVER_OPER_Add_CARD
 .text.SERVER_OPER_Remove_CARD
                0x00002204       0x70 APP/SERVER/Server.o
                0x00002204                SERVER_OPER_Remove_CARD
 .text.SERVER_OPER_GetTotal_CARDNum
                0x00002274       0x2c APP/SERVER/Server.o
                0x00002274                SERVER_OPER_GetTotal_CARDNum
 .text.SERVER_ADMIN_Set_Pass
                0x000022a0       0x54 APP/SERVER/Server.o
                0x000022a0                SERVER_ADMIN_Set_Pass
 .text.SERVER_ADMIN_Get_Pass
                0x000022f4       0x58 APP/SERVER/Server.o
                0x000022f4                SERVER_ADMIN_Get_Pass
 .text.SERVER_ADMIN_Set_Temp
                0x0000234c       0x40 APP/SERVER/Server.o
                0x0000234c                SERVER_ADMIN_Set_Temp
 .text.SERVER_ADMIN_Get_Temp
                0x0000238c       0x10 APP/SERVER/Server.o
                0x0000238c                SERVER_ADMIN_Get_Temp
 .text.SERVER_ADMIN_Error
                0x0000239c       0x7c APP/SERVER/Server.o
                0x0000239c                SERVER_ADMIN_Error
 .text.SERVER_ADMIN_Error_Get
                0x00002418       0x5e APP/SERVER/Server.o
                0x00002418                SERVER_ADMIN_Error_Get
 .text.SERVER_ADMIN_Set_MAximum_DailyAmount
                0x00002476       0x10 APP/SERVER/Server.o
                0x00002476                SERVER_ADMIN_Set_MAximum_DailyAmount
 .text.KeyPad_Initialization
                0x00002486       0x92 HAL/Atmega32a KeyPad/KedPad.o
                0x00002486                KeyPad_Initialization
 .text.KeyPad_GetPressedKey
                0x00002518       0xcc HAL/Atmega32a KeyPad/KedPad.o
                0x00002518                KeyPad_GetPressedKey
 .text.LCD_Triger_Enable
                0x000025e4       0x3a HAL/Atmega32a lcd/Lcd-Driver.o
 .text.LCD_Send_4BitData
                0x0000261e       0xb8 HAL/Atmega32a lcd/Lcd-Driver.o
 .text.LCD_Send_Character_CurrLoc
                0x000026d6       0x34 HAL/Atmega32a lcd/Lcd-Driver.o
                0x000026d6                LCD_Send_Character_CurrLoc
 .text.LCD_Send_Command
                0x0000270a       0x34 HAL/Atmega32a lcd/Lcd-Driver.o
                0x0000270a                LCD_Send_Command
 .text.LCD_Send_String_CurrLoc
                0x0000273e       0x1a HAL/Atmega32a lcd/Lcd-Driver.o
                0x0000273e                LCD_Send_String_CurrLoc
 .text.LCD_Goto_Location
                0x00002758       0x3a HAL/Atmega32a lcd/Lcd-Driver.o
                0x00002758                LCD_Goto_Location
 .text.LCD_Send_Character_WithLoc
                0x00002792       0x38 HAL/Atmega32a lcd/Lcd-Driver.o
                0x00002792                LCD_Send_Character_WithLoc
 .text.LCD_Initializaion
                0x000027ca       0x88 HAL/Atmega32a lcd/Lcd-Driver.o
                0x000027ca                LCD_Initializaion
 .text.LCD_Send_String_WithLoc
                0x00002852       0x1e HAL/Atmega32a lcd/Lcd-Driver.o
                0x00002852                LCD_Send_String_WithLoc
 .text.LCD_Send_Integer_CurrLoc
                0x00002870       0x58 HAL/Atmega32a lcd/Lcd-Driver.o
                0x00002870                LCD_Send_Integer_CurrLoc
 .text.Motor_Stop
                0x000028c8       0x4e HAL/DCMotor_Driver/Motor.o
 .text.Motor_ACW
                0x00002916       0x4e HAL/DCMotor_Driver/Motor.o
 .text.Motor_CW
                0x00002964       0x4e HAL/DCMotor_Driver/Motor.o
 .text.Motor_Init
                0x000029b2       0x6e HAL/DCMotor_Driver/Motor.o
                0x000029b2                Motor_Init
 .text.Motor_Start
                0x00002a20       0x12 HAL/DCMotor_Driver/Motor.o
                0x00002a20                Motor_Start
 .text.Motor_Dir
                0x00002a32       0xde HAL/DCMotor_Driver/Motor.o
                0x00002a32                Motor_Dir
 .text.EEPROM_Init
                0x00002b10        0xc HAL/EEPROM/EEPROM.o
                0x00002b10                EEPROM_Init
 .text.EEPROM_ReadByteS
                0x00002b1c       0xc4 HAL/EEPROM/EEPROM.o
                0x00002b1c                EEPROM_ReadByteS
 .text.EEPROM_WriteByteS
                0x00002be0       0xc4 HAL/EEPROM/EEPROM.o
                0x00002be0                EEPROM_WriteByteS
 .text.Button_Init
                0x00002ca4       0x60 HAL/LED_BUTTONS/But_LED.o
                0x00002ca4                Button_Init
 .text.Button_Read
                0x00002d04       0x2e HAL/LED_BUTTONS/But_LED.o
                0x00002d04                Button_Read
 .text.String_F_PrintLine
                0x00002d32       0x6a HAL/StringFlash/String_F.o
                0x00002d32                String_F_PrintLine
 .text.String_F_PrintTwoLines
                0x00002d9c       0x7a HAL/StringFlash/String_F.o
                0x00002d9c                String_F_PrintTwoLines
 .text.main     0x00002e16       0x10 main.o
                0x00002e16                main
 .text.__vector_1
                0x00002e26       0x4e MCAL/EXTI/HAL_EXIT.o
                0x00002e26                __vector_1
 .text.__vector_2
                0x00002e74       0x4e MCAL/EXTI/HAL_EXIT.o
                0x00002e74                __vector_2
 .text.__vector_3
                0x00002ec2       0x4e MCAL/EXTI/HAL_EXIT.o
                0x00002ec2                __vector_3
 .text.ADC_START
                0x00002f10        0x8 MCAL/HAL_ADC/HAL_ADC.o
 .text.ADC_Init
                0x00002f18       0x38 MCAL/HAL_ADC/HAL_ADC.o
                0x00002f18                ADC_Init
 .text.ADC_Get_Value_IT
                0x00002f50       0x36 MCAL/HAL_ADC/HAL_ADC.o
                0x00002f50                ADC_Get_Value_IT
 .text.__vector_16
                0x00002f86       0xee MCAL/HAL_ADC/HAL_ADC.o
                0x00002f86                __vector_16
 .text.HAL_GPIO_Pin_Init
                0x00003074       0x26 MCAL/HAL_GPIO/HAL_GPIO.o
                0x00003074                HAL_GPIO_Pin_Init
 .text.HAL_GPIO_READPIN
                0x0000309a       0x10 MCAL/HAL_GPIO/HAL_GPIO.o
                0x0000309a                HAL_GPIO_READPIN
 .text.HAL_GPIO_WRITEPIN
                0x000030aa       0x1a MCAL/HAL_GPIO/HAL_GPIO.o
                0x000030aa                HAL_GPIO_WRITEPIN
 .text.I2C_Init
                0x000030c4       0x82 MCAL/HAL_I2C/HAL_I2C.o
                0x000030c4                I2C_Init
 .text.HAL_I2C_Mem_Write
                0x00003146       0x86 MCAL/HAL_I2C/HAL_I2C.o
                0x00003146                HAL_I2C_Mem_Write
 .text.HAL_I2C_Mem_Read
                0x000031cc       0xc2 MCAL/HAL_I2C/HAL_I2C.o
                0x000031cc                HAL_I2C_Mem_Read
 .text.HAL_SPI_Init
                0x0000328e       0xc4 MCAL/HAL_SPI/HAL_SPI.o
                0x0000328e                HAL_SPI_Init
 .text.HAL_SPI_Recieve
                0x00003352       0x3e MCAL/HAL_SPI/HAL_SPI.o
                0x00003352                HAL_SPI_Recieve
 .text.TIM_NormalModeInit
                0x00003390       0x2e MCAL/Timer/TIMER_Interface.o
                0x00003390                TIM_NormalModeInit
 .text.TIM_PWMMode_SetDuty
                0x000033be      0x148 MCAL/Timer/TIMER_Interface.o
                0x000033be                TIM_PWMMode_SetDuty
 .text.TIM_Start
                0x00003506       0x56 MCAL/Timer/TIMER_Interface.o
                0x00003506                TIM_Start
 .text.TIM_Stop
                0x0000355c       0x3a MCAL/Timer/TIMER_Interface.o
                0x0000355c                TIM_Stop
 .text.TIM_PWMModeInit
                0x00003596      0x144 MCAL/Timer/TIMER_Interface.o
                0x00003596                TIM_PWMModeInit
 .text.TIM_CallBack_FuctionSet
                0x000036da       0x46 MCAL/Timer/TIMER_Interface.o
                0x000036da                TIM_CallBack_FuctionSet
 .text.__vector_10
                0x00003720       0x4e MCAL/Timer/TIMER_Interface.o
                0x00003720                __vector_10
 .text.HAL_UART_Init
                0x0000376e       0x72 MCAL/UART/HAL_Uart.o
                0x0000376e                HAL_UART_Init
 .text.HAL_UART_TRANSMIT
                0x000037e0       0x3a MCAL/UART/HAL_Uart.o
                0x000037e0                HAL_UART_TRANSMIT
 .text.HAL_UART_RECEIVE
                0x0000381a      0x10c MCAL/UART/HAL_Uart.o
                0x0000381a                HAL_UART_RECEIVE
 .text.PWM_Toggle_Timer2
                0x00003926       0x64 MCAL/Utilities/Utilites.o
 .text.PWM_Toggle_Timer1
                0x0000398a       0x66 MCAL/Utilities/Utilites.o
 .text.PWM_Toggle_Timer0
                0x000039f0       0x64 MCAL/Utilities/Utilites.o
 .text.Software_PWM_Init
                0x00003a54       0xe0 MCAL/Utilities/Utilites.o
                0x00003a54                Software_PWM_Init
 .text.Software_PWM_Start
                0x00003b34       0x10 MCAL/Utilities/Utilites.o
                0x00003b34                Software_PWM_Start
 .text.Software_PWM_UpdateDuty
                0x00003b44      0x12a MCAL/Utilities/Utilites.o
                0x00003b44                Software_PWM_UpdateDuty
 .text.avr-libc.fplib
                0x00003c6e        0x8 c:/program files (x86)/atmel/studio/7.0/toolchain/avr8/avr8-gnu-toolchain/bin/../lib/gcc/avr/5.4.0/../../../../avr/lib/avr5\libm.a(divsf3.o)
                0x00003c6e                __divsf3
 .text.avr-libc.fplib
                0x00003c76       0xdc c:/program files (x86)/atmel/studio/7.0/toolchain/avr8/avr8-gnu-toolchain/bin/../lib/gcc/avr/5.4.0/../../../../avr/lib/avr5\libm.a(divsf3x.o)
                0x00003c96                __divsf3x
                0x00003c9c                __divsf3_pse
 .text.avr-libc.fplib
                0x00003d52       0x5e c:/program files (x86)/atmel/studio/7.0/toolchain/avr8/avr8-gnu-toolchain/bin/../lib/gcc/avr/5.4.0/../../../../avr/lib/avr5\libm.a(fixunssfsi.o)
                0x00003d52                __fixunssfsi
 .text.avr-libc.fplib
                0x00003db0       0x7a c:/program files (x86)/atmel/studio/7.0/toolchain/avr8/avr8-gnu-toolchain/bin/../lib/gcc/avr/5.4.0/../../../../avr/lib/avr5\libm.a(floatsisf.o)
                0x00003db0                __floatunsisf
                0x00003db4                __floatsisf
 .text.avr-libc.fplib
                0x00003e2a        0xc c:/program files (x86)/atmel/studio/7.0/toolchain/avr8/avr8-gnu-toolchain/bin/../lib/gcc/avr/5.4.0/../../../../avr/lib/avr5\libm.a(fp_inf.o)
                0x00003e2a                __fp_inf
 .text.avr-libc.fplib
                0x00003e36        0x6 c:/program files (x86)/atmel/studio/7.0/toolchain/avr8/avr8-gnu-toolchain/bin/../lib/gcc/avr/5.4.0/../../../../avr/lib/avr5\libm.a(fp_nan.o)
                0x00003e36                __fp_nan
 .text.avr-libc.fplib
                0x00003e3c        0xe c:/program files (x86)/atmel/studio/7.0/toolchain/avr8/avr8-gnu-toolchain/bin/../lib/gcc/avr/5.4.0/../../../../avr/lib/avr5\libm.a(fp_pscA.o)
                0x00003e3c                __fp_pscA
 .text.avr-libc.fplib
                0x00003e4a        0xe c:/program files (x86)/atmel/studio/7.0/toolchain/avr8/avr8-gnu-toolchain/bin/../lib/gcc/avr/5.4.0/../../../../avr/lib/avr5\libm.a(fp_pscB.o)
                0x00003e4a                __fp_pscB
 .text.avr-libc.fplib
                0x00003e58       0x22 c:/program files (x86)/atmel/studio/7.0/toolchain/avr8/avr8-gnu-toolchain/bin/../lib/gcc/avr/5.4.0/../../../../avr/lib/avr5\libm.a(fp_round.o)
                0x00003e58                __fp_round
 .text.avr-libc.fplib
                0x00003e7a       0x44 c:/program files (x86)/atmel/studio/7.0/toolchain/avr8/avr8-gnu-toolchain/bin/../lib/gcc/avr/5.4.0/../../../../avr/lib/avr5\libm.a(fp_split3.o)
                0x00003e7a                __fp_split3
                0x00003e8a                __fp_splitA
 .text.avr-libc.fplib
                0x00003ebe        0xe c:/program files (x86)/atmel/studio/7.0/toolchain/avr8/avr8-gnu-toolchain/bin/../lib/gcc/avr/5.4.0/../../../../avr/lib/avr5\libm.a(fp_zero.o)
                0x00003ebe                __fp_zero
                0x00003ec0                __fp_szero
 .text.avr-libc.fplib
                0x00003ecc        0x8 c:/program files (x86)/atmel/studio/7.0/toolchain/avr8/avr8-gnu-toolchain/bin/../lib/gcc/avr/5.4.0/../../../../avr/lib/avr5\libm.a(mulsf3.o)
                0x00003ecc                __mulsf3
 .text.avr-libc.fplib
                0x00003ed4       0xd2 c:/program files (x86)/atmel/studio/7.0/toolchain/avr8/avr8-gnu-toolchain/bin/../lib/gcc/avr/5.4.0/../../../../avr/lib/avr5\libm.a(mulsf3x.o)
                0x00003ef2                __mulsf3x
                0x00003ef8                __mulsf3_pse
 .text.libgcc.div
                0x00003fa6       0x28 c:/program files (x86)/atmel/studio/7.0/toolchain/avr8/avr8-gnu-toolchain/bin/../lib/gcc/avr/5.4.0/avr5\libgcc.a(_divmodhi4.o)
                0x00003fa6                _div
                0x00003fa6                __divmodhi4
 .text.libgcc.div
                0x00003fce       0x44 c:/program files (x86)/atmel/studio/7.0/toolchain/avr8/avr8-gnu-toolchain/bin/../lib/gcc/avr/5.4.0/avr5\libgcc.a(_udivmodsi4.o)
                0x00003fce                __udivmodsi4
 .text.libgcc   0x00004012        0xc c:/program files (x86)/atmel/studio/7.0/toolchain/avr8/avr8-gnu-toolchain/bin/../lib/gcc/avr/5.4.0/avr5\libgcc.a(_tablejump2.o)
                0x00004012                __tablejump2__
 .text.libgcc.mul
                0x0000401e       0x16 c:/program files (x86)/atmel/studio/7.0/toolchain/avr8/avr8-gnu-toolchain/bin/../lib/gcc/avr/5.4.0/avr5\libgcc.a(_muluhisi3.o)
                0x0000401e                __muluhisi3
 .text.libgcc.builtins
                0x00004034       0x3c c:/program files (x86)/atmel/studio/7.0/toolchain/avr8/avr8-gnu-toolchain/bin/../lib/gcc/avr/5.4.0/avr5\libgcc.a(_ashrdi3.o)
                0x00004034                __ashrdi3
                0x00004038                __lshrdi3
 .text.libgcc   0x00004070       0x18 c:/program files (x86)/atmel/studio/7.0/toolchain/avr8/avr8-gnu-toolchain/bin/../lib/gcc/avr/5.4.0/avr5\libgcc.a(_adddi3_s8.o)
                0x00004070                __adddi3_s8
 .text.libgcc.div
                0x00004088       0x28 c:/program files (x86)/atmel/studio/7.0/toolchain/avr8/avr8-gnu-toolchain/bin/../lib/gcc/avr/5.4.0/avr5\libgcc.a(_udivmodhi4.o)
                0x00004088                __udivmodhi4
 .text.libgcc.mul
                0x000040b0       0x1e c:/program files (x86)/atmel/studio/7.0/toolchain/avr8/avr8-gnu-toolchain/bin/../lib/gcc/avr/5.4.0/avr5\libgcc.a(_umulhisi3.o)
                0x000040b0                __umulhisi3
 .text.avr-libc
                0x000040ce       0x3c c:/program files (x86)/atmel/studio/7.0/toolchain/avr8/avr8-gnu-toolchain/bin/../lib/gcc/avr/5.4.0/../../../../avr/lib/avr5\libc.a(atoi.o)
                0x000040ce                atoi
 .text.avr-libc
                0x0000410a        0xe c:/program files (x86)/atmel/studio/7.0/toolchain/avr8/avr8-gnu-toolchain/bin/../lib/gcc/avr/5.4.0/../../../../avr/lib/avr5\libc.a(strcpy_P.o)
                0x0000410a                strcpy_P
 .text.avr-libc
                0x00004118        0xe c:/program files (x86)/atmel/studio/7.0/toolchain/avr8/avr8-gnu-toolchain/bin/../lib/gcc/avr/5.4.0/../../../../avr/lib/avr5\libc.a(memset.o)
                0x00004118                memset
 .text.avr-libc
                0x00004126       0x12 c:/program files (x86)/atmel/studio/7.0/toolchain/avr8/avr8-gnu-toolchain/bin/../lib/gcc/avr/5.4.0/../../../../avr/lib/avr5\libc.a(strcmp.o)
                0x00004126                strcmp
 .text.avr-libc
                0x00004138       0x16 c:/program files (x86)/atmel/studio/7.0/toolchain/avr8/avr8-gnu-toolchain/bin/../lib/gcc/avr/5.4.0/../../../../avr/lib/avr5\libc.a(itoa.o)
                0x00004138                __itoa
                0x00004138                itoa
 .text.avr-libc
                0x0000414e       0x16 c:/program files (x86)/atmel/studio/7.0/toolchain/avr8/avr8-gnu-toolchain/bin/../lib/gcc/avr/5.4.0/../../../../avr/lib/avr5\libc.a(itoa_ncheck.o)
                0x0000414e                __itoa_ncheck
 .text.avr-libc
                0x00004164       0x10 c:/program files (x86)/atmel/studio/7.0/toolchain/avr8/avr8-gnu-toolchain/bin/../lib/gcc/avr/5.4.0/../../../../avr/lib/avr5\libc.a(mul10.o)
                0x00004164                __mulhi_const_10
 .text.avr-libc
                0x00004174       0x34 c:/program files (x86)/atmel/studio/7.0/toolchain/avr8/avr8-gnu-toolchain/bin/../lib/gcc/avr/5.4.0/../../../../avr/lib/avr5\libc.a(utoa_ncheck.o)
                0x00004174                __utoa_ncheck
                0x00004176                __utoa_common
 .text.avr-libc
                0x000041a8       0x2c c:/program files (x86)/atmel/studio/7.0/toolchain/avr8/avr8-gnu-toolchain/bin/../lib/gcc/avr/5.4.0/../../../../avr/lib/avr5\libc.a(printf.o)
                0x000041a8                printf
 .text.avr-libc
                0x000041d4       0x4c c:/program files (x86)/atmel/studio/7.0/toolchain/avr8/avr8-gnu-toolchain/bin/../lib/gcc/avr/5.4.0/../../../../avr/lib/avr5\libc.a(printf_p.o)
                0x000041d4                printf_P
 .text.avr-libc
                0x00004220      0x3c2 c:/program files (x86)/atmel/studio/7.0/toolchain/avr8/avr8-gnu-toolchain/bin/../lib/gcc/avr/5.4.0/../../../../avr/lib/avr5\libc.a(vfprintf_std.o)
                0x00004220                vfprintf
 .text.avr-libc
                0x000045e2       0x16 c:/program files (x86)/atmel/studio/7.0/toolchain/avr8/avr8-gnu-toolchain/bin/../lib/gcc/avr/5.4.0/../../../../avr/lib/avr5\libc.a(strnlen_P.o)
                0x000045e2                strnlen_P
 .text.avr-libc
                0x000045f8       0x16 c:/program files (x86)/atmel/studio/7.0/toolchain/avr8/avr8-gnu-toolchain/bin/../lib/gcc/avr/5.4.0/../../../../avr/lib/avr5\libc.a(strnlen.o)
                0x000045f8                strnlen
 .text.avr-libc
                0x0000460e       0x20 c:/program files (x86)/atmel/studio/7.0/toolchain/avr8/avr8-gnu-toolchain/bin/../lib/gcc/avr/5.4.0/../../../../avr/lib/avr5\libc.a(strrev.o)
                0x0000460e                strrev
 .text.avr-libc
                0x0000462e       0x78 c:/program files (x86)/atmel/studio/7.0/toolchain/avr8/avr8-gnu-toolchain/bin/../lib/gcc/avr/5.4.0/../../../../avr/lib/avr5\libc.a(fputc.o)
                0x0000462e                fputc
 .text.avr-libc
                0x000046a6       0xbc c:/program files (x86)/atmel/studio/7.0/toolchain/avr8/avr8-gnu-toolchain/bin/../lib/gcc/avr/5.4.0/../../../../avr/lib/avr5\libc.a(ultoa_invert.o)
                0x000046a6                __ultoa_invert
 .text.libgcc.prologue
                0x00004762       0x38 c:/program files (x86)/atmel/studio/7.0/toolchain/avr8/avr8-gnu-toolchain/bin/../lib/gcc/avr/5.4.0/avr5\libgcc.a(_prologue.o)
                0x00004762                __prologue_saves__
 .text.libgcc.prologue
                0x0000479a       0x36 c:/program files (x86)/atmel/studio/7.0/toolchain/avr8/avr8-gnu-toolchain/bin/../lib/gcc/avr/5.4.0/avr5\libgcc.a(_epilogue.o)
                0x0000479a                __epilogue_restores__
                0x000047d0                . = ALIGN (0x2)
 *(.fini9)
 .fini9         0x000047d0        0x0 c:/program files (x86)/atmel/studio/7.0/toolchain/avr8/avr8-gnu-toolchain/bin/../lib/gcc/avr/5.4.0/avr5\libgcc.a(_exit.o)
                0x000047d0                _exit
                0x000047d0                exit
 *(.fini9)
 *(.fini8)
 *(.fini8)
 *(.fini7)
 *(.fini7)
 *(.fini6)
 *(.fini6)
 *(.fini5)
 *(.fini5)
 *(.fini4)
 *(.fini4)
 *(.fini3)
 *(.fini3)
 *(.fini2)
 *(.fini2)
 *(.fini1)
 *(.fini1)
 *(.fini0)
 .fini0         0x000047d0        0x4 c:/program files (x86)/atmel/studio/7.0/toolchain/avr8/avr8-gnu-toolchain/bin/../lib/gcc/avr/5.4.0/avr5\libgcc.a(_exit.o)
 *(.fini0)
                0x000047d4                _etext = .

.data           0x00800060      0x122 load address 0x000047d4
                0x00800060                PROVIDE (__data_start, .)
 *(.data)
 *(.data*)
 .data.ADC_Handler
                0x00800060        0x7 APP/APP.o
                0x00800060                ADC_Handler
 .data.Tim_1_Handler
                0x00800067        0xa APP/APP.o
                0x00800067                Tim_1_Handler
 .data.ATM_Buttons
                0x00800071        0x6 APP/APP.o
                0x00800071                ATM_Buttons
 .data.UART_Handler
                0x00800077       0x11 APP/APP.o
                0x00800077                UART_Handler
 .data.SPI_Handler
                0x00800088        0xe APP/APP.o
                0x00800088                SPI_Handler
 .data.I2C_Handler
                0x00800096        0x9 APP/APP.o
                0x00800096                I2C_Handler
 .data.mystdout
                0x0080009f        0xe APP/APP.o
 .data.MaxDailyWithDraw
                0x008000ad        0x4 APP/ATM/ATM.o
                0x008000ad                MaxDailyWithDraw
 .data.CardBalance
                0x008000b1        0x4 APP/ATM/ATM.o
                0x008000b1                CardBalance
 .data.TempBlance
                0x008000b5        0x6 APP/ATM/ATM.o
                0x008000b5                TempBlance
 .data.KeyPad   0x008000bb       0x15 HAL/Atmega32a KeyPad/KeyPad_Pins.o
                0x008000bb                KeyPad
 .data.arr_KeyPad_char
                0x008000d0        0xc HAL/Atmega32a KeyPad/KeyPad_Pins.o
                0x008000d0                arr_KeyPad_char
 .data.LcdBitSelect
                0x008000dc       0x15 HAL/Atmega32a lcd/LCD_Pins.o
                0x008000dc                LcdBitSelect
 .data.Motor_Dir.1985
                0x008000f1        0x1 HAL/DCMotor_Driver/Motor.o
 .data.Tim_PWM_Handler
                0x008000f2        0xa HAL/DCMotor_Driver/Motor.o
 *(.gnu.linkonce.d*)
 *(.rodata)
 .rodata        0x008000fc        0xa APP/SERVER/Server.o
 *(.rodata*)
 .rodata.str1.1
                0x00800106       0x1e APP/APP.o
 .rodata.str1.1
                0x00800124       0x52 APP/ATM/ATM.o
 .rodata.MOTORS
                0x00800176        0xc HAL/DCMotor_Driver/Motor.o
 *(.gnu.linkonce.r*)
                0x00800182                . = ALIGN (0x2)
                0x00800182                _edata = .
                0x00800182                PROVIDE (__data_end, .)

.bss            0x00800182       0x9d
                0x00800182                PROVIDE (__bss_start, .)
 *(.bss)
 *(.bss*)
 .bss.Max_Temp  0x00800182        0x2 APP/APP.o
                0x00800182                Max_Temp
 .bss.Buffer_Ram.3086
                0x00800184       0x14 APP/ATM/ATM.o
 .bss.ExitFlag  0x00800198        0x1 APP/ATM/ATM.o
                0x00800198                ExitFlag
 .bss.CardAdd   0x00800199        0x2 APP/ATM/ATM.o
                0x00800199                CardAdd
 .bss.UserTransAmount
                0x0080019b        0x4 APP/ATM/ATM.o
                0x0080019b                UserTransAmount
 .bss.CardDataExist
                0x0080019f        0x1 APP/ATM/ATM.o
                0x0080019f                CardDataExist
 .bss.KeyPad_Key
                0x008001a0        0x1 APP/ATM/ATM.o
                0x008001a0                KeyPad_Key
 .bss.TempNumCards
                0x008001a1        0x2 APP/SERVER/Server.o
                0x008001a1                TempNumCards
 .bss.TempAdd   0x008001a3        0x2 APP/SERVER/Server.o
                0x008001a3                TempAdd
 .bss.TempCardData
                0x008001a5       0x23 APP/SERVER/Server.o
                0x008001a5                TempCardData
 .bss.KeyPad_gpio
                0x008001c8        0x3 HAL/Atmega32a KeyPad/KedPad.o
 .bss.Motor_Speed.1984
                0x008001cb        0x1 HAL/DCMotor_Driver/Motor.o
 .bss.ADC_GPIO  0x008001cc        0x3 MCAL/HAL_ADC/HAL_ADC.o
 .bss.value     0x008001cf        0x4 MCAL/HAL_ADC/HAL_ADC.o
                0x008001cf                value
 .bss.COMPMatch0_Fun
                0x008001d3        0x2 MCAL/Timer/TIMER_Interface.o
 .bss.ON.2002   0x008001d5        0x1 MCAL/Utilities/Utilites.o
 .bss.ON.2010   0x008001d6        0x1 MCAL/Utilities/Utilites.o
 .bss.ON.2006   0x008001d7        0x1 MCAL/Utilities/Utilites.o
 .bss.Duty_TIM1
                0x008001d8        0x2 MCAL/Utilities/Utilites.o
 .bss.Duty_TIM2
                0x008001da        0x1 MCAL/Utilities/Utilites.o
 .bss.Duty_TIM0
                0x008001db        0x1 MCAL/Utilities/Utilites.o
 .bss.PWMTim2_PORT
                0x008001dc        0x2 MCAL/Utilities/Utilites.o
 .bss.PWMTim1_PORT
                0x008001de        0x2 MCAL/Utilities/Utilites.o
 .bss.PWMTim0_PORT
                0x008001e0        0x2 MCAL/Utilities/Utilites.o
 .bss.PWMTim2_PIN
                0x008001e2        0x3 MCAL/Utilities/Utilites.o
 .bss.PWMTim1_PIN
                0x008001e5        0x3 MCAL/Utilities/Utilites.o
 .bss.PWMTim0_PIN
                0x008001e8        0x3 MCAL/Utilities/Utilites.o
 *(COMMON)
 COMMON         0x008001eb        0x5 APP/APP.o
                0x008001eb                strMax_Temp
 COMMON         0x008001f0       0x23 APP/ATM/ATM.o
                0x008001f0                CardData
 COMMON         0x00800213        0x6 MCAL/EXTI/HAL_EXIT.o
                0x00800213                ptr_INT0
                0x00800215                ptr_INT2
                0x00800217                ptr_INT1
 COMMON         0x00800219        0x6 c:/program files (x86)/atmel/studio/7.0/toolchain/avr8/avr8-gnu-toolchain/bin/../lib/gcc/avr/5.4.0/../../../../avr/lib/avr5\libc.a(iob.o)
                0x00800219                __iob
                0x0080021f                PROVIDE (__bss_end, .)
                0x000047d4                __data_load_start = LOADADDR (.data)
                0x000048f6                __data_load_end = (__data_load_start + SIZEOF (.data))

.noinit         0x0080021f        0x0
                [!provide]                PROVIDE (__noinit_start, .)
 *(.noinit*)
                [!provide]                PROVIDE (__noinit_end, .)
                0x0080021f                _end = .
                [!provide]                PROVIDE (__heap_start, .)

.eeprom         0x00810000        0x0
 *(.eeprom*)
                0x00810000                __eeprom_end = .

.fuse
 *(.fuse)
 *(.lfuse)
 *(.hfuse)
 *(.efuse)

.lock
 *(.lock*)

.signature
 *(.signature*)

.user_signatures
 *(.user_signatures*)

.stab
 *(.stab)

.stabstr
 *(.stabstr)

.stab.excl
 *(.stab.excl)

.stab.exclstr
 *(.stab.exclstr)

.stab.index
 *(.stab.index)

.stab.indexstr
 *(.stab.indexstr)

.comment        0x00000000       0x5c
 *(.comment)
 .comment       0x00000000       0x30 APP/APP.o
                                 0x31 (size before relaxing)
 .comment       0x00000030       0x31 APP/ATM/ATM.o
 .comment       0x00000030       0x31 APP/SERVER/Server.o
 .comment       0x00000030       0x31 HAL/Atmega32a KeyPad/KedPad.o
 .comment       0x00000030       0x31 HAL/Atmega32a KeyPad/KeyPad_Pins.o
 .comment       0x00000030       0x31 HAL/Atmega32a lcd/Lcd-Driver.o
 .comment       0x00000030       0x31 HAL/Atmega32a lcd/LCD_Pins.o
 .comment       0x00000030       0x31 HAL/DCMotor_Driver/Motor.o
 .comment       0x00000030       0x31 HAL/EEPROM/EEPROM.o
 .comment       0x00000030       0x31 HAL/LED_BUTTONS/But_LED.o
 .comment       0x00000030       0x31 HAL/StringFlash/String_F.o
 .comment       0x00000030       0x31 main.o
 .comment       0x00000030       0x31 MCAL/EXTI/HAL_EXIT.o
 .comment       0x00000030       0x31 MCAL/HAL_ADC/HAL_ADC.o
 .comment       0x00000030       0x31 MCAL/HAL_GPIO/HAL_GPIO.o
 .comment       0x00000030       0x31 MCAL/HAL_I2C/HAL_I2C.o
 .comment       0x00000030       0x31 MCAL/HAL_SPI/HAL_SPI.o
 .comment       0x00000030       0x31 MCAL/Timer/TIMER_Interface.o
 .comment       0x00000030       0x31 MCAL/UART/HAL_Uart.o
 .comment       0x00000030       0x31 MCAL/Utilities/Utilites.o
 .comment       0x00000030       0x31 c:/program files (x86)/atmel/studio/7.0/toolchain/avr8/avr8-gnu-toolchain/bin/../lib/gcc/avr/5.4.0/../../../../avr/lib/avr5\libc.a(iob.o)
 .comment       0x00000030       0x31 c:/program files (x86)/atmel/studio/7.0/toolchain/avr8/avr8-gnu-toolchain/bin/../lib/gcc/avr/5.4.0/../../../../avr/lib/avr5\libc.a(printf.o)
 .comment       0x00000030       0x31 c:/program files (x86)/atmel/studio/7.0/toolchain/avr8/avr8-gnu-toolchain/bin/../lib/gcc/avr/5.4.0/../../../../avr/lib/avr5\libc.a(printf_p.o)
 .comment       0x00000030       0x2c c:/program files (x86)/atmel/studio/7.0/toolchain/avr8/avr8-gnu-toolchain/bin/../lib/gcc/avr/5.4.0/../../../../avr/lib/avr5\libc.a(vfprintf_std.o)
                                 0x2d (size before relaxing)
 .comment       0x0000005c       0x31 c:/program files (x86)/atmel/studio/7.0/toolchain/avr8/avr8-gnu-toolchain/bin/../lib/gcc/avr/5.4.0/../../../../avr/lib/avr5\libc.a(fputc.o)

.note.gnu.avr.deviceinfo
                0x00000000       0x3c
 .note.gnu.avr.deviceinfo
                0x00000000       0x3c C:/Program Files (x86)/Atmel/Studio/7.0/Packs/atmel/ATmega_DFP/1.6.364/gcc/dev/atmega32a/avr5/crtatmega32a.o

.note.gnu.build-id
 *(.note.gnu.build-id)

.debug
 *(.debug)

.line
 *(.line)

.debug_srcinfo
 *(.debug_srcinfo)

.debug_sfnames
 *(.debug_sfnames)

.debug_aranges  0x00000000      0x620
 *(.debug_aranges)
 .debug_aranges
                0x00000000       0x58 APP/APP.o
 .debug_aranges
                0x00000058       0x78 APP/ATM/ATM.o
 .debug_aranges
                0x000000d0       0x78 APP/SERVER/Server.o
 .debug_aranges
                0x00000148       0x28 HAL/Atmega32a KeyPad/KedPad.o
 .debug_aranges
                0x00000170       0x18 HAL/Atmega32a KeyPad/KeyPad_Pins.o
 .debug_aranges
                0x00000188       0x78 HAL/Atmega32a lcd/Lcd-Driver.o
 .debug_aranges
                0x00000200       0x18 HAL/Atmega32a lcd/LCD_Pins.o
 .debug_aranges
                0x00000218       0x48 HAL/DCMotor_Driver/Motor.o
 .debug_aranges
                0x00000260       0x40 HAL/EEPROM/EEPROM.o
 .debug_aranges
                0x000002a0       0x58 HAL/LED_BUTTONS/But_LED.o
 .debug_aranges
                0x000002f8       0x28 HAL/StringFlash/String_F.o
 .debug_aranges
                0x00000320       0x20 main.o
 .debug_aranges
                0x00000340       0x60 MCAL/EXTI/HAL_EXIT.o
 .debug_aranges
                0x000003a0       0x58 MCAL/HAL_ADC/HAL_ADC.o
 .debug_aranges
                0x000003f8       0x60 MCAL/HAL_GPIO/HAL_GPIO.o
 .debug_aranges
                0x00000458       0x50 MCAL/HAL_I2C/HAL_I2C.o
 .debug_aranges
                0x000004a8       0x58 MCAL/HAL_SPI/HAL_SPI.o
 .debug_aranges
                0x00000500       0x78 MCAL/Timer/TIMER_Interface.o
 .debug_aranges
                0x00000578       0x40 MCAL/UART/HAL_Uart.o
 .debug_aranges
                0x000005b8       0x68 MCAL/Utilities/Utilites.o

.debug_pubnames
 *(.debug_pubnames)

.debug_info     0x00000000     0x8832
 *(.debug_info .gnu.linkonce.wi.*)
 .debug_info    0x00000000      0x4e6 C:/Program Files (x86)/Atmel/Studio/7.0/Packs/atmel/ATmega_DFP/1.6.364/gcc/dev/atmega32a/avr5/crtatmega32a.o
 .debug_info    0x000004e6     0x1126 APP/APP.o
 .debug_info    0x0000160c     0x1dac APP/ATM/ATM.o
 .debug_info    0x000033b8      0x951 APP/SERVER/Server.o
 .debug_info    0x00003d09      0x350 HAL/Atmega32a KeyPad/KedPad.o
 .debug_info    0x00004059      0x171 HAL/Atmega32a KeyPad/KeyPad_Pins.o
 .debug_info    0x000041ca      0x9ca HAL/Atmega32a lcd/Lcd-Driver.o
 .debug_info    0x00004b94      0x12b HAL/Atmega32a lcd/LCD_Pins.o
 .debug_info    0x00004cbf      0x871 HAL/DCMotor_Driver/Motor.o
 .debug_info    0x00005530      0x47c HAL/EEPROM/EEPROM.o
 .debug_info    0x000059ac      0x4fe HAL/LED_BUTTONS/But_LED.o
 .debug_info    0x00005eaa      0x103 HAL/StringFlash/String_F.o
 .debug_info    0x00005fad       0xd2 main.o
 .debug_info    0x0000607f      0x28d MCAL/EXTI/HAL_EXIT.o
 .debug_info    0x0000630c      0x56f MCAL/HAL_ADC/HAL_ADC.o
 .debug_info    0x0000687b      0x32a MCAL/HAL_GPIO/HAL_GPIO.o
 .debug_info    0x00006ba5      0x42b MCAL/HAL_I2C/HAL_I2C.o
 .debug_info    0x00006fd0      0x5b2 MCAL/HAL_SPI/HAL_SPI.o
 .debug_info    0x00007582      0x526 MCAL/Timer/TIMER_Interface.o
 .debug_info    0x00007aa8      0x380 MCAL/UART/HAL_Uart.o
 .debug_info    0x00007e28      0xa0a MCAL/Utilities/Utilites.o

.debug_abbrev   0x00000000     0x2093
 *(.debug_abbrev)
 .debug_abbrev  0x00000000      0x4a3 C:/Program Files (x86)/Atmel/Studio/7.0/Packs/atmel/ATmega_DFP/1.6.364/gcc/dev/atmega32a/avr5/crtatmega32a.o
 .debug_abbrev  0x000004a3      0x2d7 APP/APP.o
 .debug_abbrev  0x0000077a      0x395 APP/ATM/ATM.o
 .debug_abbrev  0x00000b0f      0x15a APP/SERVER/Server.o
 .debug_abbrev  0x00000c69      0x16f HAL/Atmega32a KeyPad/KedPad.o
 .debug_abbrev  0x00000dd8       0x8a HAL/Atmega32a KeyPad/KeyPad_Pins.o
 .debug_abbrev  0x00000e62      0x2b2 HAL/Atmega32a lcd/Lcd-Driver.o
 .debug_abbrev  0x00001114       0x8a HAL/Atmega32a lcd/LCD_Pins.o
 .debug_abbrev  0x0000119e      0x183 HAL/DCMotor_Driver/Motor.o
 .debug_abbrev  0x00001321      0x11e HAL/EEPROM/EEPROM.o
 .debug_abbrev  0x0000143f      0x140 HAL/LED_BUTTONS/But_LED.o
 .debug_abbrev  0x0000157f       0x9f HAL/StringFlash/String_F.o
 .debug_abbrev  0x0000161e       0x68 main.o
 .debug_abbrev  0x00001686       0xde MCAL/EXTI/HAL_EXIT.o
 .debug_abbrev  0x00001764      0x1ab MCAL/HAL_ADC/HAL_ADC.o
 .debug_abbrev  0x0000190f      0x100 MCAL/HAL_GPIO/HAL_GPIO.o
 .debug_abbrev  0x00001a0f      0x112 MCAL/HAL_I2C/HAL_I2C.o
 .debug_abbrev  0x00001b21      0x11c MCAL/HAL_SPI/HAL_SPI.o
 .debug_abbrev  0x00001c3d      0x14c MCAL/Timer/TIMER_Interface.o
 .debug_abbrev  0x00001d89      0x116 MCAL/UART/HAL_Uart.o
 .debug_abbrev  0x00001e9f      0x1f4 MCAL/Utilities/Utilites.o

.debug_line     0x00000000     0x427a
 *(.debug_line .debug_line.* .debug_line_end)
 .debug_line    0x00000000      0x116 C:/Program Files (x86)/Atmel/Studio/7.0/Packs/atmel/ATmega_DFP/1.6.364/gcc/dev/atmega32a/avr5/crtatmega32a.o
 .debug_line    0x00000116      0x528 APP/APP.o
 .debug_line    0x0000063e      0xa92 APP/ATM/ATM.o
 .debug_line    0x000010d0      0x392 APP/SERVER/Server.o
 .debug_line    0x00001462      0x1ea HAL/Atmega32a KeyPad/KedPad.o
 .debug_line    0x0000164c       0xd9 HAL/Atmega32a KeyPad/KeyPad_Pins.o
 .debug_line    0x00001725      0x42c HAL/Atmega32a lcd/Lcd-Driver.o
 .debug_line    0x00001b51       0xd2 HAL/Atmega32a lcd/LCD_Pins.o
 .debug_line    0x00001c23      0x2f0 HAL/DCMotor_Driver/Motor.o
 .debug_line    0x00001f13      0x1fa HAL/EEPROM/EEPROM.o
 .debug_line    0x0000210d      0x320 HAL/LED_BUTTONS/But_LED.o
 .debug_line    0x0000242d       0xed HAL/StringFlash/String_F.o
 .debug_line    0x0000251a       0x86 main.o
 .debug_line    0x000025a0      0x1f6 MCAL/EXTI/HAL_EXIT.o
 .debug_line    0x00002796      0x2d3 MCAL/HAL_ADC/HAL_ADC.o
 .debug_line    0x00002a69      0x1f4 MCAL/HAL_GPIO/HAL_GPIO.o
 .debug_line    0x00002c5d      0x42f MCAL/HAL_I2C/HAL_I2C.o
 .debug_line    0x0000308c      0x38c MCAL/HAL_SPI/HAL_SPI.o
 .debug_line    0x00003418      0x5c5 MCAL/Timer/TIMER_Interface.o
 .debug_line    0x000039dd      0x34f MCAL/UART/HAL_Uart.o
 .debug_line    0x00003d2c      0x54e MCAL/Utilities/Utilites.o

.debug_frame    0x00000000     0x1270
 *(.debug_frame)
 .debug_frame   0x00000000       0xdc APP/APP.o
 .debug_frame   0x000000dc      0x1f0 APP/ATM/ATM.o
 .debug_frame   0x000002cc      0x1d4 APP/SERVER/Server.o
 .debug_frame   0x000004a0       0x78 HAL/Atmega32a KeyPad/KedPad.o
 .debug_frame   0x00000518      0x1f0 HAL/Atmega32a lcd/Lcd-Driver.o
 .debug_frame   0x00000708       0xf8 HAL/DCMotor_Driver/Motor.o
 .debug_frame   0x00000800       0xec HAL/EEPROM/EEPROM.o
 .debug_frame   0x000008ec      0x120 HAL/LED_BUTTONS/But_LED.o
 .debug_frame   0x00000a0c       0xa4 HAL/StringFlash/String_F.o
 .debug_frame   0x00000ab0       0x24 main.o
 .debug_frame   0x00000ad4      0x17c MCAL/EXTI/HAL_EXIT.o
 .debug_frame   0x00000c50       0xf4 MCAL/HAL_ADC/HAL_ADC.o
 .debug_frame   0x00000d44       0xa4 MCAL/HAL_GPIO/HAL_GPIO.o
 .debug_frame   0x00000de8       0xdc MCAL/HAL_I2C/HAL_I2C.o
 .debug_frame   0x00000ec4       0xc8 MCAL/HAL_SPI/HAL_SPI.o
 .debug_frame   0x00000f8c      0x144 MCAL/Timer/TIMER_Interface.o
 .debug_frame   0x000010d0       0x70 MCAL/UART/HAL_Uart.o
 .debug_frame   0x00001140      0x130 MCAL/Utilities/Utilites.o

.debug_str      0x00000000     0x22a2
 *(.debug_str)
 .debug_str     0x00000000      0x196 C:/Program Files (x86)/Atmel/Studio/7.0/Packs/atmel/ATmega_DFP/1.6.364/gcc/dev/atmega32a/avr5/crtatmega32a.o
 .debug_str     0x00000196      0xb0e APP/APP.o
                                0xba1 (size before relaxing)
 .debug_str     0x00000ca4      0x419 APP/ATM/ATM.o
                                0x892 (size before relaxing)
 .debug_str     0x000010bd       0xdf APP/SERVER/Server.o
                                0x474 (size before relaxing)
 .debug_str     0x0000119c       0x5e HAL/Atmega32a KeyPad/KedPad.o
                                0x2ba (size before relaxing)
 .debug_str     0x000011fa       0x26 HAL/Atmega32a KeyPad/KeyPad_Pins.o
                                0x202 (size before relaxing)
 .debug_str     0x00001220      0x1a0 HAL/Atmega32a lcd/Lcd-Driver.o
                                0x498 (size before relaxing)
 .debug_str     0x000013c0       0x20 HAL/Atmega32a lcd/LCD_Pins.o
                                0x1e7 (size before relaxing)
 .debug_str     0x000013e0      0x1f0 HAL/DCMotor_Driver/Motor.o
                                0x61c (size before relaxing)
 .debug_str     0x000015d0       0xd6 HAL/EEPROM/EEPROM.o
                                0x2f7 (size before relaxing)
 .debug_str     0x000016a6      0x138 HAL/LED_BUTTONS/But_LED.o
                                0x364 (size before relaxing)
 .debug_str     0x000017de       0x57 HAL/StringFlash/String_F.o
                                0x1e1 (size before relaxing)
 .debug_str     0x00001835       0x11 main.o
                                0x194 (size before relaxing)
 .debug_str     0x00001846       0xca MCAL/EXTI/HAL_EXIT.o
                                0x2ed (size before relaxing)
 .debug_str     0x00001910      0x1cb MCAL/HAL_ADC/HAL_ADC.o
                                0x5d5 (size before relaxing)
 .debug_str     0x00001adb       0xf4 MCAL/HAL_GPIO/HAL_GPIO.o
                                0x311 (size before relaxing)
 .debug_str     0x00001bcf      0x11c MCAL/HAL_I2C/HAL_I2C.o
                                0x32d (size before relaxing)
 .debug_str     0x00001ceb       0xe0 MCAL/HAL_SPI/HAL_SPI.o
                                0x38f (size before relaxing)
 .debug_str     0x00001dcb      0x1d6 MCAL/Timer/TIMER_Interface.o
                                0x563 (size before relaxing)
 .debug_str     0x00001fa1       0x77 MCAL/UART/HAL_Uart.o
                                0x2c4 (size before relaxing)
 .debug_str     0x00002018      0x28a MCAL/Utilities/Utilites.o
                                0x835 (size before relaxing)

.debug_loc      0x00000000     0x4c28
 *(.debug_loc)
 .debug_loc     0x00000000      0x222 APP/APP.o
 .debug_loc     0x00000222      0x9a9 APP/ATM/ATM.o
 .debug_loc     0x00000bcb      0x67b APP/SERVER/Server.o
 .debug_loc     0x00001246      0x1d9 HAL/Atmega32a KeyPad/KedPad.o
 .debug_loc     0x0000141f      0x9b9 HAL/Atmega32a lcd/Lcd-Driver.o
 .debug_loc     0x00001dd8      0x34d HAL/DCMotor_Driver/Motor.o
 .debug_loc     0x00002125      0x568 HAL/EEPROM/EEPROM.o
 .debug_loc     0x0000268d      0x61b HAL/LED_BUTTONS/But_LED.o
 .debug_loc     0x00002ca8      0x1ca HAL/StringFlash/String_F.o
 .debug_loc     0x00002e72      0x2d9 MCAL/EXTI/HAL_EXIT.o
 .debug_loc     0x0000314b      0x26d MCAL/HAL_ADC/HAL_ADC.o
 .debug_loc     0x000033b8      0x16b MCAL/HAL_GPIO/HAL_GPIO.o
 .debug_loc     0x00003523      0x394 MCAL/HAL_I2C/HAL_I2C.o
 .debug_loc     0x000038b7      0x3b6 MCAL/HAL_SPI/HAL_SPI.o
 .debug_loc     0x00003c6d      0x5e1 MCAL/Timer/TIMER_Interface.o
 .debug_loc     0x0000424e      0x3d6 MCAL/UART/HAL_Uart.o
 .debug_loc     0x00004624      0x604 MCAL/Utilities/Utilites.o

.debug_macinfo
 *(.debug_macinfo)

.debug_weaknames
 *(.debug_weaknames)

.debug_funcnames
 *(.debug_funcnames)

.debug_typenames
 *(.debug_typenames)

.debug_varnames
 *(.debug_varnames)

.debug_pubtypes
 *(.debug_pubtypes)

.debug_ranges   0x00000000      0x550
 *(.debug_ranges)
 .debug_ranges  0x00000000       0x48 APP/APP.o
 .debug_ranges  0x00000048       0x68 APP/ATM/ATM.o
 .debug_ranges  0x000000b0       0x88 APP/SERVER/Server.o
 .debug_ranges  0x00000138       0x18 HAL/Atmega32a KeyPad/KedPad.o
 .debug_ranges  0x00000150       0x68 HAL/Atmega32a lcd/Lcd-Driver.o
 .debug_ranges  0x000001b8       0x50 HAL/DCMotor_Driver/Motor.o
 .debug_ranges  0x00000208       0x30 HAL/EEPROM/EEPROM.o
 .debug_ranges  0x00000238       0x78 HAL/LED_BUTTONS/But_LED.o
 .debug_ranges  0x000002b0       0x18 HAL/StringFlash/String_F.o
 .debug_ranges  0x000002c8       0x10 main.o
 .debug_ranges  0x000002d8       0x50 MCAL/EXTI/HAL_EXIT.o
 .debug_ranges  0x00000328       0x48 MCAL/HAL_ADC/HAL_ADC.o
 .debug_ranges  0x00000370       0x50 MCAL/HAL_GPIO/HAL_GPIO.o
 .debug_ranges  0x000003c0       0x40 MCAL/HAL_I2C/HAL_I2C.o
 .debug_ranges  0x00000400       0x48 MCAL/HAL_SPI/HAL_SPI.o
 .debug_ranges  0x00000448       0x68 MCAL/Timer/TIMER_Interface.o
 .debug_ranges  0x000004b0       0x30 MCAL/UART/HAL_Uart.o
 .debug_ranges  0x000004e0       0x70 MCAL/Utilities/Utilites.o

.debug_macro
 *(.debug_macro)
OUTPUT(PaymentSystem.elf elf32-avr)
LOAD linker stubs
