Archive member included to satisfy reference by file (symbol)

c:/program files (x86)/atmel/studio/7.0/toolchain/avr8/avr8-gnu-toolchain/bin/../lib/gcc/avr/5.4.0/../../../../avr/lib/avr5\libm.a(addsf3.o)
                              HAL/Atmega32a lcd/Lcd-Driver.o (__subsf3)
c:/program files (x86)/atmel/studio/7.0/toolchain/avr8/avr8-gnu-toolchain/bin/../lib/gcc/avr/5.4.0/../../../../avr/lib/avr5\libm.a(addsf3x.o)
                              c:/program files (x86)/atmel/studio/7.0/toolchain/avr8/avr8-gnu-toolchain/bin/../lib/gcc/avr/5.4.0/../../../../avr/lib/avr5\libm.a(addsf3.o) (__addsf3x)
c:/program files (x86)/atmel/studio/7.0/toolchain/avr8/avr8-gnu-toolchain/bin/../lib/gcc/avr/5.4.0/../../../../avr/lib/avr5\libm.a(divsf3.o)
                              MCAL/HAL_ADC/HAL_ADC.o (__divsf3)
c:/program files (x86)/atmel/studio/7.0/toolchain/avr8/avr8-gnu-toolchain/bin/../lib/gcc/avr/5.4.0/../../../../avr/lib/avr5\libm.a(divsf3x.o)
                              c:/program files (x86)/atmel/studio/7.0/toolchain/avr8/avr8-gnu-toolchain/bin/../lib/gcc/avr/5.4.0/../../../../avr/lib/avr5\libm.a(divsf3.o) (__divsf3x)
c:/program files (x86)/atmel/studio/7.0/toolchain/avr8/avr8-gnu-toolchain/bin/../lib/gcc/avr/5.4.0/../../../../avr/lib/avr5\libm.a(fixunssfsi.o)
                              HAL/Atmega32a lcd/Lcd-Driver.o (__fixunssfsi)
c:/program files (x86)/atmel/studio/7.0/toolchain/avr8/avr8-gnu-toolchain/bin/../lib/gcc/avr/5.4.0/../../../../avr/lib/avr5\libm.a(floatsisf.o)
                              HAL/Atmega32a lcd/Lcd-Driver.o (__floatunsisf)
c:/program files (x86)/atmel/studio/7.0/toolchain/avr8/avr8-gnu-toolchain/bin/../lib/gcc/avr/5.4.0/../../../../avr/lib/avr5\libm.a(fp_inf.o)
                              c:/program files (x86)/atmel/studio/7.0/toolchain/avr8/avr8-gnu-toolchain/bin/../lib/gcc/avr/5.4.0/../../../../avr/lib/avr5\libm.a(addsf3x.o) (__fp_inf)
c:/program files (x86)/atmel/studio/7.0/toolchain/avr8/avr8-gnu-toolchain/bin/../lib/gcc/avr/5.4.0/../../../../avr/lib/avr5\libm.a(fp_nan.o)
                              c:/program files (x86)/atmel/studio/7.0/toolchain/avr8/avr8-gnu-toolchain/bin/../lib/gcc/avr/5.4.0/../../../../avr/lib/avr5\libm.a(addsf3x.o) (__fp_nan)
c:/program files (x86)/atmel/studio/7.0/toolchain/avr8/avr8-gnu-toolchain/bin/../lib/gcc/avr/5.4.0/../../../../avr/lib/avr5\libm.a(fp_pscA.o)
                              c:/program files (x86)/atmel/studio/7.0/toolchain/avr8/avr8-gnu-toolchain/bin/../lib/gcc/avr/5.4.0/../../../../avr/lib/avr5\libm.a(addsf3x.o) (__fp_pscA)
c:/program files (x86)/atmel/studio/7.0/toolchain/avr8/avr8-gnu-toolchain/bin/../lib/gcc/avr/5.4.0/../../../../avr/lib/avr5\libm.a(fp_pscB.o)
                              c:/program files (x86)/atmel/studio/7.0/toolchain/avr8/avr8-gnu-toolchain/bin/../lib/gcc/avr/5.4.0/../../../../avr/lib/avr5\libm.a(addsf3x.o) (__fp_pscB)
c:/program files (x86)/atmel/studio/7.0/toolchain/avr8/avr8-gnu-toolchain/bin/../lib/gcc/avr/5.4.0/../../../../avr/lib/avr5\libm.a(fp_round.o)
                              c:/program files (x86)/atmel/studio/7.0/toolchain/avr8/avr8-gnu-toolchain/bin/../lib/gcc/avr/5.4.0/../../../../avr/lib/avr5\libm.a(addsf3.o) (__fp_round)
c:/program files (x86)/atmel/studio/7.0/toolchain/avr8/avr8-gnu-toolchain/bin/../lib/gcc/avr/5.4.0/../../../../avr/lib/avr5\libm.a(fp_split3.o)
                              c:/program files (x86)/atmel/studio/7.0/toolchain/avr8/avr8-gnu-toolchain/bin/../lib/gcc/avr/5.4.0/../../../../avr/lib/avr5\libm.a(addsf3x.o) (__fp_split3)
c:/program files (x86)/atmel/studio/7.0/toolchain/avr8/avr8-gnu-toolchain/bin/../lib/gcc/avr/5.4.0/../../../../avr/lib/avr5\libm.a(fp_zero.o)
                              c:/program files (x86)/atmel/studio/7.0/toolchain/avr8/avr8-gnu-toolchain/bin/../lib/gcc/avr/5.4.0/../../../../avr/lib/avr5\libm.a(addsf3x.o) (__fp_zero)
c:/program files (x86)/atmel/studio/7.0/toolchain/avr8/avr8-gnu-toolchain/bin/../lib/gcc/avr/5.4.0/../../../../avr/lib/avr5\libm.a(mulsf3.o)
                              HAL/Atmega32a lcd/Lcd-Driver.o (__mulsf3)
c:/program files (x86)/atmel/studio/7.0/toolchain/avr8/avr8-gnu-toolchain/bin/../lib/gcc/avr/5.4.0/../../../../avr/lib/avr5\libm.a(mulsf3x.o)
                              c:/program files (x86)/atmel/studio/7.0/toolchain/avr8/avr8-gnu-toolchain/bin/../lib/gcc/avr/5.4.0/../../../../avr/lib/avr5\libm.a(mulsf3.o) (__mulsf3x)
c:/program files (x86)/atmel/studio/7.0/toolchain/avr8/avr8-gnu-toolchain/bin/../lib/gcc/avr/5.4.0/avr5\libgcc.a(_divmodhi4.o)
                              MCAL/Timer/TIMER_Interface.o (__divmodhi4)
c:/program files (x86)/atmel/studio/7.0/toolchain/avr8/avr8-gnu-toolchain/bin/../lib/gcc/avr/5.4.0/avr5\libgcc.a(_udivmodsi4.o)
                              MCAL/HAL_I2C/HAL_I2C.o (__udivmodsi4)
c:/program files (x86)/atmel/studio/7.0/toolchain/avr8/avr8-gnu-toolchain/bin/../lib/gcc/avr/5.4.0/avr5\libgcc.a(_exit.o)
[...]
Memory Configuration

Name             Origin             Length             Attributes
text             0x00000000         0x00008000         xr
data             0x00800060         0x00000800         rw !x
eeprom           0x00810000         0x00000400         rw !x
fuse             0x00820000         0x00000002         rw !x
lock             0x00830000         0x00000400         rw !x
signature        0x00840000         0x00000400         rw !x
user_signatures  0x00850000         0x00000400         rw !x
*default*        0x00000000         0xffffffff

Linker script and memory map

LOAD C:/Program Files (x86)/Atmel/Studio/7.0/Packs/atmel/ATmega_DFP/1.6.364/gcc/dev/atmega32a/avr5/crtatmega32a.o
LOAD APP/APP.o
LOAD APP/ATM/ATM.o
LOAD APP/SERVER/Server.o
LOAD HAL/Atmega32a KeyPad/KedPad.o
LOAD HAL/Atmega32a KeyPad/KeyPad_Pins.o
LOAD HAL/Atmega32a lcd/Lcd-Driver.o
LOAD HAL/Atmega32a lcd/LCD_Pins.o
LOAD HAL/EEPROM/EEPROM.o
LOAD HAL/LED_BUTTONS/But_LED.o
LOAD main.o
LOAD MCAL/EXTI/HAL_EXIT.o
LOAD MCAL/HAL_ADC/HAL_ADC.o
LOAD MCAL/HAL_GPIO/HAL_GPIO.o
LOAD MCAL/HAL_I2C/HAL_I2C.o
LOAD MCAL/HAL_SPI/HAL_SPI.o
LOAD MCAL/Timer/TIMER_Interface.o
LOAD MCAL/UART/HAL_Uart.o
START GROUP
LOAD c:/program files (x86)/atmel/studio/7.0/toolchain/avr8/avr8-gnu-toolchain/bin/../lib/gcc/avr/5.4.0/../../../../avr/lib/avr5\libm.a
END GROUP
START GROUP
LOAD c:/program files (x86)/atmel/studio/7.0/toolchain/avr8/avr8-gnu-toolchain/bin/../lib/gcc/avr/5.4.0/avr5\libgcc.a
LOAD c:/program files (x86)/atmel/studio/7.0/toolchain/avr8/avr8-gnu-toolchain/bin/../lib/gcc/avr/5.4.0/../../../../avr/lib/avr5\libm.a
LOAD c:/program files (x86)/atmel/studio/7.0/toolchain/avr8/avr8-gnu-toolchain/bin/../lib/gcc/avr/5.4.0/../../../../avr/lib/avr5\libc.a
LOAD C:/Program Files (x86)/Atmel/Studio/7.0/Packs/atmel/ATmega_DFP/1.6.364/gcc/dev/atmega32a/avr5\libatmega32a.a
END GROUP
                [0x00000000]                __TEXT_REGION_ORIGIN__ = DEFINED (__TEXT_REGION_ORIGIN__)?__TEXT_REGION_ORIGIN__:0x0
                [0x00800060]                __DATA_REGION_ORIGIN__ = DEFINED (__DATA_REGION_ORIGIN__)?__DATA_REGION_ORIGIN__:0x800060
                [0x00008000]                __TEXT_REGION_LENGTH__ = DEFINED (__TEXT_REGION_LENGTH__)?__TEXT_REGION_LENGTH__:0x20000
                [0x00000800]                __DATA_REGION_LENGTH__ = DEFINED (__DATA_REGION_LENGTH__)?__DATA_REGION_LENGTH__:0xffa0
                [0x00000400]                __EEPROM_REGION_LENGTH__ = DEFINED (__EEPROM_REGION_LENGTH__)?__EEPROM_REGION_LENGTH__:0x10000
                [0x00000002]                __FUSE_REGION_LENGTH__ = DEFINED (__FUSE_REGION_LENGTH__)?__FUSE_REGION_LENGTH__:0x400
                0x00000400                __LOCK_REGION_LENGTH__ = DEFINED (__LOCK_REGION_LENGTH__)?__LOCK_REGION_LENGTH__:0x400
                0x00000400                __SIGNATURE_REGION_LENGTH__ = DEFINED (__SIGNATURE_REGION_LENGTH__)?__SIGNATURE_REGION_LENGTH__:0x400
                0x00000400                __USER_SIGNATURE_REGION_LENGTH__ = DEFINED (__USER_SIGNATURE_REGION_LENGTH__)?__USER_SIGNATURE_REGION_LENGTH__:0x400

.hash
 *(.hash)

.dynsym
 *(.dynsym)

.dynstr
 *(.dynstr)

.gnu.version
 *(.gnu.version)

.gnu.version_d
 *(.gnu.version_d)

.gnu.version_r
 *(.gnu.version_r)

.rel.init
 *(.rel.init)

.rela.init
 *(.rela.init)

.rel.text
 *(.rel.text)
 *(.rel.text.*)
 *(.rel.gnu.linkonce.t*)

.rela.text
 *(.rela.text)
 *(.rela.text.*)
 *(.rela.gnu.linkonce.t*)

.rel.fini
 *(.rel.fini)

.rela.fini
 *(.rela.fini)

.rel.rodata
 *(.rel.rodata)
 *(.rel.rodata.*)
 *(.rel.gnu.linkonce.r*)

.rela.rodata
 *(.rela.rodata)
 *(.rela.rodata.*)
 *(.rela.gnu.linkonce.r*)

.rel.data
 *(.rel.data)
 *(.rel.data.*)
 *(.rel.gnu.linkonce.d*)

.rela.data
 *(.rela.data)
 *(.rela.data.*)
 *(.rela.gnu.linkonce.d*)

.rel.ctors
 *(.rel.ctors)

.rela.ctors
 *(.rela.ctors)

.rel.dtors
 *(.rel.dtors)

.rela.dtors
 *(.rela.dtors)

.rel.got
 *(.rel.got)

.rela.got
 *(.rela.got)

.rel.bss
 *(.rel.bss)

.rela.bss
 *(.rela.bss)

.rel.plt
 *(.rel.plt)

.rela.plt
 *(.rela.plt)

.text           0x00000000     0x6c6c
 *(.vectors)
 .vectors       0x00000000       0x54 C:/Program Files (x86)/Atmel/Studio/7.0/Packs/atmel/ATmega_DFP/1.6.364/gcc/dev/atmega32a/avr5/crtatmega32a.o
                0x00000000                __vector_default
                0x00000000                __vectors
 *(.vectors)
 *(.progmem.gcc*)
 .progmem.gcc_sw_table.ATM_Programming_mode
                0x00000054       0x10 APP/ATM/ATM.o
                0x00000064                . = ALIGN (0x2)
                0x00000064                __trampolines_start = .
 *(.trampolines)
 .trampolines   0x00000064        0x0 linker stubs
 *(.trampolines*)
                0x00000064                __trampolines_end = .
 *libprintf_flt.a:*(.progmem.data)
 *libc.a:*(.progmem.data)
 *(.progmem*)
 .progmem.data.__c.3093
                0x00000064        0x3 APP/APP.o
 .progmem.data.__c.3091
                0x00000067       0x36 APP/APP.o
 .progmem.data.__c.3089
                0x0000009d       0x36 APP/APP.o
 .progmem.data.__c.3087
                0x000000d3       0x36 APP/APP.o
 .progmem.data.__c.3085
                0x00000109        0x3 APP/APP.o
 .progmem.data.__c.3083
                0x0000010c       0x36 APP/APP.o
 .progmem.data.__c.3081
                0x00000142       0x13 APP/APP.o
 .progmem.data.__c.3079
                0x00000155       0x15 APP/APP.o
 .progmem.data.__c.3077
                0x0000016a       0x15 APP/APP.o
 .progmem.data.__c.3075
                0x0000017f       0x14 APP/APP.o
 .progmem.data.__c.3073
                0x00000193       0x36 APP/APP.o
 .progmem.data.__c.3067
                0x000001c9        0x3 APP/APP.o
 .progmem.data.__c.3065
                0x000001cc       0x36 APP/APP.o
 .progmem.data.__c.3063
                0x00000202       0x36 APP/APP.o
 .progmem.data.__c.3061
                0x00000238       0x36 APP/APP.o
 .progmem.data.__c.3059
                0x0000026e        0x3 APP/APP.o
 .progmem.data.__c.3057
                0x00000271       0x36 APP/APP.o
 .progmem.data.__c.3055
                0x000002a7       0x35 APP/APP.o
 .progmem.data.__c.3053
                0x000002dc       0x36 APP/APP.o
 .progmem.data.__c.3048
                0x00000312        0x3 APP/APP.o
 .progmem.data.__c.3046
                0x00000315       0x36 APP/APP.o
 .progmem.data.__c.3044
                0x0000034b       0x36 APP/APP.o
 .progmem.data.__c.3042
                0x00000381       0x36 APP/APP.o
 .progmem.data.__c.3040
                0x000003b7        0x3 APP/APP.o
 .progmem.data.__c.3038
                0x000003ba       0x36 APP/APP.o
 .progmem.data.__c.3036
                0x000003f0       0x36 APP/APP.o
 .progmem.data.__c.3034
                0x00000426       0x36 APP/APP.o
 .progmem.data.__c.3650
                0x0000045c        0x3 APP/ATM/ATM.o
 .progmem.data.__c.3648
                0x0000045f       0x36 APP/ATM/ATM.o
 .progmem.data.__c.3646
                0x00000495       0x36 APP/ATM/ATM.o
 .progmem.data.__c.3644
                0x000004cb       0x36 APP/ATM/ATM.o
 .progmem.data.__c.3642
                0x00000501       0x36 APP/ATM/ATM.o
 .progmem.data.__c.3634
                0x00000537       0x36 APP/ATM/ATM.o
 .progmem.data.__c.3632
                0x0000056d       0x13 APP/ATM/ATM.o
 .progmem.data.__c.3630
                0x00000580       0x14 APP/ATM/ATM.o
 .progmem.data.__c.3628
                0x00000594       0x12 APP/ATM/ATM.o
 .progmem.data.__c.3626
                0x000005a6       0x14 APP/ATM/ATM.o
 .progmem.data.__c.3624
                0x000005ba       0x36 APP/ATM/ATM.o
 .progmem.data.__c.3622
                0x000005f0        0x3 APP/ATM/ATM.o
 .progmem.data.__c.3620
                0x000005f3       0x32 APP/ATM/ATM.o
 .progmem.data.__c.3618
                0x00000625       0x32 APP/ATM/ATM.o
 .progmem.data.__c.3616
                0x00000657       0x32 APP/ATM/ATM.o
 .progmem.data.__c.3614
                0x00000689       0x32 APP/ATM/ATM.o
 .progmem.data.__c.3607
                0x000006bb        0x3 APP/ATM/ATM.o
 .progmem.data.__c.3605
                0x000006be       0x36 APP/ATM/ATM.o
 .progmem.data.__c.3603
                0x000006f4       0x36 APP/ATM/ATM.o
 .progmem.data.__c.3601
                0x0000072a       0x36 APP/ATM/ATM.o
 .progmem.data.__c.3593
                0x00000760       0x5d APP/ATM/ATM.o
 .progmem.data.__c.3591
                0x000007bd       0x5d APP/ATM/ATM.o
 .progmem.data.__c.3589
                0x0000081a       0x5d APP/ATM/ATM.o
 .progmem.data.__c.3580
                0x00000877        0x2 APP/ATM/ATM.o
 .progmem.data.__c.3578
                0x00000879       0x5d APP/ATM/ATM.o
 .progmem.data.__c.3576
                0x000008d6       0x5d APP/ATM/ATM.o
 .progmem.data.__c.3574
                0x00000933       0x5d APP/ATM/ATM.o
 .progmem.data.__c.3572
                0x00000990       0x5d APP/ATM/ATM.o
 .progmem.data.__c.3570
                0x000009ed       0x5d APP/ATM/ATM.o
 .progmem.data.__c.3568
                0x00000a4a       0x5d APP/ATM/ATM.o
 .progmem.data.__c.3566
                0x00000aa7       0x5d APP/ATM/ATM.o
 .progmem.data.__c.3564
                0x00000b04       0x5d APP/ATM/ATM.o
 .progmem.data.__c.3562
                0x00000b61        0x3 APP/ATM/ATM.o
 .progmem.data.__c.3560
                0x00000b64       0x36 APP/ATM/ATM.o
 .progmem.data.__c.3558
                0x00000b9a       0x13 APP/ATM/ATM.o
 .progmem.data.__c.3556
                0x00000bad       0x14 APP/ATM/ATM.o
 .progmem.data.__c.3554
                0x00000bc1       0x12 APP/ATM/ATM.o
 .progmem.data.__c.3552
                0x00000bd3       0x14 APP/ATM/ATM.o
 .progmem.data.__c.3550
                0x00000be7       0x36 APP/ATM/ATM.o
 .progmem.data.__c.3543
                0x00000c1d        0x3 APP/ATM/ATM.o
 .progmem.data.__c.3541
                0x00000c20       0x36 APP/ATM/ATM.o
 .progmem.data.__c.3539
                0x00000c56       0x13 APP/ATM/ATM.o
 .progmem.data.__c.3537
                0x00000c69       0x14 APP/ATM/ATM.o
 .progmem.data.__c.3535
                0x00000c7d       0x36 APP/ATM/ATM.o
 .progmem.data.__c.3533
                0x00000cb3        0x3 APP/ATM/ATM.o
 .progmem.data.__c.3531
                0x00000cb6       0x36 APP/ATM/ATM.o
 .progmem.data.__c.3529
                0x00000cec       0x14 APP/ATM/ATM.o
 .progmem.data.__c.3527
                0x00000d00       0x14 APP/ATM/ATM.o
 .progmem.data.__c.3525
                0x00000d14       0x13 APP/ATM/ATM.o
 .progmem.data.__c.3523
                0x00000d27       0x14 APP/ATM/ATM.o
 .progmem.data.__c.3521
                0x00000d3b       0x36 APP/ATM/ATM.o
 .progmem.data.__c.3519
                0x00000d71        0x3 APP/ATM/ATM.o
 .progmem.data.__c.3517
                0x00000d74       0x32 APP/ATM/ATM.o
 .progmem.data.__c.3515
                0x00000da6       0x32 APP/ATM/ATM.o
 .progmem.data.__c.3513
                0x00000dd8       0x32 APP/ATM/ATM.o
 .progmem.data.__c.3511
                0x00000e0a        0x3 APP/ATM/ATM.o
 .progmem.data.__c.3509
                0x00000e0d       0x30 APP/ATM/ATM.o
 .progmem.data.__c.3507
                0x00000e3d       0x30 APP/ATM/ATM.o
 .progmem.data.__c.3505
                0x00000e6d       0x30 APP/ATM/ATM.o
 .progmem.data.__c.3500
                0x00000e9d        0x3 APP/ATM/ATM.o
 .progmem.data.__c.3498
                0x00000ea0       0x36 APP/ATM/ATM.o
 .progmem.data.__c.3496
                0x00000ed6       0x13 APP/ATM/ATM.o
 .progmem.data.__c.3494
                0x00000ee9       0x14 APP/ATM/ATM.o
 .progmem.data.__c.3492
                0x00000efd       0x12 APP/ATM/ATM.o
 .progmem.data.__c.3490
                0x00000f0f       0x14 APP/ATM/ATM.o
 .progmem.data.__c.3488
                0x00000f23       0x36 APP/ATM/ATM.o
 .progmem.data.__c.3486
                0x00000f59        0x3 APP/ATM/ATM.o
 .progmem.data.__c.3484
                0x00000f5c       0x36 APP/ATM/ATM.o
 .progmem.data.__c.3482
                0x00000f92       0x12 APP/ATM/ATM.o
 .progmem.data.__c.3480
                0x00000fa4       0x14 APP/ATM/ATM.o
 .progmem.data.__c.3478
                0x00000fb8       0x13 APP/ATM/ATM.o
 .progmem.data.__c.3476
                0x00000fcb       0x14 APP/ATM/ATM.o
 .progmem.data.__c.3474
                0x00000fdf       0x36 APP/ATM/ATM.o
 .progmem.data.__c.3173
                0x00001015        0x3 APP/ATM/ATM.o
 .progmem.data.__c.3171
                0x00001018       0x32 APP/ATM/ATM.o
 .progmem.data.__c.3169
                0x0000104a       0x32 APP/ATM/ATM.o
 .progmem.data.__c.3167
                0x0000107c       0x32 APP/ATM/ATM.o
 .progmem.data.__c.3165
                0x000010ae        0x3 APP/ATM/ATM.o
 .progmem.data.__c.3163
                0x000010b1       0x30 APP/ATM/ATM.o
 .progmem.data.__c.3161
                0x000010e1       0x30 APP/ATM/ATM.o
 .progmem.data.__c.3159
                0x00001111       0x30 APP/ATM/ATM.o
 .progmem.data.__c.3157
                0x00001141        0x3 APP/ATM/ATM.o
 .progmem.data.__c.3155
                0x00001144       0x33 APP/ATM/ATM.o
 .progmem.data.__c.3153
                0x00001177       0x33 APP/ATM/ATM.o
 .progmem.data.__c.3151
                0x000011aa       0x33 APP/ATM/ATM.o
 .progmem.data.__c.3145
                0x000011dd        0x3 APP/ATM/ATM.o
 .progmem.data.__c.3143
                0x000011e0       0x33 APP/ATM/ATM.o
 .progmem.data.__c.3141
                0x00001213       0x33 APP/ATM/ATM.o
 .progmem.data.__c.3139
                0x00001246       0x33 APP/ATM/ATM.o
 .progmem.data.__c.3137
                0x00001279        0x3 APP/ATM/ATM.o
 .progmem.data.__c.3135
                0x0000127c       0x33 APP/ATM/ATM.o
 .progmem.data.__c.3133
                0x000012af       0x33 APP/ATM/ATM.o
 .progmem.data.__c.3131
                0x000012e2       0x33 APP/ATM/ATM.o
 .progmem.data.__c.3129
                0x00001315        0x3 APP/ATM/ATM.o
 .progmem.data.__c.3127
                0x00001318       0x33 APP/ATM/ATM.o
 .progmem.data.__c.3125
                0x0000134b       0x33 APP/ATM/ATM.o
 .progmem.data.__c.3123
                0x0000137e       0x33 APP/ATM/ATM.o
 .progmem.data.__c.3117
                0x000013b1        0x3 APP/ATM/ATM.o
 .progmem.data.__c.3115
                0x000013b4       0x33 APP/ATM/ATM.o
 .progmem.data.__c.3113
                0x000013e7       0x33 APP/ATM/ATM.o
 .progmem.data.__c.3111
                0x0000141a       0x33 APP/ATM/ATM.o
 .progmem.data.__c.3109
                0x0000144d        0x3 APP/ATM/ATM.o
 .progmem.data.__c.3107
                0x00001450       0x33 APP/ATM/ATM.o
 .progmem.data.__c.3105
                0x00001483       0x33 APP/ATM/ATM.o
 .progmem.data.__c.3103
                0x000014b6       0x33 APP/ATM/ATM.o
 .progmem.data.__c.3101
                0x000014e9        0x3 APP/ATM/ATM.o
 .progmem.data.__c.3099
                0x000014ec       0x33 APP/ATM/ATM.o
 .progmem.data.__c.3097
                0x0000151f       0x33 APP/ATM/ATM.o
 .progmem.data.__c.3095
                0x00001552       0x33 APP/ATM/ATM.o
 .progmem.data.__c.3093
                0x00001585        0x2 APP/ATM/ATM.o
 .progmem.data.__c.3091
                0x00001587       0x33 APP/ATM/ATM.o
 .progmem.data.__c.3089
                0x000015ba       0x33 APP/ATM/ATM.o
 .progmem.data.__c.3087
                0x000015ed       0x33 APP/ATM/ATM.o
 .progmem.data.__c.3085
                0x00001620        0x3 APP/ATM/ATM.o
 .progmem.data.__c.3083
                0x00001623       0x33 APP/ATM/ATM.o
 .progmem.data.__c.3081
                0x00001656       0x33 APP/ATM/ATM.o
 .progmem.data.__c.3079
                0x00001689       0x33 APP/ATM/ATM.o
 .progmem.data.__c.3077
                0x000016bc        0x3 APP/ATM/ATM.o
 .progmem.data.__c.3075
                0x000016bf       0x33 APP/ATM/ATM.o
 .progmem.data.__c.3073
                0x000016f2       0x33 APP/ATM/ATM.o
 .progmem.data.__c.3071
                0x00001725       0x33 APP/ATM/ATM.o
 .progmem.data.__c.3069
                0x00001758        0x3 APP/ATM/ATM.o
 .progmem.data.__c.3067
                0x0000175b       0x33 APP/ATM/ATM.o
 .progmem.data.__c.3065
                0x0000178e       0x33 APP/ATM/ATM.o
 .progmem.data.__c.3063
                0x000017c1       0x33 APP/ATM/ATM.o
 .progmem.data.__c.3056
                0x000017f4        0x2 APP/ATM/ATM.o
 .progmem.data.__c.3054
                0x000017f6        0x3 APP/ATM/ATM.o
 .progmem.data.__c.3052
                0x000017f9       0x5d APP/ATM/ATM.o
 .progmem.data.__c.3050
                0x00001856       0x5d APP/ATM/ATM.o
 .progmem.data.__c.3048
                0x000018b3       0x5d APP/ATM/ATM.o
 .progmem.data.__c.3046
                0x00001910       0x5d APP/ATM/ATM.o
 .progmem.data.__c.3044
                0x0000196d       0x5d APP/ATM/ATM.o
 .progmem.data.__c.3042
                0x000019ca       0x5d APP/ATM/ATM.o
 .progmem.data.__c.3040
                0x00001a27       0x5d APP/ATM/ATM.o
 .progmem.data.__c.3038
                0x00001a84       0x5d APP/ATM/ATM.o
 .progmem.data.__c.3036
                0x00001ae1       0x5d APP/ATM/ATM.o
 .progmem.data.__c.3034
                0x00001b3e       0x5d APP/ATM/ATM.o
 .progmem.data.__c.3032
                0x00001b9b       0x5d APP/ATM/ATM.o
 .progmem.data.__c.3030
                0x00001bf8       0x5d APP/ATM/ATM.o
 .progmem.data.__c.3028
                0x00001c55       0x5d APP/ATM/ATM.o
 .progmem.data.__c.3026
                0x00001cb2       0x5d APP/ATM/ATM.o
 .progmem.data.__c.3453
                0x00001d0f        0x3 APP/ATM/ATM.o
 .progmem.data.__c.3451
                0x00001d12       0x36 APP/ATM/ATM.o
 .progmem.data.__c.3449
                0x00001d48       0x36 APP/ATM/ATM.o
 .progmem.data.__c.3447
                0x00001d7e       0x36 APP/ATM/ATM.o
 .progmem.data.__c.3444
                0x00001db4        0x3 APP/ATM/ATM.o
 .progmem.data.__c.3442
                0x00001db7       0x32 APP/ATM/ATM.o
 .progmem.data.__c.3440
                0x00001de9       0x32 APP/ATM/ATM.o
 .progmem.data.__c.3438
                0x00001e1b       0x32 APP/ATM/ATM.o
 .progmem.data.__c.3434
                0x00001e4d        0x3 APP/ATM/ATM.o
 .progmem.data.__c.3432
                0x00001e50       0x38 APP/ATM/ATM.o
 .progmem.data.__c.3430
                0x00001e88       0x38 APP/ATM/ATM.o
 .progmem.data.__c.3428
                0x00001ec0       0x38 APP/ATM/ATM.o
 .progmem.data.__c.3426
                0x00001ef8        0x3 APP/ATM/ATM.o
 .progmem.data.__c.3424
                0x00001efb       0x36 APP/ATM/ATM.o
 .progmem.data.__c.3422
                0x00001f31       0x36 APP/ATM/ATM.o
 .progmem.data.__c.3420
                0x00001f67       0x36 APP/ATM/ATM.o
 .progmem.data.__c.3417
                0x00001f9d        0x3 APP/ATM/ATM.o
 .progmem.data.__c.3415
                0x00001fa0       0x36 APP/ATM/ATM.o
 .progmem.data.__c.3413
                0x00001fd6        0xe APP/ATM/ATM.o
 .progmem.data.__c.3411
                0x00001fe4       0x29 APP/ATM/ATM.o
 .progmem.data.__c.3409
                0x0000200d       0x36 APP/ATM/ATM.o
 .progmem.data.__c.3401
                0x00002043        0x3 APP/ATM/ATM.o
 .progmem.data.__c.3399
                0x00002046       0x36 APP/ATM/ATM.o
 .progmem.data.__c.3397
                0x0000207c       0x13 APP/ATM/ATM.o
 .progmem.data.__c.3395
                0x0000208f       0x14 APP/ATM/ATM.o
 .progmem.data.__c.3393
                0x000020a3       0x36 APP/ATM/ATM.o
 .progmem.data.__c.3391
                0x000020d9        0x3 APP/ATM/ATM.o
 .progmem.data.__c.3389
                0x000020dc       0x36 APP/ATM/ATM.o
 .progmem.data.__c.3387
                0x00002112       0x12 APP/ATM/ATM.o
 .progmem.data.__c.3385
                0x00002124       0x12 APP/ATM/ATM.o
 .progmem.data.__c.3383
                0x00002136       0x13 APP/ATM/ATM.o
 .progmem.data.__c.3381
                0x00002149       0x14 APP/ATM/ATM.o
 .progmem.data.__c.3379
                0x0000215d       0x36 APP/ATM/ATM.o
 .progmem.data.__c.3368
                0x00002193        0x3 APP/ATM/ATM.o
 .progmem.data.__c.3366
                0x00002196       0x36 APP/ATM/ATM.o
 .progmem.data.__c.3364
                0x000021cc       0x36 APP/ATM/ATM.o
 .progmem.data.__c.3362
                0x00002202       0x36 APP/ATM/ATM.o
 .progmem.data.__c.3359
                0x00002238        0x3 APP/ATM/ATM.o
 .progmem.data.__c.3357
                0x0000223b       0x4b APP/ATM/ATM.o
 .progmem.data.__c.3355
                0x00002286       0x4b APP/ATM/ATM.o
 .progmem.data.__c.3353
                0x000022d1       0x4b APP/ATM/ATM.o
 .progmem.data.__c.3351
                0x0000231c        0x3 APP/ATM/ATM.o
 .progmem.data.__c.3349
                0x0000231f        0x3 APP/ATM/ATM.o
 .progmem.data.__c.3347
                0x00002322       0x32 APP/ATM/ATM.o
 .progmem.data.__c.3345
                0x00002354       0x32 APP/ATM/ATM.o
 .progmem.data.__c.3343
                0x00002386       0x32 APP/ATM/ATM.o
 .progmem.data.__c.3341
                0x000023b8        0x3 APP/ATM/ATM.o
 .progmem.data.__c.3339
                0x000023bb        0x3 APP/ATM/ATM.o
 .progmem.data.__c.3337
                0x000023be       0x32 APP/ATM/ATM.o
 .progmem.data.__c.3335
                0x000023f0       0x32 APP/ATM/ATM.o
 .progmem.data.__c.3333
                0x00002422       0x32 APP/ATM/ATM.o
 .progmem.data.__c.3330
                0x00002454        0x3 APP/ATM/ATM.o
 .progmem.data.__c.3328
                0x00002457       0x3c APP/ATM/ATM.o
 .progmem.data.__c.3326
                0x00002493       0x3c APP/ATM/ATM.o
 .progmem.data.__c.3324
                0x000024cf       0x3c APP/ATM/ATM.o
 .progmem.data.__c.3322
                0x0000250b        0x3 APP/ATM/ATM.o
 .progmem.data.__c.3320
                0x0000250e       0x32 APP/ATM/ATM.o
 .progmem.data.__c.3318
                0x00002540       0x32 APP/ATM/ATM.o
 .progmem.data.__c.3316
                0x00002572       0x32 APP/ATM/ATM.o
 .progmem.data.__c.3313
                0x000025a4        0x3 APP/ATM/ATM.o
 .progmem.data.__c.3311
                0x000025a7       0x32 APP/ATM/ATM.o
 .progmem.data.__c.3309
                0x000025d9       0x32 APP/ATM/ATM.o
 .progmem.data.__c.3307
                0x0000260b       0x32 APP/ATM/ATM.o
 .progmem.data.__c.3305
                0x0000263d        0x3 APP/ATM/ATM.o
 .progmem.data.__c.3303
                0x00002640       0x32 APP/ATM/ATM.o
 .progmem.data.__c.3301
                0x00002672       0x32 APP/ATM/ATM.o
 .progmem.data.__c.3299
                0x000026a4       0x32 APP/ATM/ATM.o
 .progmem.data.__c.3297
                0x000026d6        0x3 APP/ATM/ATM.o
 .progmem.data.__c.3295
                0x000026d9       0x32 APP/ATM/ATM.o
 .progmem.data.__c.3293
                0x0000270b       0x32 APP/ATM/ATM.o
 .progmem.data.__c.3291
                0x0000273d       0x32 APP/ATM/ATM.o
 .progmem.data.__c.3289
                0x0000276f        0x3 APP/ATM/ATM.o
 .progmem.data.__c.3287
                0x00002772       0x32 APP/ATM/ATM.o
 .progmem.data.__c.3285
                0x000027a4       0x32 APP/ATM/ATM.o
 .progmem.data.__c.3283
                0x000027d6       0x32 APP/ATM/ATM.o
 .progmem.data.__c.3279
                0x00002808        0x3 APP/ATM/ATM.o
 .progmem.data.__c.3277
                0x0000280b       0x32 APP/ATM/ATM.o
 .progmem.data.__c.3275
                0x0000283d       0x32 APP/ATM/ATM.o
 .progmem.data.__c.3273
                0x0000286f       0x32 APP/ATM/ATM.o
 .progmem.data.__c.3271
                0x000028a1        0x3 APP/ATM/ATM.o
 .progmem.data.__c.3269
                0x000028a4       0x32 APP/ATM/ATM.o
 .progmem.data.__c.3267
                0x000028d6       0x32 APP/ATM/ATM.o
 .progmem.data.__c.3265
                0x00002908       0x32 APP/ATM/ATM.o
 .progmem.data.__c.3263
                0x0000293a        0x3 APP/ATM/ATM.o
 .progmem.data.__c.3261
                0x0000293d       0x32 APP/ATM/ATM.o
 .progmem.data.__c.3259
                0x0000296f       0x32 APP/ATM/ATM.o
 .progmem.data.__c.3257
                0x000029a1       0x32 APP/ATM/ATM.o
 .progmem.data.__c.3255
                0x000029d3        0x3 APP/ATM/ATM.o
 .progmem.data.__c.3253
                0x000029d6        0x3 APP/ATM/ATM.o
 .progmem.data.__c.3251
                0x000029d9       0x32 APP/ATM/ATM.o
 .progmem.data.__c.3249
                0x00002a0b       0x32 APP/ATM/ATM.o
 .progmem.data.__c.3247
                0x00002a3d       0x32 APP/ATM/ATM.o
 .progmem.data.__c.3245
                0x00002a6f        0x3 APP/ATM/ATM.o
 .progmem.data.__c.3243
                0x00002a72        0x3 APP/ATM/ATM.o
 .progmem.data.__c.3241
                0x00002a75       0x32 APP/ATM/ATM.o
 .progmem.data.__c.3239
                0x00002aa7       0x32 APP/ATM/ATM.o
 .progmem.data.__c.3237
                0x00002ad9       0x32 APP/ATM/ATM.o
 .progmem.data.__c.3234
                0x00002b0b        0x3 APP/ATM/ATM.o
 .progmem.data.__c.3232
                0x00002b0e        0x2 APP/ATM/ATM.o
 .progmem.data.__c.3230
                0x00002b10       0x5d APP/ATM/ATM.o
 .progmem.data.__c.3228
                0x00002b6d       0x5d APP/ATM/ATM.o
 .progmem.data.__c.3226
                0x00002bca       0x5d APP/ATM/ATM.o
 .progmem.data.__c.3224
                0x00002c27       0x5d APP/ATM/ATM.o
 .progmem.data.__c.3222
                0x00002c84       0x5d APP/ATM/ATM.o
 .progmem.data.__c.3220
                0x00002ce1       0x5d APP/ATM/ATM.o
 .progmem.data.__c.3218
                0x00002d3e       0x5d APP/ATM/ATM.o
 .progmem.data.__c.3216
                0x00002d9b       0x5d APP/ATM/ATM.o
 .progmem.data.__c.3214
                0x00002df8       0x5d APP/ATM/ATM.o
 .progmem.data.__c.3212
                0x00002e55       0x5d APP/ATM/ATM.o
 .progmem.data.__c.3210
                0x00002eb2       0x5d APP/ATM/ATM.o
 .progmem.data.__c.3201
                0x00002f0f        0x3 APP/ATM/ATM.o
 .progmem.data.__c.3199
                0x00002f12       0x32 APP/ATM/ATM.o
 .progmem.data.__c.3197
                0x00002f44       0x32 APP/ATM/ATM.o
 .progmem.data.__c.3195
                0x00002f76       0x32 APP/ATM/ATM.o
 .progmem.data.__c.3193
                0x00002fa8        0x3 APP/ATM/ATM.o
 .progmem.data.__c.3191
                0x00002fab       0x32 APP/ATM/ATM.o
 .progmem.data.__c.3189
                0x00002fdd       0x32 APP/ATM/ATM.o
 .progmem.data.__c.3187
                0x0000300f       0x32 APP/ATM/ATM.o
 .progmem.data.__c.3185
                0x00003041        0x3 APP/ATM/ATM.o
 .progmem.data.__c.3183
                0x00003044       0x32 APP/ATM/ATM.o
 .progmem.data.__c.3181
                0x00003076       0x32 APP/ATM/ATM.o
 .progmem.data.__c.3179
                0x000030a8       0x32 APP/ATM/ATM.o
 .progmem.data.LCD_StrF
                0x000030da      0x1a4 APP/ATM/ATM.o
                0x000030da                LCD_StrF
 .progmem.data.__c.3015
                0x0000327e       0x1a APP/SERVER/Server.o
                0x00003298                . = ALIGN (0x2)
 *(.jumptables)
 *(.jumptables*)
 *(.lowtext)
 *(.lowtext*)
                0x00003298                __ctors_start = .
 *(.ctors)
                0x00003298                __ctors_end = .
                0x00003298                __dtors_start = .
 *(.dtors)
                0x00003298                __dtors_end = .
 SORT(*)(.ctors)
 SORT(*)(.dtors)
 *(.init0)
 .init0         0x00003298        0x0 C:/Program Files (x86)/Atmel/Studio/7.0/Packs/atmel/ATmega_DFP/1.6.364/gcc/dev/atmega32a/avr5/crtatmega32a.o
                0x00003298                __init
 *(.init0)
 *(.init1)
 *(.init1)
 *(.init2)
 .init2         0x00003298        0xc C:/Program Files (x86)/Atmel/Studio/7.0/Packs/atmel/ATmega_DFP/1.6.364/gcc/dev/atmega32a/avr5/crtatmega32a.o
 *(.init2)
 *(.init3)
 *(.init3)
 *(.init4)
 .init4         0x000032a4       0x16 c:/program files (x86)/atmel/studio/7.0/toolchain/avr8/avr8-gnu-toolchain/bin/../lib/gcc/avr/5.4.0/avr5\libgcc.a(_copy_data.o)
                0x000032a4                __do_copy_data
 .init4         0x000032ba       0x10 c:/program files (x86)/atmel/studio/7.0/toolchain/avr8/avr8-gnu-toolchain/bin/../lib/gcc/avr/5.4.0/avr5\libgcc.a(_clear_bss.o)
                0x000032ba                __do_clear_bss
 *(.init4)
 *(.init5)
 *(.init5)
 *(.init6)
 *(.init6)
 *(.init7)
 *(.init7)
 *(.init8)
 *(.init8)
 *(.init9)
 .init9         0x000032ca        0x8 C:/Program Files (x86)/Atmel/Studio/7.0/Packs/atmel/ATmega_DFP/1.6.364/gcc/dev/atmega32a/avr5/crtatmega32a.o
 *(.init9)
 *(.text)
 .text          0x000032d2        0x4 C:/Program Files (x86)/Atmel/Studio/7.0/Packs/atmel/ATmega_DFP/1.6.364/gcc/dev/atmega32a/avr5/crtatmega32a.o
                0x000032d2                __vector_12
                0x000032d2                __bad_interrupt
                0x000032d2                __vector_6
                0x000032d2                __vector_11
                0x000032d2                __vector_13
                0x000032d2                __vector_17
                0x000032d2                __vector_19
                0x000032d2                __vector_7
                0x000032d2                __vector_5
                0x000032d2                __vector_4
                0x000032d2                __vector_15
                0x000032d2                __vector_8
                0x000032d2                __vector_14
                0x000032d2                __vector_10
                0x000032d2                __vector_18
                0x000032d2                __vector_20
                0x000032d6                . = ALIGN (0x2)
 *(.text.*)
 .text.INT0_CALLBACK
                0x000032d6        0x2 APP/APP.o
                0x000032d6                INT0_CALLBACK
 .text.Tim_1_CallBAck
                0x000032d8        0x2 APP/APP.o
                0x000032d8                Tim_1_CallBAck
 .text.usart_putchar_printf
                0x000032da       0x46 APP/APP.o
                0x000032da                usart_putchar_printf
 .text.App_Get_Command
                0x00003320      0x1a4 APP/APP.o
                0x00003320                App_Get_Command
 .text.APP_UPdate
                0x000034c4      0x138 APP/APP.o
                0x000034c4                APP_UPdate
 .text.ATM_Buttons_GPIO_Init
                0x000035fc       0x4a APP/APP.o
                0x000035fc                ATM_Buttons_GPIO_Init
 .text.APP_Init
                0x00003646       0x9e APP/APP.o
                0x00003646                APP_Init
 .text.__vector_9
                0x000036e4       0x14 APP/APP.o
                0x000036e4                __vector_9
 .text.ATM_Get_UserCommand
                0x000036f8       0xf2 APP/ATM/ATM.o
 .text.ATM_Collect_CardData
                0x000037ea      0x11e APP/ATM/ATM.o
 .text.Print_F  0x00003908       0x1a APP/ATM/ATM.o
                0x00003908                Print_F
 .text.ATM_Terminal_GetString
                0x00003922       0x40 APP/ATM/ATM.o
                0x00003922                ATM_Terminal_GetString
 .text.ATM_Add_CardData
                0x00003962      0x1ee APP/ATM/ATM.o
 .text.ATM_Remove_Card
                0x00003b50      0x102 APP/ATM/ATM.o
 .text.ATM_Search_Card_WithPAN
                0x00003c52      0x108 APP/ATM/ATM.o
 .text.ATM_Search_Card_ByName
                0x00003d5a      0x102 APP/ATM/ATM.o
                0x00003d5a                ATM_Search_Card_ByName
 .text.ATM_Admin_Modifying_Data
                0x00003e5c      0x52a APP/ATM/ATM.o
                0x00003e5c                ATM_Admin_Modifying_Data
 .text.ATM_Programming_mode
                0x00004386      0x2f0 APP/ATM/ATM.o
                0x00004386                ATM_Programming_mode
 .text.ATM_Operation_mode
                0x00004676      0x79c APP/ATM/ATM.o
                0x00004676                ATM_Operation_mode
 .text.ATM_Lock_Fun
                0x00004e12       0x72 APP/ATM/ATM.o
                0x00004e12                ATM_Lock_Fun
 .text.SERVER_OPER_DataBase_Reset
                0x00004e84       0x38 APP/SERVER/Server.o
                0x00004e84                SERVER_OPER_DataBase_Reset
 .text.SERVER_OPER_Search_CARD
                0x00004ebc       0xe6 APP/SERVER/Server.o
                0x00004ebc                SERVER_OPER_Search_CARD
 .text.SERVER_OPER_Add_CARD
                0x00004fa2       0xa8 APP/SERVER/Server.o
                0x00004fa2                SERVER_OPER_Add_CARD
 .text.SERVER_OPER_Remove_CARD
                0x0000504a       0x70 APP/SERVER/Server.o
                0x0000504a                SERVER_OPER_Remove_CARD
 .text.SERVER_OPER_GetTotal_CARDNum
                0x000050ba       0x2c APP/SERVER/Server.o
                0x000050ba                SERVER_OPER_GetTotal_CARDNum
 .text.SERVER_ADMIN_Set_Pass
                0x000050e6       0x54 APP/SERVER/Server.o
                0x000050e6                SERVER_ADMIN_Set_Pass
 .text.SERVER_ADMIN_Get_Pass
                0x0000513a       0x58 APP/SERVER/Server.o
                0x0000513a                SERVER_ADMIN_Get_Pass
 .text.SERVER_ADMIN_Set_Temp
                0x00005192       0x40 APP/SERVER/Server.o
                0x00005192                SERVER_ADMIN_Set_Temp
 .text.SERVER_ADMIN_Get_Temp
                0x000051d2       0x10 APP/SERVER/Server.o
                0x000051d2                SERVER_ADMIN_Get_Temp
 .text.SERVER_ADMIN_Error
                0x000051e2       0x7c APP/SERVER/Server.o
                0x000051e2                SERVER_ADMIN_Error
 .text.SERVER_ADMIN_Error_Get
                0x0000525e       0x5e APP/SERVER/Server.o
                0x0000525e                SERVER_ADMIN_Error_Get
 .text.SERVER_ADMIN_Set_MAximum_DailyAmount
                0x000052bc       0x10 APP/SERVER/Server.o
                0x000052bc                SERVER_ADMIN_Set_MAximum_DailyAmount
 .text.KeyPad_Initialization
                0x000052cc       0x92 HAL/Atmega32a KeyPad/KedPad.o
                0x000052cc                KeyPad_Initialization
 .text.KeyPad_GetPressedKey
                0x0000535e       0xcc HAL/Atmega32a KeyPad/KedPad.o
                0x0000535e                KeyPad_GetPressedKey
 .text.LCD_Triger_Enable
                0x0000542a       0x3a HAL/Atmega32a lcd/Lcd-Driver.o
 .text.LCD_Send_4BitData
                0x00005464       0xb8 HAL/Atmega32a lcd/Lcd-Driver.o
 .text.LCD_Send_Character_CurrLoc
                0x0000551c       0x34 HAL/Atmega32a lcd/Lcd-Driver.o
                0x0000551c                LCD_Send_Character_CurrLoc
 .text.LCD_Send_Command
                0x00005550       0x34 HAL/Atmega32a lcd/Lcd-Driver.o
                0x00005550                LCD_Send_Command
 .text.LCD_Send_String_CurrLoc
                0x00005584       0x1a HAL/Atmega32a lcd/Lcd-Driver.o
                0x00005584                LCD_Send_String_CurrLoc
 .text.LCD_Goto_Location
                0x0000559e       0x3a HAL/Atmega32a lcd/Lcd-Driver.o
                0x0000559e                LCD_Goto_Location
 .text.LCD_Send_Character_WithLoc
                0x000055d8       0x38 HAL/Atmega32a lcd/Lcd-Driver.o
                0x000055d8                LCD_Send_Character_WithLoc
 .text.LCD_Initializaion
                0x00005610       0x88 HAL/Atmega32a lcd/Lcd-Driver.o
                0x00005610                LCD_Initializaion
 .text.LCD_Send_String_WithLoc
                0x00005698       0x1e HAL/Atmega32a lcd/Lcd-Driver.o
                0x00005698                LCD_Send_String_WithLoc
 .text.LCD_Send_Integer_CurrLoc
                0x000056b6       0x58 HAL/Atmega32a lcd/Lcd-Driver.o
                0x000056b6                LCD_Send_Integer_CurrLoc
 .text.EEPROM_Init
                0x0000570e        0xc HAL/EEPROM/EEPROM.o
                0x0000570e                EEPROM_Init
 .text.EEPROM_ReadByteS
                0x0000571a       0xc4 HAL/EEPROM/EEPROM.o
                0x0000571a                EEPROM_ReadByteS
 .text.EEPROM_WriteByteS
                0x000057de       0xc4 HAL/EEPROM/EEPROM.o
                0x000057de                EEPROM_WriteByteS
 .text.Button_Init
                0x000058a2       0x60 HAL/LED_BUTTONS/But_LED.o
                0x000058a2                Button_Init
 .text.Button_Read
                0x00005902       0x2e HAL/LED_BUTTONS/But_LED.o
                0x00005902                Button_Read
 .text.main     0x00005930        0xa main.o
                0x00005930                main
 .text.EXTI_Init
                0x0000593a       0x68 MCAL/EXTI/HAL_EXIT.o
                0x0000593a                EXTI_Init
 .text.EXIT_INT0_CallBack
                0x000059a2        0xa MCAL/EXTI/HAL_EXIT.o
                0x000059a2                EXIT_INT0_CallBack
 .text.__vector_1
                0x000059ac       0x4e MCAL/EXTI/HAL_EXIT.o
                0x000059ac                __vector_1
 .text.__vector_2
                0x000059fa       0x4e MCAL/EXTI/HAL_EXIT.o
                0x000059fa                __vector_2
 .text.__vector_3
                0x00005a48       0x4e MCAL/EXTI/HAL_EXIT.o
                0x00005a48                __vector_3
 .text.ADC_START
                0x00005a96        0x8 MCAL/HAL_ADC/HAL_ADC.o
 .text.ADC_Init
                0x00005a9e       0x38 MCAL/HAL_ADC/HAL_ADC.o
                0x00005a9e                ADC_Init
 .text.ADC_Get_Value_IT
                0x00005ad6       0x36 MCAL/HAL_ADC/HAL_ADC.o
                0x00005ad6                ADC_Get_Value_IT
 .text.__vector_16
                0x00005b0c       0xee MCAL/HAL_ADC/HAL_ADC.o
                0x00005b0c                __vector_16
 .text.HAL_GPIO_Pin_Init
                0x00005bfa       0x26 MCAL/HAL_GPIO/HAL_GPIO.o
                0x00005bfa                HAL_GPIO_Pin_Init
 .text.HAL_GPIO_READPIN
                0x00005c20       0x10 MCAL/HAL_GPIO/HAL_GPIO.o
                0x00005c20                HAL_GPIO_READPIN
 .text.HAL_GPIO_WRITEPIN
                0x00005c30       0x1a MCAL/HAL_GPIO/HAL_GPIO.o
                0x00005c30                HAL_GPIO_WRITEPIN
 .text.I2C_Init
                0x00005c4a       0x82 MCAL/HAL_I2C/HAL_I2C.o
                0x00005c4a                I2C_Init
 .text.HAL_I2C_Mem_Write
                0x00005ccc       0x86 MCAL/HAL_I2C/HAL_I2C.o
                0x00005ccc                HAL_I2C_Mem_Write
 .text.HAL_I2C_Mem_Read
                0x00005d52       0xc2 MCAL/HAL_I2C/HAL_I2C.o
                0x00005d52                HAL_I2C_Mem_Read
 .text.HAL_SPI_Init
                0x00005e14       0xc4 MCAL/HAL_SPI/HAL_SPI.o
                0x00005e14                HAL_SPI_Init
 .text.HAL_SPI_Recieve
                0x00005ed8       0x3e MCAL/HAL_SPI/HAL_SPI.o
                0x00005ed8                HAL_SPI_Recieve
 .text.TIM_NormalModeInit
                0x00005f16       0x2e MCAL/Timer/TIMER_Interface.o
                0x00005f16                TIM_NormalModeInit
 .text.TIM_Start
                0x00005f44       0x56 MCAL/Timer/TIMER_Interface.o
                0x00005f44                TIM_Start
 .text.TIM_CallBack_FuctionSet
                0x00005f9a       0x38 MCAL/Timer/TIMER_Interface.o
                0x00005f9a                TIM_CallBack_FuctionSet
 .text.HAL_UART_Init
                0x00005fd2       0x72 MCAL/UART/HAL_Uart.o
                0x00005fd2                HAL_UART_Init
 .text.HAL_UART_TRANSMIT
                0x00006044       0x3a MCAL/UART/HAL_Uart.o
                0x00006044                HAL_UART_TRANSMIT
 .text.HAL_UART_RECEIVE
                0x0000607e      0x10c MCAL/UART/HAL_Uart.o
                0x0000607e                HAL_UART_RECEIVE
 .text.avr-libc.fplib
                0x0000618a        0x8 c:/program files (x86)/atmel/studio/7.0/toolchain/avr8/avr8-gnu-toolchain/bin/../lib/gcc/avr/5.4.0/../../../../avr/lib/avr5\libm.a(divsf3.o)
                0x0000618a                __divsf3
 .text.avr-libc.fplib
                0x00006192       0xdc c:/program files (x86)/atmel/studio/7.0/toolchain/avr8/avr8-gnu-toolchain/bin/../lib/gcc/avr/5.4.0/../../../../avr/lib/avr5\libm.a(divsf3x.o)
                0x000061b2                __divsf3x
                0x000061b8                __divsf3_pse
 .text.avr-libc.fplib
                0x0000626e       0x5e c:/program files (x86)/atmel/studio/7.0/toolchain/avr8/avr8-gnu-toolchain/bin/../lib/gcc/avr/5.4.0/../../../../avr/lib/avr5\libm.a(fixunssfsi.o)
                0x0000626e                __fixunssfsi
 .text.avr-libc.fplib
                0x000062cc       0x7a c:/program files (x86)/atmel/studio/7.0/toolchain/avr8/avr8-gnu-toolchain/bin/../lib/gcc/avr/5.4.0/../../../../avr/lib/avr5\libm.a(floatsisf.o)
                0x000062cc                __floatunsisf
                0x000062d0                __floatsisf
 .text.avr-libc.fplib
                0x00006346        0xc c:/program files (x86)/atmel/studio/7.0/toolchain/avr8/avr8-gnu-toolchain/bin/../lib/gcc/avr/5.4.0/../../../../avr/lib/avr5\libm.a(fp_inf.o)
                0x00006346                __fp_inf
 .text.avr-libc.fplib
                0x00006352        0x6 c:/program files (x86)/atmel/studio/7.0/toolchain/avr8/avr8-gnu-toolchain/bin/../lib/gcc/avr/5.4.0/../../../../avr/lib/avr5\libm.a(fp_nan.o)
                0x00006352                __fp_nan
 .text.avr-libc.fplib
                0x00006358        0xe c:/program files (x86)/atmel/studio/7.0/toolchain/avr8/avr8-gnu-toolchain/bin/../lib/gcc/avr/5.4.0/../../../../avr/lib/avr5\libm.a(fp_pscA.o)
                0x00006358                __fp_pscA
 .text.avr-libc.fplib
                0x00006366        0xe c:/program files (x86)/atmel/studio/7.0/toolchain/avr8/avr8-gnu-toolchain/bin/../lib/gcc/avr/5.4.0/../../../../avr/lib/avr5\libm.a(fp_pscB.o)
                0x00006366                __fp_pscB
 .text.avr-libc.fplib
                0x00006374       0x22 c:/program files (x86)/atmel/studio/7.0/toolchain/avr8/avr8-gnu-toolchain/bin/../lib/gcc/avr/5.4.0/../../../../avr/lib/avr5\libm.a(fp_round.o)
                0x00006374                __fp_round
 .text.avr-libc.fplib
                0x00006396       0x44 c:/program files (x86)/atmel/studio/7.0/toolchain/avr8/avr8-gnu-toolchain/bin/../lib/gcc/avr/5.4.0/../../../../avr/lib/avr5\libm.a(fp_split3.o)
                0x00006396                __fp_split3
                0x000063a6                __fp_splitA
 .text.avr-libc.fplib
                0x000063da        0xe c:/program files (x86)/atmel/studio/7.0/toolchain/avr8/avr8-gnu-toolchain/bin/../lib/gcc/avr/5.4.0/../../../../avr/lib/avr5\libm.a(fp_zero.o)
                0x000063da                __fp_zero
                0x000063dc                __fp_szero
 .text.avr-libc.fplib
                0x000063e8        0x8 c:/program files (x86)/atmel/studio/7.0/toolchain/avr8/avr8-gnu-toolchain/bin/../lib/gcc/avr/5.4.0/../../../../avr/lib/avr5\libm.a(mulsf3.o)
                0x000063e8                __mulsf3
 .text.avr-libc.fplib
                0x000063f0       0xd2 c:/program files (x86)/atmel/studio/7.0/toolchain/avr8/avr8-gnu-toolchain/bin/../lib/gcc/avr/5.4.0/../../../../avr/lib/avr5\libm.a(mulsf3x.o)
                0x0000640e                __mulsf3x
                0x00006414                __mulsf3_pse
 .text.libgcc.div
                0x000064c2       0x44 c:/program files (x86)/atmel/studio/7.0/toolchain/avr8/avr8-gnu-toolchain/bin/../lib/gcc/avr/5.4.0/avr5\libgcc.a(_udivmodsi4.o)
                0x000064c2                __udivmodsi4
 .text.libgcc   0x00006506        0xc c:/program files (x86)/atmel/studio/7.0/toolchain/avr8/avr8-gnu-toolchain/bin/../lib/gcc/avr/5.4.0/avr5\libgcc.a(_tablejump2.o)
                0x00006506                __tablejump2__
 .text.libgcc.builtins
                0x00006512       0x3c c:/program files (x86)/atmel/studio/7.0/toolchain/avr8/avr8-gnu-toolchain/bin/../lib/gcc/avr/5.4.0/avr5\libgcc.a(_ashrdi3.o)
                0x00006512                __ashrdi3
                0x00006516                __lshrdi3
 .text.libgcc   0x0000654e       0x18 c:/program files (x86)/atmel/studio/7.0/toolchain/avr8/avr8-gnu-toolchain/bin/../lib/gcc/avr/5.4.0/avr5\libgcc.a(_adddi3_s8.o)
                0x0000654e                __adddi3_s8
 .text.avr-libc
                0x00006566       0x3c c:/program files (x86)/atmel/studio/7.0/toolchain/avr8/avr8-gnu-toolchain/bin/../lib/gcc/avr/5.4.0/../../../../avr/lib/avr5\libc.a(atoi.o)
                0x00006566                atoi
 .text.avr-libc
                0x000065a2        0xe c:/program files (x86)/atmel/studio/7.0/toolchain/avr8/avr8-gnu-toolchain/bin/../lib/gcc/avr/5.4.0/../../../../avr/lib/avr5\libc.a(strcpy_P.o)
                0x000065a2                strcpy_P
 .text.avr-libc
                0x000065b0        0xe c:/program files (x86)/atmel/studio/7.0/toolchain/avr8/avr8-gnu-toolchain/bin/../lib/gcc/avr/5.4.0/../../../../avr/lib/avr5\libc.a(memset.o)
                0x000065b0                memset
 .text.avr-libc
                0x000065be       0x12 c:/program files (x86)/atmel/studio/7.0/toolchain/avr8/avr8-gnu-toolchain/bin/../lib/gcc/avr/5.4.0/../../../../avr/lib/avr5\libc.a(strcmp.o)
                0x000065be                strcmp
 .text.avr-libc
                0x000065d0       0x16 c:/program files (x86)/atmel/studio/7.0/toolchain/avr8/avr8-gnu-toolchain/bin/../lib/gcc/avr/5.4.0/../../../../avr/lib/avr5\libc.a(itoa.o)
                0x000065d0                __itoa
                0x000065d0                itoa
 .text.avr-libc
                0x000065e6       0x16 c:/program files (x86)/atmel/studio/7.0/toolchain/avr8/avr8-gnu-toolchain/bin/../lib/gcc/avr/5.4.0/../../../../avr/lib/avr5\libc.a(itoa_ncheck.o)
                0x000065e6                __itoa_ncheck
 .text.avr-libc
                0x000065fc       0x10 c:/program files (x86)/atmel/studio/7.0/toolchain/avr8/avr8-gnu-toolchain/bin/../lib/gcc/avr/5.4.0/../../../../avr/lib/avr5\libc.a(mul10.o)
                0x000065fc                __mulhi_const_10
 .text.avr-libc
                0x0000660c       0x34 c:/program files (x86)/atmel/studio/7.0/toolchain/avr8/avr8-gnu-toolchain/bin/../lib/gcc/avr/5.4.0/../../../../avr/lib/avr5\libc.a(utoa_ncheck.o)
                0x0000660c                __utoa_ncheck
                0x0000660e                __utoa_common
 .text.avr-libc
                0x00006640       0x2c c:/program files (x86)/atmel/studio/7.0/toolchain/avr8/avr8-gnu-toolchain/bin/../lib/gcc/avr/5.4.0/../../../../avr/lib/avr5\libc.a(printf.o)
                0x00006640                printf
 .text.avr-libc
                0x0000666c       0x4c c:/program files (x86)/atmel/studio/7.0/toolchain/avr8/avr8-gnu-toolchain/bin/../lib/gcc/avr/5.4.0/../../../../avr/lib/avr5\libc.a(printf_p.o)
                0x0000666c                printf_P
 .text.avr-libc
                0x000066b8      0x3c2 c:/program files (x86)/atmel/studio/7.0/toolchain/avr8/avr8-gnu-toolchain/bin/../lib/gcc/avr/5.4.0/../../../../avr/lib/avr5\libc.a(vfprintf_std.o)
                0x000066b8                vfprintf
 .text.avr-libc
                0x00006a7a       0x16 c:/program files (x86)/atmel/studio/7.0/toolchain/avr8/avr8-gnu-toolchain/bin/../lib/gcc/avr/5.4.0/../../../../avr/lib/avr5\libc.a(strnlen_P.o)
                0x00006a7a                strnlen_P
 .text.avr-libc
                0x00006a90       0x16 c:/program files (x86)/atmel/studio/7.0/toolchain/avr8/avr8-gnu-toolchain/bin/../lib/gcc/avr/5.4.0/../../../../avr/lib/avr5\libc.a(strnlen.o)
                0x00006a90                strnlen
 .text.avr-libc
                0x00006aa6       0x20 c:/program files (x86)/atmel/studio/7.0/toolchain/avr8/avr8-gnu-toolchain/bin/../lib/gcc/avr/5.4.0/../../../../avr/lib/avr5\libc.a(strrev.o)
                0x00006aa6                strrev
 .text.avr-libc
                0x00006ac6       0x78 c:/program files (x86)/atmel/studio/7.0/toolchain/avr8/avr8-gnu-toolchain/bin/../lib/gcc/avr/5.4.0/../../../../avr/lib/avr5\libc.a(fputc.o)
                0x00006ac6                fputc
 .text.avr-libc
                0x00006b3e       0xbc c:/program files (x86)/atmel/studio/7.0/toolchain/avr8/avr8-gnu-toolchain/bin/../lib/gcc/avr/5.4.0/../../../../avr/lib/avr5\libc.a(ultoa_invert.o)
                0x00006b3e                __ultoa_invert
 .text.libgcc.prologue
                0x00006bfa       0x38 c:/program files (x86)/atmel/studio/7.0/toolchain/avr8/avr8-gnu-toolchain/bin/../lib/gcc/avr/5.4.0/avr5\libgcc.a(_prologue.o)
                0x00006bfa                __prologue_saves__
 .text.libgcc.prologue
                0x00006c32       0x36 c:/program files (x86)/atmel/studio/7.0/toolchain/avr8/avr8-gnu-toolchain/bin/../lib/gcc/avr/5.4.0/avr5\libgcc.a(_epilogue.o)
                0x00006c32                __epilogue_restores__
                0x00006c68                . = ALIGN (0x2)
 *(.fini9)
 .fini9         0x00006c68        0x0 c:/program files (x86)/atmel/studio/7.0/toolchain/avr8/avr8-gnu-toolchain/bin/../lib/gcc/avr/5.4.0/avr5\libgcc.a(_exit.o)
                0x00006c68                _exit
                0x00006c68                exit
 *(.fini9)
 *(.fini8)
 *(.fini8)
 *(.fini7)
 *(.fini7)
 *(.fini6)
 *(.fini6)
 *(.fini5)
 *(.fini5)
 *(.fini4)
 *(.fini4)
 *(.fini3)
 *(.fini3)
 *(.fini2)
 *(.fini2)
 *(.fini1)
 *(.fini1)
 *(.fini0)
 .fini0         0x00006c68        0x4 c:/program files (x86)/atmel/studio/7.0/toolchain/avr8/avr8-gnu-toolchain/bin/../lib/gcc/avr/5.4.0/avr5\libgcc.a(_exit.o)
 *(.fini0)
                0x00006c6c                _etext = .

.data           0x00800060      0x10c load address 0x00006c6c
                0x00800060                PROVIDE (__data_start, .)
 *(.data)
 *(.data*)
 .data.ADC_Handler
                0x00800060        0x7 APP/APP.o
                0x00800060                ADC_Handler
 .data.Tim_1_Handler
                0x00800067        0xa APP/APP.o
                0x00800067                Tim_1_Handler
 .data.ATM_Buttons
                0x00800071        0x6 APP/APP.o
                0x00800071                ATM_Buttons
 .data.UART_Handler
                0x00800077       0x11 APP/APP.o
                0x00800077                UART_Handler
 .data.SPI_Handler
                0x00800088        0xe APP/APP.o
                0x00800088                SPI_Handler
 .data.I2C_Handler
                0x00800096        0x9 APP/APP.o
                0x00800096                I2C_Handler
 .data.mystdout
                0x0080009f        0xe APP/APP.o
 .data.MaxDailyWithDraw
                0x008000ad        0x4 APP/ATM/ATM.o
                0x008000ad                MaxDailyWithDraw
 .data.CardBalance
                0x008000b1        0x4 APP/ATM/ATM.o
                0x008000b1                CardBalance
 .data.TempBlance
                0x008000b5        0x6 APP/ATM/ATM.o
                0x008000b5                TempBlance
 .data.KeyPad   0x008000bb       0x15 HAL/Atmega32a KeyPad/KeyPad_Pins.o
                0x008000bb                KeyPad
 .data.arr_KeyPad_char
                0x008000d0        0xc HAL/Atmega32a KeyPad/KeyPad_Pins.o
                0x008000d0                arr_KeyPad_char
 .data.LcdBitSelect
                0x008000dc       0x15 HAL/Atmega32a lcd/LCD_Pins.o
                0x008000dc                LcdBitSelect
 *(.gnu.linkonce.d*)
 *(.rodata)
 .rodata        0x008000f1        0xa APP/SERVER/Server.o
 *(.rodata*)
 .rodata.str1.1
                0x008000fb       0x1f APP/APP.o
 .rodata.str1.1
                0x0080011a       0x52 APP/ATM/ATM.o
 *(.gnu.linkonce.r*)
                0x0080016c                . = ALIGN (0x2)
                0x0080016c                _edata = .
                0x0080016c                PROVIDE (__data_end, .)

.bss            0x0080016c       0x86
                0x0080016c                PROVIDE (__bss_start, .)
 *(.bss)
 *(.bss*)
 .bss.EXIT_Handler
                0x0080016c        0x2 APP/APP.o
                0x0080016c                EXIT_Handler
 .bss.Max_Temp  0x0080016e        0x2 APP/APP.o
                0x0080016e                Max_Temp
 .bss.Buffer_Ram.3017
                0x00800170       0x14 APP/ATM/ATM.o
 .bss.ExitFlag  0x00800184        0x1 APP/ATM/ATM.o
                0x00800184                ExitFlag
 .bss.CardAdd   0x00800185        0x2 APP/ATM/ATM.o
                0x00800185                CardAdd
 .bss.UserTransAmount
                0x00800187        0x4 APP/ATM/ATM.o
                0x00800187                UserTransAmount
 .bss.CardDataExist
                0x0080018b        0x1 APP/ATM/ATM.o
                0x0080018b                CardDataExist
 .bss.KeyPad_Key
                0x0080018c        0x1 APP/ATM/ATM.o
                0x0080018c                KeyPad_Key
 .bss.TempNumCards
                0x0080018d        0x2 APP/SERVER/Server.o
                0x0080018d                TempNumCards
 .bss.TempAdd   0x0080018f        0x2 APP/SERVER/Server.o
                0x0080018f                TempAdd
 .bss.TempCardData
                0x00800191       0x23 APP/SERVER/Server.o
                0x00800191                TempCardData
 .bss.KeyPad_gpio
                0x008001b4        0x3 HAL/Atmega32a KeyPad/KedPad.o
 .bss.ADC_GPIO  0x008001b7        0x3 MCAL/HAL_ADC/HAL_ADC.o
 .bss.value     0x008001ba        0x4 MCAL/HAL_ADC/HAL_ADC.o
                0x008001ba                value
 *(COMMON)
 COMMON         0x008001be        0x5 APP/APP.o
                0x008001be                strMax_Temp
 COMMON         0x008001c3       0x23 APP/ATM/ATM.o
                0x008001c3                CardData
 COMMON         0x008001e6        0x6 MCAL/EXTI/HAL_EXIT.o
                0x008001e6                ptr_INT0
                0x008001e8                ptr_INT2
                0x008001ea                ptr_INT1
 COMMON         0x008001ec        0x6 c:/program files (x86)/atmel/studio/7.0/toolchain/avr8/avr8-gnu-toolchain/bin/../lib/gcc/avr/5.4.0/../../../../avr/lib/avr5\libc.a(iob.o)
                0x008001ec                __iob
                0x008001f2                PROVIDE (__bss_end, .)
                0x00006c6c                __data_load_start = LOADADDR (.data)
                0x00006d78                __data_load_end = (__data_load_start + SIZEOF (.data))

.noinit         0x008001f2        0x0
                [!provide]                PROVIDE (__noinit_start, .)
 *(.noinit*)
                [!provide]                PROVIDE (__noinit_end, .)
                0x008001f2                _end = .
                [!provide]                PROVIDE (__heap_start, .)

.eeprom         0x00810000        0x0
 *(.eeprom*)
                0x00810000                __eeprom_end = .

.fuse
 *(.fuse)
 *(.lfuse)
 *(.hfuse)
 *(.efuse)

.lock
 *(.lock*)

.signature
 *(.signature*)

.user_signatures
 *(.user_signatures*)

.stab
 *(.stab)

.stabstr
 *(.stabstr)

.stab.excl
 *(.stab.excl)

.stab.exclstr
 *(.stab.exclstr)

.stab.index
 *(.stab.index)

.stab.indexstr
 *(.stab.indexstr)

.comment        0x00000000       0x5c
 *(.comment)
 .comment       0x00000000       0x30 APP/APP.o
                                 0x31 (size before relaxing)
 .comment       0x00000030       0x31 APP/ATM/ATM.o
 .comment       0x00000030       0x31 APP/SERVER/Server.o
 .comment       0x00000030       0x31 HAL/Atmega32a KeyPad/KedPad.o
 .comment       0x00000030       0x31 HAL/Atmega32a KeyPad/KeyPad_Pins.o
 .comment       0x00000030       0x31 HAL/Atmega32a lcd/Lcd-Driver.o
 .comment       0x00000030       0x31 HAL/Atmega32a lcd/LCD_Pins.o
 .comment       0x00000030       0x31 HAL/EEPROM/EEPROM.o
 .comment       0x00000030       0x31 HAL/LED_BUTTONS/But_LED.o
 .comment       0x00000030       0x31 main.o
 .comment       0x00000030       0x31 MCAL/EXTI/HAL_EXIT.o
 .comment       0x00000030       0x31 MCAL/HAL_ADC/HAL_ADC.o
 .comment       0x00000030       0x31 MCAL/HAL_GPIO/HAL_GPIO.o
 .comment       0x00000030       0x31 MCAL/HAL_I2C/HAL_I2C.o
 .comment       0x00000030       0x31 MCAL/HAL_SPI/HAL_SPI.o
 .comment       0x00000030       0x31 MCAL/Timer/TIMER_Interface.o
 .comment       0x00000030       0x31 MCAL/UART/HAL_Uart.o
 .comment       0x00000030       0x31 c:/program files (x86)/atmel/studio/7.0/toolchain/avr8/avr8-gnu-toolchain/bin/../lib/gcc/avr/5.4.0/../../../../avr/lib/avr5\libc.a(iob.o)
 .comment       0x00000030       0x31 c:/program files (x86)/atmel/studio/7.0/toolchain/avr8/avr8-gnu-toolchain/bin/../lib/gcc/avr/5.4.0/../../../../avr/lib/avr5\libc.a(printf.o)
 .comment       0x00000030       0x31 c:/program files (x86)/atmel/studio/7.0/toolchain/avr8/avr8-gnu-toolchain/bin/../lib/gcc/avr/5.4.0/../../../../avr/lib/avr5\libc.a(printf_p.o)
 .comment       0x00000030       0x2c c:/program files (x86)/atmel/studio/7.0/toolchain/avr8/avr8-gnu-toolchain/bin/../lib/gcc/avr/5.4.0/../../../../avr/lib/avr5\libc.a(vfprintf_std.o)
                                 0x2d (size before relaxing)
 .comment       0x0000005c       0x31 c:/program files (x86)/atmel/studio/7.0/toolchain/avr8/avr8-gnu-toolchain/bin/../lib/gcc/avr/5.4.0/../../../../avr/lib/avr5\libc.a(fputc.o)

.note.gnu.avr.deviceinfo
                0x00000000       0x3c
 .note.gnu.avr.deviceinfo
                0x00000000       0x3c C:/Program Files (x86)/Atmel/Studio/7.0/Packs/atmel/ATmega_DFP/1.6.364/gcc/dev/atmega32a/avr5/crtatmega32a.o

.note.gnu.build-id
 *(.note.gnu.build-id)

.debug
 *(.debug)

.line
 *(.line)

.debug_srcinfo
 *(.debug_srcinfo)

.debug_sfnames
 *(.debug_sfnames)

.debug_aranges  0x00000000      0x540
 *(.debug_aranges)
 .debug_aranges
                0x00000000       0x58 APP/APP.o
 .debug_aranges
                0x00000058       0x78 APP/ATM/ATM.o
 .debug_aranges
                0x000000d0       0x78 APP/SERVER/Server.o
 .debug_aranges
                0x00000148       0x28 HAL/Atmega32a KeyPad/KedPad.o
 .debug_aranges
                0x00000170       0x18 HAL/Atmega32a KeyPad/KeyPad_Pins.o
 .debug_aranges
                0x00000188       0x78 HAL/Atmega32a lcd/Lcd-Driver.o
 .debug_aranges
                0x00000200       0x18 HAL/Atmega32a lcd/LCD_Pins.o
 .debug_aranges
                0x00000218       0x40 HAL/EEPROM/EEPROM.o
 .debug_aranges
                0x00000258       0x58 HAL/LED_BUTTONS/But_LED.o
 .debug_aranges
                0x000002b0       0x20 main.o
 .debug_aranges
                0x000002d0       0x60 MCAL/EXTI/HAL_EXIT.o
 .debug_aranges
                0x00000330       0x58 MCAL/HAL_ADC/HAL_ADC.o
 .debug_aranges
                0x00000388       0x60 MCAL/HAL_GPIO/HAL_GPIO.o
 .debug_aranges
                0x000003e8       0x50 MCAL/HAL_I2C/HAL_I2C.o
 .debug_aranges
                0x00000438       0x58 MCAL/HAL_SPI/HAL_SPI.o
 .debug_aranges
                0x00000490       0x70 MCAL/Timer/TIMER_Interface.o
 .debug_aranges
                0x00000500       0x40 MCAL/UART/HAL_Uart.o

.debug_pubnames
 *(.debug_pubnames)

.debug_info     0x00000000     0x6cac
 *(.debug_info .gnu.linkonce.wi.*)
 .debug_info    0x00000000      0x4e6 C:/Program Files (x86)/Atmel/Studio/7.0/Packs/atmel/ATmega_DFP/1.6.364/gcc/dev/atmega32a/avr5/crtatmega32a.o
 .debug_info    0x000004e6     0x11be APP/APP.o
 .debug_info    0x000016a4     0x153f APP/ATM/ATM.o
 .debug_info    0x00002be3      0x951 APP/SERVER/Server.o
 .debug_info    0x00003534      0x350 HAL/Atmega32a KeyPad/KedPad.o
 .debug_info    0x00003884      0x171 HAL/Atmega32a KeyPad/KeyPad_Pins.o
 .debug_info    0x000039f5      0x9ca HAL/Atmega32a lcd/Lcd-Driver.o
 .debug_info    0x000043bf      0x12b HAL/Atmega32a lcd/LCD_Pins.o
 .debug_info    0x000044ea      0x47c HAL/EEPROM/EEPROM.o
 .debug_info    0x00004966      0x4fe HAL/LED_BUTTONS/But_LED.o
 .debug_info    0x00004e64       0xbc main.o
 .debug_info    0x00004f20      0x28d MCAL/EXTI/HAL_EXIT.o
 .debug_info    0x000051ad      0x56f MCAL/HAL_ADC/HAL_ADC.o
 .debug_info    0x0000571c      0x32a MCAL/HAL_GPIO/HAL_GPIO.o
 .debug_info    0x00005a46      0x42b MCAL/HAL_I2C/HAL_I2C.o
 .debug_info    0x00005e71      0x5b2 MCAL/HAL_SPI/HAL_SPI.o
 .debug_info    0x00006423      0x509 MCAL/Timer/TIMER_Interface.o
 .debug_info    0x0000692c      0x380 MCAL/UART/HAL_Uart.o

.debug_abbrev   0x00000000     0x1c85
 *(.debug_abbrev)
 .debug_abbrev  0x00000000      0x4a3 C:/Program Files (x86)/Atmel/Studio/7.0/Packs/atmel/ATmega_DFP/1.6.364/gcc/dev/atmega32a/avr5/crtatmega32a.o
 .debug_abbrev  0x000004a3      0x302 APP/APP.o
 .debug_abbrev  0x000007a5      0x399 APP/ATM/ATM.o
 .debug_abbrev  0x00000b3e      0x15a APP/SERVER/Server.o
 .debug_abbrev  0x00000c98      0x16f HAL/Atmega32a KeyPad/KedPad.o
 .debug_abbrev  0x00000e07       0x8a HAL/Atmega32a KeyPad/KeyPad_Pins.o
 .debug_abbrev  0x00000e91      0x2b2 HAL/Atmega32a lcd/Lcd-Driver.o
 .debug_abbrev  0x00001143       0x8a HAL/Atmega32a lcd/LCD_Pins.o
 .debug_abbrev  0x000011cd      0x11e HAL/EEPROM/EEPROM.o
 .debug_abbrev  0x000012eb      0x140 HAL/LED_BUTTONS/But_LED.o
 .debug_abbrev  0x0000142b       0x68 main.o
 .debug_abbrev  0x00001493       0xde MCAL/EXTI/HAL_EXIT.o
 .debug_abbrev  0x00001571      0x1ab MCAL/HAL_ADC/HAL_ADC.o
 .debug_abbrev  0x0000171c      0x100 MCAL/HAL_GPIO/HAL_GPIO.o
 .debug_abbrev  0x0000181c      0x112 MCAL/HAL_I2C/HAL_I2C.o
 .debug_abbrev  0x0000192e      0x11c MCAL/HAL_SPI/HAL_SPI.o
 .debug_abbrev  0x00001a4a      0x125 MCAL/Timer/TIMER_Interface.o
 .debug_abbrev  0x00001b6f      0x116 MCAL/UART/HAL_Uart.o

.debug_line     0x00000000     0x3d5a
 *(.debug_line .debug_line.* .debug_line_end)
 .debug_line    0x00000000      0x116 C:/Program Files (x86)/Atmel/Studio/7.0/Packs/atmel/ATmega_DFP/1.6.364/gcc/dev/atmega32a/avr5/crtatmega32a.o
 .debug_line    0x00000116      0x56a APP/APP.o
 .debug_line    0x00000680      0xeb7 APP/ATM/ATM.o
 .debug_line    0x00001537      0x392 APP/SERVER/Server.o
 .debug_line    0x000018c9      0x1ea HAL/Atmega32a KeyPad/KedPad.o
 .debug_line    0x00001ab3       0xd9 HAL/Atmega32a KeyPad/KeyPad_Pins.o
 .debug_line    0x00001b8c      0x42c HAL/Atmega32a lcd/Lcd-Driver.o
 .debug_line    0x00001fb8       0xd2 HAL/Atmega32a lcd/LCD_Pins.o
 .debug_line    0x0000208a      0x1fa HAL/EEPROM/EEPROM.o
 .debug_line    0x00002284      0x320 HAL/LED_BUTTONS/But_LED.o
 .debug_line    0x000025a4       0x59 main.o
 .debug_line    0x000025fd      0x1f6 MCAL/EXTI/HAL_EXIT.o
 .debug_line    0x000027f3      0x2d3 MCAL/HAL_ADC/HAL_ADC.o
 .debug_line    0x00002ac6      0x1f4 MCAL/HAL_GPIO/HAL_GPIO.o
 .debug_line    0x00002cba      0x42f MCAL/HAL_I2C/HAL_I2C.o
 .debug_line    0x000030e9      0x38c MCAL/HAL_SPI/HAL_SPI.o
 .debug_line    0x00003475      0x596 MCAL/Timer/TIMER_Interface.o
 .debug_line    0x00003a0b      0x34f MCAL/UART/HAL_Uart.o

.debug_frame    0x00000000     0x1270
 *(.debug_frame)
 .debug_frame   0x00000000      0x130 APP/APP.o
 .debug_frame   0x00000130      0x4c0 APP/ATM/ATM.o
 .debug_frame   0x000005f0      0x1d4 APP/SERVER/Server.o
 .debug_frame   0x000007c4       0x78 HAL/Atmega32a KeyPad/KedPad.o
 .debug_frame   0x0000083c      0x1f0 HAL/Atmega32a lcd/Lcd-Driver.o
 .debug_frame   0x00000a2c       0xec HAL/EEPROM/EEPROM.o
 .debug_frame   0x00000b18      0x120 HAL/LED_BUTTONS/But_LED.o
 .debug_frame   0x00000c38       0x24 main.o
 .debug_frame   0x00000c5c      0x17c MCAL/EXTI/HAL_EXIT.o
 .debug_frame   0x00000dd8       0xf4 MCAL/HAL_ADC/HAL_ADC.o
 .debug_frame   0x00000ecc       0xa4 MCAL/HAL_GPIO/HAL_GPIO.o
 .debug_frame   0x00000f70       0xdc MCAL/HAL_I2C/HAL_I2C.o
 .debug_frame   0x0000104c       0xc8 MCAL/HAL_SPI/HAL_SPI.o
 .debug_frame   0x00001114       0xec MCAL/Timer/TIMER_Interface.o
 .debug_frame   0x00001200       0x70 MCAL/UART/HAL_Uart.o

.debug_str      0x00000000     0x1d65
 *(.debug_str)
 .debug_str     0x00000000      0x196 C:/Program Files (x86)/Atmel/Studio/7.0/Packs/atmel/ATmega_DFP/1.6.364/gcc/dev/atmega32a/avr5/crtatmega32a.o
 .debug_str     0x00000196      0xb08 APP/APP.o
                                0xb8c (size before relaxing)
 .debug_str     0x00000c9e      0x316 APP/ATM/ATM.o
                                0x744 (size before relaxing)
 .debug_str     0x00000fb4      0x102 APP/SERVER/Server.o
                                0x47a (size before relaxing)
 .debug_str     0x000010b6       0x85 HAL/Atmega32a KeyPad/KedPad.o
                                0x2c0 (size before relaxing)
 .debug_str     0x0000113b       0x26 HAL/Atmega32a KeyPad/KeyPad_Pins.o
                                0x208 (size before relaxing)
 .debug_str     0x00001161      0x201 HAL/Atmega32a lcd/Lcd-Driver.o
                                0x49e (size before relaxing)
 .debug_str     0x00001362       0x20 HAL/Atmega32a lcd/LCD_Pins.o
                                0x1ed (size before relaxing)
 .debug_str     0x00001382       0xd6 HAL/EEPROM/EEPROM.o
                                0x2fd (size before relaxing)
 .debug_str     0x00001458      0x138 HAL/LED_BUTTONS/But_LED.o
                                0x36a (size before relaxing)
 .debug_str     0x00001590       0x11 main.o
                                0x18e (size before relaxing)
 .debug_str     0x000015a1       0xad MCAL/EXTI/HAL_EXIT.o
                                0x2f3 (size before relaxing)
 .debug_str     0x0000164e      0x1cb MCAL/HAL_ADC/HAL_ADC.o
                                0x5db (size before relaxing)
 .debug_str     0x00001819       0xff MCAL/HAL_GPIO/HAL_GPIO.o
                                0x317 (size before relaxing)
 .debug_str     0x00001918      0x11c MCAL/HAL_I2C/HAL_I2C.o
                                0x333 (size before relaxing)
 .debug_str     0x00001a34       0xf0 MCAL/HAL_SPI/HAL_SPI.o
                                0x395 (size before relaxing)
 .debug_str     0x00001b24      0x1ca MCAL/Timer/TIMER_Interface.o
                                0x55d (size before relaxing)
 .debug_str     0x00001cee       0x77 MCAL/UART/HAL_Uart.o
                                0x2ca (size before relaxing)

.debug_loc      0x00000000     0x4a6b
 *(.debug_loc)
 .debug_loc     0x00000000      0x396 APP/APP.o
 .debug_loc     0x00000396     0x1277 APP/ATM/ATM.o
 .debug_loc     0x0000160d      0x67b APP/SERVER/Server.o
 .debug_loc     0x00001c88      0x1d9 HAL/Atmega32a KeyPad/KedPad.o
 .debug_loc     0x00001e61      0x9b9 HAL/Atmega32a lcd/Lcd-Driver.o
 .debug_loc     0x0000281a      0x568 HAL/EEPROM/EEPROM.o
 .debug_loc     0x00002d82      0x61b HAL/LED_BUTTONS/But_LED.o
 .debug_loc     0x0000339d      0x2d9 MCAL/EXTI/HAL_EXIT.o
 .debug_loc     0x00003676      0x26d MCAL/HAL_ADC/HAL_ADC.o
 .debug_loc     0x000038e3      0x16b MCAL/HAL_GPIO/HAL_GPIO.o
 .debug_loc     0x00003a4e      0x394 MCAL/HAL_I2C/HAL_I2C.o
 .debug_loc     0x00003de2      0x3b6 MCAL/HAL_SPI/HAL_SPI.o
 .debug_loc     0x00004198      0x4fd MCAL/Timer/TIMER_Interface.o
 .debug_loc     0x00004695      0x3d6 MCAL/UART/HAL_Uart.o

.debug_macinfo
 *(.debug_macinfo)

.debug_weaknames
 *(.debug_weaknames)

.debug_funcnames
 *(.debug_funcnames)

.debug_typenames
 *(.debug_typenames)

.debug_varnames
 *(.debug_varnames)

.debug_pubtypes
 *(.debug_pubtypes)

.debug_ranges   0x00000000      0x470
 *(.debug_ranges)
 .debug_ranges  0x00000000       0x48 APP/APP.o
 .debug_ranges  0x00000048       0x68 APP/ATM/ATM.o
 .debug_ranges  0x000000b0       0x88 APP/SERVER/Server.o
 .debug_ranges  0x00000138       0x18 HAL/Atmega32a KeyPad/KedPad.o
 .debug_ranges  0x00000150       0x68 HAL/Atmega32a lcd/Lcd-Driver.o
 .debug_ranges  0x000001b8       0x30 HAL/EEPROM/EEPROM.o
 .debug_ranges  0x000001e8       0x78 HAL/LED_BUTTONS/But_LED.o
 .debug_ranges  0x00000260       0x10 main.o
 .debug_ranges  0x00000270       0x50 MCAL/EXTI/HAL_EXIT.o
 .debug_ranges  0x000002c0       0x48 MCAL/HAL_ADC/HAL_ADC.o
 .debug_ranges  0x00000308       0x50 MCAL/HAL_GPIO/HAL_GPIO.o
 .debug_ranges  0x00000358       0x40 MCAL/HAL_I2C/HAL_I2C.o
 .debug_ranges  0x00000398       0x48 MCAL/HAL_SPI/HAL_SPI.o
 .debug_ranges  0x000003e0       0x60 MCAL/Timer/TIMER_Interface.o
 .debug_ranges  0x00000440       0x30 MCAL/UART/HAL_Uart.o

.debug_macro
 *(.debug_macro)
OUTPUT(PaymentSystem.elf elf32-avr)
LOAD linker stubs
